<html>
<body>
<pre>
<h1>µVision Build Log</h1>
<h2>Tool Versions:</h2>
IDE-Version: ¦ÌVision V5.36.0.0
Copyright (C) 2021 ARM Ltd and ARM Germany GmbH. All rights reserved.
License Information: DED Think, EEE, LIC=NQQMA-158KE-UHH8H-WTB11-K4DU8-EZSFN
 
Tool Versions:
Toolchain:       MDK-ARM Plus  Version: 5.36.0.0
Toolchain Path:  D:\Keil_v5\ARM\ARMCC\Bin
C Compiler:      Armcc.exe V5.06 update 7 (build 960)
Assembler:       Armasm.exe V5.06 update 7 (build 960)
Linker/Locator:  ArmLink.exe V5.06 update 7 (build 960)
Library Manager: ArmAr.exe V5.06 update 7 (build 960)
Hex Converter:   FromElf.exe V5.06 update 7 (build 960)
CPU DLL:         SARMCM3.DLL V5.36.0.0
Dialog DLL:      DCM.DLL V1.17.3.0
Target DLL:      CMSIS_AGDI.dll V1.33.0.0
Dialog DLL:      TCM.DLL V1.53.0.0
 
<h2>Project:</h2>
F:\µ÷ÊÔ\single_led\bootloader\Projects\MDK-ARM\atk_h743.uvprojx
Project File Date:  01/09/2026

<h2>Output:</h2>
*** Using Compiler 'V5.06 update 7 (build 960)', folder: 'D:\Keil_v5\ARM\ARMCC\Bin'
Build target 'MALLOC'
compiling main.c...
..\..\User\main.c(74): warning:  #550-D: variable "read_addr"  was set but never used
  	unsigned int read_addr = 0, write_addr = 0;
..\..\User\main.c(149): warning:  #550-D: variable "ret"  was set but never used
  	uint8_t ret=0;
..\..\User\main.c: 2 warnings, 0 errors
linking...
Program Size: Code=33494 RO-data=818 RW-data=8316 ZI-data=32057092  
FromELF: creating hex file...
"..\..\Output\atk_h743.axf" - 0 Error(s), 2 Warning(s).

<h2>Software Packages used:</h2>

Package Vendor: Keil
                https://www.keil.com/pack/Keil.STM32H7xx_DFP.4.1.3.pack
                Keil.STM32H7xx_DFP.4.1.3
                STMicroelectronics STM32H7 Series Device Support

<h2>Collection of Component include folders:</h2>

<h2>Collection of Component Files used:</h2>
Build Time Elapsed:  00:00:01
</pre>
</body>
</html>
