Component: ARM Compiler 5.06 update 7 (build 960) Tool: armlink [4d3601]

==============================================================================

Section Cross References

    startup_stm32h743xx.o(STACK) refers (Special) to heapauxi.o(.text) for __use_two_region_memory
    startup_stm32h743xx.o(HEAP) refers (Special) to heapauxi.o(.text) for __use_two_region_memory
    startup_stm32h743xx.o(RESET) refers (Special) to heapauxi.o(.text) for __use_two_region_memory
    startup_stm32h743xx.o(RESET) refers to startup_stm32h743xx.o(STACK) for __initial_sp
    startup_stm32h743xx.o(RESET) refers to startup_stm32h743xx.o(.text) for Reset_Handler
    startup_stm32h743xx.o(RESET) refers to stm32h7xx_it.o(i.NMI_Handler) for NMI_Handler
    startup_stm32h743xx.o(RESET) refers to stm32h7xx_it.o(i.HardFault_Handler) for HardFault_Handler
    startup_stm32h743xx.o(RESET) refers to stm32h7xx_it.o(i.MemManage_Handler) for MemManage_Handler
    startup_stm32h743xx.o(RESET) refers to stm32h7xx_it.o(i.BusFault_Handler) for BusFault_Handler
    startup_stm32h743xx.o(RESET) refers to stm32h7xx_it.o(i.UsageFault_Handler) for UsageFault_Handler
    startup_stm32h743xx.o(RESET) refers to port.o(.emb_text) for SVC_Handler
    startup_stm32h743xx.o(RESET) refers to stm32h7xx_it.o(i.DebugMon_Handler) for DebugMon_Handler
    startup_stm32h743xx.o(RESET) refers to delay.o(i.SysTick_Handler) for SysTick_Handler
    startup_stm32h743xx.o(RESET) refers to usart.o(i.USART1_IRQHandler) for USART1_IRQHandler
    startup_stm32h743xx.o(RESET) refers to ethernet.o(i.ETH_IRQHandler) for ETH_IRQHandler
    startup_stm32h743xx.o(.text) refers (Special) to heapauxi.o(.text) for __use_two_region_memory
    startup_stm32h743xx.o(.text) refers to system_stm32h7xx.o(i.SystemInit) for SystemInit
    startup_stm32h743xx.o(.text) refers to __main.o(!!!main) for __main
    startup_stm32h743xx.o(.text) refers to startup_stm32h743xx.o(HEAP) for Heap_Mem
    startup_stm32h743xx.o(.text) refers to startup_stm32h743xx.o(STACK) for Stack_Mem
    main.o(i.main) refers to sys.o(i.sys_nvic_set_vector_table) for sys_nvic_set_vector_table
    main.o(i.main) refers to mpu.o(i.mpu_memory_protection) for mpu_memory_protection
    main.o(i.main) refers to sys.o(i.sys_cache_enable) for sys_cache_enable
    main.o(i.main) refers to stm32h7xx_hal.o(i.HAL_Init) for HAL_Init
    main.o(i.main) refers to sys.o(i.sys_stm32_clock_init) for sys_stm32_clock_init
    main.o(i.main) refers to delay.o(i.delay_init) for delay_init
    main.o(i.main) refers to usart.o(i.usart_init) for usart_init
    main.o(i.main) refers to __2printf.o(.text) for __2printf
    main.o(i.main) refers to start.o(i.start_system_init_function) for start_system_init_function
    main.o(i.main) refers to freertos_demo.o(i.freertos_demo) for freertos_demo
    system_stm32h7xx.o(i.SystemCoreClockUpdate) refers to system_stm32h7xx.o(.constdata) for D1CorePrescTable
    system_stm32h7xx.o(i.SystemCoreClockUpdate) refers to system_stm32h7xx.o(.data) for SystemD2Clock
    freertos_demo.o(i.freertos_demo) refers to tasks.o(i.xTaskCreate) for xTaskCreate
    freertos_demo.o(i.freertos_demo) refers to tasks.o(i.vTaskStartScheduler) for vTaskStartScheduler
    freertos_demo.o(i.freertos_demo) refers to freertos_demo.o(.data) for StartTask_Handler
    freertos_demo.o(i.freertos_demo) refers to freertos_demo.o(i.start_task) for start_task
    freertos_demo.o(i.led_task) refers to stm32h7xx_hal_gpio.o(i.HAL_GPIO_TogglePin) for HAL_GPIO_TogglePin
    freertos_demo.o(i.led_task) refers to tasks.o(i.vTaskDelay) for vTaskDelay
    freertos_demo.o(i.lwip_demo_task) refers to lwip_demo.o(i.lwip_demo) for lwip_demo
    freertos_demo.o(i.lwip_demo_task) refers to tasks.o(i.vTaskDelay) for vTaskDelay
    freertos_demo.o(i.lwip_test_ui) refers to _printf_percent.o(.ARM.Collect$$_printf_percent$$00000000) for _printf_percent
    freertos_demo.o(i.lwip_test_ui) refers to _printf_d.o(.ARM.Collect$$_printf_percent$$00000009) for _printf_d
    freertos_demo.o(i.lwip_test_ui) refers to _printf_dec.o(.text) for _printf_int_dec
    freertos_demo.o(i.lwip_test_ui) refers to _printf_s.o(.ARM.Collect$$_printf_percent$$00000014) for _printf_s
    freertos_demo.o(i.lwip_test_ui) refers to _printf_str.o(.text) for _printf_str
    freertos_demo.o(i.lwip_test_ui) refers to __2printf.o(.text) for __2printf
    freertos_demo.o(i.lwip_test_ui) refers to __2sprintf.o(.text) for __2sprintf
    freertos_demo.o(i.lwip_test_ui) refers to ethernet.o(i.ethernet_chip_get_speed) for ethernet_chip_get_speed
    freertos_demo.o(i.lwip_test_ui) refers to lwip_comm.o(.bss) for g_lwipdev
    freertos_demo.o(i.start_task) refers to freertos_demo.o(i.lwip_test_ui) for lwip_test_ui
    freertos_demo.o(i.start_task) refers to __2printf.o(.text) for __2printf
    freertos_demo.o(i.start_task) refers to delay.o(i.delay_ms) for delay_ms
    freertos_demo.o(i.start_task) refers to stm32h7xx_hal_gpio.o(i.HAL_GPIO_TogglePin) for HAL_GPIO_TogglePin
[...]
    memp_PBUF_POOL                           0x08038c48   Data          12  memp.o(.constdata)
    memp_pools                               0x08038c54   Data          52  memp.o(.constdata)
    tcp_pcb_lists                            0x08038cc8   Data          16  tcp.o(.constdata)
    lwip_cyclic_timers                       0x08038cd8   Data          24  timeouts.o(.constdata)
    lwip_num_cyclic_timers                   0x08038cf0   Data           4  timeouts.o(.constdata)
    ip_addr_any                              0x08038cf4   Data           4  ip4_addr.o(.constdata)
    ip_addr_broadcast                        0x08038cf8   Data           4  ip4_addr.o(.constdata)
    ethbroadcast                             0x08038cfc   Data           6  ethernet_1.o(.constdata)
    ethzero                                  0x08038d02   Data           6  ethernet_1.o(.constdata)
    memp_RX_POOL                             0x080397f8   Data          12  ethernetif.o(.constdata)
    Region$$Table$$Base                      0x08039970   Number         0  anon$$obj.o(Region$$Table)
    Region$$Table$$Limit                     0x08039990   Number         0  anon$$obj.o(Region$$Table)
    SystemCoreClock                          0x24000000   Data           4  system_stm32h7xx.o(.data)
    SystemD2Clock                            0x24000004   Data           4  system_stm32h7xx.o(.data)
    StartTask_Handler                        0x24000008   Data           4  freertos_demo.o(.data)
    LWIP_Task_Handler                        0x2400000c   Data           4  freertos_demo.o(.data)
    LEDTask_Handler                          0x24000010   Data           4  freertos_demo.o(.data)
    __stdout                                 0x24000018   Data           4  usart.o(.data)
    g_usart_rx_sta                           0x2400001c   Data           2  usart.o(.data)
    g_rx_buffer                              0x2400001e   Data           1  usart.o(.data)
    uwTick                                   0x24000020   Data           4  stm32h7xx_hal.o(.data)
    uwTickPrio                               0x24000024   Data           4  stm32h7xx_hal.o(.data)
    uwTickFreq                               0x24000028   Data           1  stm32h7xx_hal.o(.data)
    PHY_TYPE                                 0x2400002c   Data           4  ethernet_chip.o(.data)
    ETH_CHIP_PHYSCSR                         0x24000030   Data           2  ethernet_chip.o(.data)
    ETH_CHIP_SPEED_STATUS                    0x24000032   Data           2  ethernet_chip.o(.data)
    ETH_CHIP_DUPLEX_STATUS                   0x24000034   Data           2  ethernet_chip.o(.data)
    mallco_dev                               0x2400004c   Data          64  malloc.o(.data)
    lock_tcpip_core                          0x24000098   Data           4  tcpip.o(.data)
    netif_list                               0x240000e0   Data           4  netif.o(.data)
    netif_default                            0x240000e4   Data           4  netif.o(.data)
    tcp_ticks                                0x240000f0   Data           4  tcp.o(.data)
    tcp_bound_pcbs                           0x240000f4   Data           4  tcp.o(.data)
    tcp_listen_pcbs                          0x240000f8   Data           4  tcp.o(.data)
    tcp_active_pcbs                          0x240000fc   Data           4  tcp.o(.data)
    tcp_tw_pcbs                              0x24000100   Data           4  tcp.o(.data)
    tcp_active_pcbs_changed                  0x24000104   Data           1  tcp.o(.data)
    tcp_input_pcb                            0x24000130   Data           4  tcp_in.o(.data)
    udp_pcbs                                 0x24000144   Data           4  udp.o(.data)
    g_rx_semaphore                           0x24000154   Data           4  ethernetif.o(.data)
    ETH_CHIP_IOCtx                           0x24000158   Data          20  ethernetif.o(.data)
    pxCurrentTCB                             0x24000170   Data           4  tasks.o(.data)
    uxTopUsedPriority                        0x240001a8   Data           4  tasks.o(.data)
    g_chipid_t                               0x240001f0   Data          12  start.o(.bss)
    g_usart_rx_buf                           0x240001fc   Data         200  usart.o(.bss)
    g_uart1_handle                           0x240002c4   Data         144  usart.o(.bss)
    g_eth_handler                            0x24000354   Data         136  ethernet.o(.bss)
    ip_data                                  0x24022400   Data          24  ip.o(.bss)
    ram_heap                                 0x24022418   Data       20499  mem.o(.bss)
    memp_memory_UDP_PCB_base                 0x2402742b   Data         131  memp.o(.bss)
    memp_memory_TCP_PCB_base                 0x240274ae   Data         611  memp.o(.bss)
    memp_memory_TCP_PCB_LISTEN_base          0x24027711   Data          59  memp.o(.bss)
    memp_memory_TCP_SEG_base                 0x2402774c   Data        1923  memp.o(.bss)
    memp_memory_REASSDATA_base               0x24027ecf   Data         163  memp.o(.bss)
    memp_memory_FRAG_PBUF_base               0x24027f72   Data         363  memp.o(.bss)
    memp_memory_NETBUF_base                  0x240280dd   Data          35  memp.o(.bss)
    memp_memory_NETCONN_base                 0x24028100   Data         179  memp.o(.bss)
    memp_memory_TCPIP_MSG_API_base           0x240281b3   Data         131  memp.o(.bss)
    memp_memory_TCPIP_MSG_INPKT_base         0x24028236   Data         131  memp.o(.bss)
    memp_memory_SYS_TIMEOUT_base             0x240282b9   Data          99  memp.o(.bss)
    memp_memory_PBUF_base                    0x2402831c   Data         243  memp.o(.bss)
    memp_memory_PBUF_POOL_base               0x2402840f   Data       30643  memp.o(.bss)
    TxConfig                                 0x2402fcc4   Data          52  ethernetif.o(.bss)
    ETHCHIP                                  0x2402fcf8   Data          32  ethernetif.o(.bss)
    memp_memory_RX_POOL_base                 0x2402fd18   Data         203  ethernetif.o(.bss)
    g_lwipdev                                0x2402fde4   Data          28  lwip_comm.o(.bss)
    g_lwip_netif                             0x2402fe00   Data          52  lwip_comm.o(.bss)
    xQueueRegistry                           0x2402fe34   Data          64  queue.o(.bss)
    _random_number_data                      0x24037980   Data         228  rand.o(.bss)
    __libspace_start                         0x24037a64   Data          96  libspace.o(.bss)
    __temporary_stack_top$libspace           0x24037ac4   Data           0  libspace.o(.bss)
    g_eth_dma_rx_dscr_tab                    0x30040000   Data          96  ethernet.o(.ARM.__AT_0x30040000)
    g_eth_dma_tx_dscr_tab                    0x30040060   Data          96  ethernet.o(.ARM.__AT_0x30040060)
    Rx_Buff                                  0x30040200   Data        6112  ethernetif.o(.ARM.__AT_0x30040200)



==============================================================================

Memory Map of the image

  Image Entry point : 0x08020299

  Load Region LR_IROM1 (Base: 0x08020000, Size: 0x00019b80, Max: 0x00200000, ABSOLUTE, COMPRESSED[0x000199f8])

    Execution Region ER_IROM1 (Exec base: 0x08020000, Load base: 0x08020000, Size: 0x00019990, Max: 0x00200000, ABSOLUTE)

    Exec Addr    Load Addr    Size         Type   Attr      Idx    E Section Name        Object

    0x08020000   0x08020000   0x00000298   Data   RO            3    RESET               startup_stm32h743xx.o
    0x08020298   0x08020298   0x00000008   Code   RO        11888  * !!!main             c_w.l(__main.o)
    0x080202a0   0x080202a0   0x00000034   Code   RO        12266    !!!scatter          c_w.l(__scatter.o)
    0x080202d4   0x080202d4   0x0000005a   Code   RO        12264    !!dczerorl2         c_w.l(__dczerorl2.o)
    0x0802032e   0x0802032e   0x00000002   PAD
    0x08020330   0x08020330   0x0000001c   Code   RO        12268    !!handler_zi        c_w.l(__scatter_zi.o)
    0x0802034c   0x0802034c   0x00000000   Code   RO        11848    .ARM.Collect$$_printf_percent$$00000000  c_w.l(_printf_percent.o)
    0x0802034c   0x0802034c   0x00000006   Code   RO        11845    .ARM.Collect$$_printf_percent$$00000009  c_w.l(_printf_d.o)
    0x08020352   0x08020352   0x00000006   Code   RO        11842    .ARM.Collect$$_printf_percent$$00000014  c_w.l(_printf_s.o)
    0x08020358   0x08020358   0x00000004   Code   RO        11956    .ARM.Collect$$_printf_percent$$00000017  c_w.l(_printf_percent_end.o)
    0x0802035c   0x0802035c   0x00000002   Code   RO        12158    .ARM.Collect$$libinit$$00000000  c_w.l(libinit.o)
    0x0802035e   0x0802035e   0x00000004   Code   RO        11974    .ARM.Collect$$libinit$$00000001  c_w.l(libinit2.o)
    0x08020362   0x08020362   0x00000000   Code   RO        11977    .ARM.Collect$$libinit$$00000004  c_w.l(libinit2.o)
    0x08020362   0x08020362   0x00000008   Code   RO        11978    .ARM.Collect$$libinit$$00000005  c_w.l(libinit2.o)
    0x0802036a   0x0802036a   0x00000000   Code   RO        11980    .ARM.Collect$$libinit$$0000000A  c_w.l(libinit2.o)
    0x0802036a   0x0802036a   0x00000000   Code   RO        11982    .ARM.Collect$$libinit$$0000000C  c_w.l(libinit2.o)
    0x0802036a   0x0802036a   0x00000004   Code   RO        11983    .ARM.Collect$$libinit$$0000000D  c_w.l(libinit2.o)
    0x0802036e   0x0802036e   0x00000000   Code   RO        11984    .ARM.Collect$$libinit$$0000000E  c_w.l(libinit2.o)
    0x0802036e   0x0802036e   0x00000000   Code   RO        11987    .ARM.Collect$$libinit$$00000011  c_w.l(libinit2.o)
    0x0802036e   0x0802036e   0x00000000   Code   RO        11989    .ARM.Collect$$libinit$$00000013  c_w.l(libinit2.o)
    0x0802036e   0x0802036e   0x00000000   Code   RO        11991    .ARM.Collect$$libinit$$00000015  c_w.l(libinit2.o)
    0x0802036e   0x0802036e   0x00000000   Code   RO        11993    .ARM.Collect$$libinit$$00000017  c_w.l(libinit2.o)
    0x0802036e   0x0802036e   0x00000000   Code   RO        11995    .ARM.Collect$$libinit$$00000019  c_w.l(libinit2.o)
    0x0802036e   0x0802036e   0x00000000   Code   RO        11997    .ARM.Collect$$libinit$$0000001B  c_w.l(libinit2.o)
    0x0802036e   0x0802036e   0x00000000   Code   RO        11999    .ARM.Collect$$libinit$$0000001D  c_w.l(libinit2.o)
    0x0802036e   0x0802036e   0x00000000   Code   RO        12001    .ARM.Collect$$libinit$$0000001F  c_w.l(libinit2.o)
    0x0802036e   0x0802036e   0x00000000   Code   RO        12003    .ARM.Collect$$libinit$$00000021  c_w.l(libinit2.o)
    0x0802036e   0x0802036e   0x00000000   Code   RO        12005    .ARM.Collect$$libinit$$00000023  c_w.l(libinit2.o)
    0x0802036e   0x0802036e   0x00000000   Code   RO        12007    .ARM.Collect$$libinit$$00000025  c_w.l(libinit2.o)
    0x0802036e   0x0802036e   0x00000000   Code   RO        12011    .ARM.Collect$$libinit$$0000002C  c_w.l(libinit2.o)
    0x0802036e   0x0802036e   0x00000000   Code   RO        12013    .ARM.Collect$$libinit$$0000002E  c_w.l(libinit2.o)
    0x0802036e   0x0802036e   0x00000000   Code   RO        12015    .ARM.Collect$$libinit$$00000030  c_w.l(libinit2.o)
    0x0802036e   0x0802036e   0x00000000   Code   RO        12017    .ARM.Collect$$libinit$$00000032  c_w.l(libinit2.o)
    0x0802036e   0x0802036e   0x00000002   Code   RO        12018    .ARM.Collect$$libinit$$00000033  c_w.l(libinit2.o)
    0x08020370   0x08020370   0x00000002   Code   RO        12255    .ARM.Collect$$libshutdown$$00000000  c_w.l(libshutdown.o)
    0x08020372   0x08020372   0x00000000   Code   RO        12180    .ARM.Collect$$libshutdown$$00000002  c_w.l(libshutdown2.o)
    0x08020372   0x08020372   0x00000000   Code   RO        12182    .ARM.Collect$$libshutdown$$00000004  c_w.l(libshutdown2.o)
    0x08020372   0x08020372   0x00000000   Code   RO        12184    .ARM.Collect$$libshutdown$$00000006  c_w.l(libshutdown2.o)
    0x08020372   0x08020372   0x00000000   Code   RO        12187    .ARM.Collect$$libshutdown$$00000009  c_w.l(libshutdown2.o)
    0x08020372   0x08020372   0x00000000   Code   RO        12190    .ARM.Collect$$libshutdown$$0000000C  c_w.l(libshutdown2.o)
    0x08020372   0x08020372   0x00000000   Code   RO        12192    .ARM.Collect$$libshutdown$$0000000E  c_w.l(libshutdown2.o)
    0x08020372   0x08020372   0x00000000   Code   RO        12195    .ARM.Collect$$libshutdown$$00000011  c_w.l(libshutdown2.o)
    0x08020372   0x08020372   0x00000002   Code   RO        12196    .ARM.Collect$$libshutdown$$00000012  c_w.l(libshutdown2.o)
    0x08020374   0x08020374   0x00000000   Code   RO        11904    .ARM.Collect$$rtentry$$00000000  c_w.l(__rtentry.o)
    0x08020374   0x08020374   0x00000000   Code   RO        12024    .ARM.Collect$$rtentry$$00000002  c_w.l(__rtentry2.o)
    0x08020374   0x08020374   0x00000006   Code   RO        12036    .ARM.Collect$$rtentry$$00000004  c_w.l(__rtentry4.o)
    0x0802037a   0x0802037a   0x00000000   Code   RO        12026    .ARM.Collect$$rtentry$$00000009  c_w.l(__rtentry2.o)
    0x0802037a   0x0802037a   0x00000004   Code   RO        12027    .ARM.Collect$$rtentry$$0000000A  c_w.l(__rtentry2.o)
    0x0802037e   0x0802037e   0x00000000   Code   RO        12029    .ARM.Collect$$rtentry$$0000000C  c_w.l(__rtentry2.o)
    0x0802037e   0x0802037e   0x00000008   Code   RO        12030    .ARM.Collect$$rtentry$$0000000D  c_w.l(__rtentry2.o)
    0x08020386   0x08020386   0x00000002   Code   RO        12165    .ARM.Collect$$rtexit$$00000000  c_w.l(rtexit.o)
    0x08020388   0x08020388   0x00000000   Code   RO        12214    .ARM.Collect$$rtexit$$00000002  c_w.l(rtexit2.o)
    0x08020388   0x08020388   0x00000004   Code   RO        12215    .ARM.Collect$$rtexit$$00000003  c_w.l(rtexit2.o)
    0x0802038c   0x0802038c   0x00000006   Code   RO        12216    .ARM.Collect$$rtexit$$00000004  c_w.l(rtexit2.o)
    0x08020392   0x08020392   0x00000002   PAD
    0x08020394   0x08020394   0x000000c2   Code   RO        11620    .emb_text           port.o
    0x08020456   0x08020456   0x00000002   PAD
    0x08020458   0x08020458   0x00000034   Code   RO        11853    .emb_text           c_w.l(rand.o)
    0x0802048c   0x0802048c   0x00000000   Code   RO        12042    .emb_text           c_w.l(maybetermalloc1.o)
    0x0802048c   0x0802048c   0x00000050   Code   RO            4    .text               startup_stm32h743xx.o
    0x080204dc   0x080204dc   0x00000002   Code   RO        11708    .text               c_w.l(use_no_semi_2.o)
    0x080204de   0x080204de   0x0000005e   Code   RO        11718    .text               c_w.l(h1_alloc.o)
    0x0802053c   0x0802053c   0x0000004e   Code   RO        11720    .text               c_w.l(h1_free.o)
    0x0802058a   0x0802058a   0x000000b8   Code   RO        11722    .text               c_w.l(h1_realloc.o)
    0x08020642   0x08020642   0x000000ee   Code   RO        11780    .text               c_w.l(lludivv7m.o)
    0x08020730   0x08020730   0x00000018   Code   RO        11784    .text               c_w.l(__2printf.o)
    0x08020748   0x08020748   0x0000002c   Code   RO        11786    .text               c_w.l(__2sprintf.o)
    0x08020774   0x08020774   0x00000052   Code   RO        11796    .text               c_w.l(_printf_str.o)
    0x080207c6   0x080207c6   0x00000002   PAD
    0x080207c8   0x080207c8   0x00000078   Code   RO        11798    .text               c_w.l(_printf_dec.o)
    0x08020840   0x08020840   0x00000138   Code   RO        11833    .text               c_w.l(__printf_flags_wp.o)
    0x08020978   0x08020978   0x0000003c   Code   RO        11854    .text               c_w.l(rand.o)
    0x080209b4   0x080209b4   0x00000024   Code   RO        11858    .text               c_w.l(strstr.o)
    0x080209d8   0x080209d8   0x00000058   Code   RO        11860    .text               c_w.l(memcmp.o)
    0x08020a30   0x08020a30   0x0000003e   Code   RO        11864    .text               c_w.l(strlen.o)
    0x08020a6e   0x08020a6e   0x0000008a   Code   RO        11870    .text               c_w.l(rt_memcpy_v6.o)
    0x08020af8   0x08020af8   0x00000064   Code   RO        11874    .text               c_w.l(rt_memcpy_w.o)
    0x08020b5c   0x08020b5c   0x00000010   Code   RO        11878    .text               c_w.l(aeabi_memset.o)
    0x08020b6c   0x08020b6c   0x00000044   Code   RO        11880    .text               c_w.l(rt_memclr.o)
    0x08020bb0   0x08020bb0   0x0000004e   Code   RO        11882    .text               c_w.l(rt_memclr_w.o)
    0x08020bfe   0x08020bfe   0x00000006   Code   RO        11886    .text               c_w.l(heapauxi.o)
    0x08020c04   0x08020c04   0x00000002   Code   RO        11900    .text               c_w.l(use_no_semi.o)
    0x08020c06   0x08020c06   0x00000002   PAD
    0x08020c08   0x08020c08   0x00000008   Code   RO        11912    .text               c_w.l(rt_heap_descriptor_intlibspace.o)
    0x08020c10   0x08020c10   0x00000004   Code   RO        11924    .text               c_w.l(hguard.o)
    0x08020c14   0x08020c14   0x0000008a   Code   RO        11926    .text               c_w.l(init_alloc.o)
    0x08020c9e   0x08020c9e   0x0000000e   Code   RO        11930    .text               c_w.l(h1_init.o)
    0x08020cac   0x08020cac   0x000000b2   Code   RO        11944    .text               c_w.l(_printf_intcommon.o)
    0x08020d5e   0x08020d5e   0x00000002   PAD
    0x08020d60   0x08020d60   0x00000030   Code   RO        11948    .text               c_w.l(_printf_char_common.o)
    0x08020d90   0x08020d90   0x0000000a   Code   RO        11950    .text               c_w.l(_sputc.o)
    0x08020d9a   0x08020d9a   0x0000002c   Code   RO        11952    .text               c_w.l(_printf_char.o)
    0x08020dc6   0x08020dc6   0x00000002   PAD
    0x08020dc8   0x08020dc8   0x00000024   Code   RO        11954    .text               c_w.l(_printf_char_file.o)
    0x08020dec   0x08020dec   0x00000008   Code   RO        12020    .text               c_w.l(libspace.o)
    0x08020df4   0x08020df4   0x00000034   Code   RO        12044    .text               c_w.l(h1_extend.o)
    0x08020e28   0x08020e28   0x00000008   Code   RO        12085    .text               c_w.l(ferror.o)
    0x08020e30   0x08020e30   0x0000000e   Code   RO        12092    .text               c_w.l(defsig_rtmem_outer.o)
    0x08020e3e   0x08020e3e   0x0000004a   Code   RO        12125    .text               c_w.l(sys_stackheap_outer.o)
    0x08020e88   0x08020e88   0x00000012   Code   RO        12139    .text               c_w.l(exit.o)
    0x08020e9a   0x08020e9a   0x0000000a   Code   RO        12141    .text               c_w.l(defsig_exit.o)
    0x08020ea4   0x08020ea4   0x00000050   Code   RO        12147    .text               c_w.l(defsig_rtmem_inner.o)
    0x08020ef4   0x08020ef4   0x00000032   Code   RO        12175    .text               c_w.l(defsig_general.o)
    0x08020f26   0x08020f26   0x00000004   Code   RO          568    i.BusFault_Handler  stm32h7xx_it.o
    0x08020f2a   0x08020f2a   0x00000002   Code   RO          569    i.DebugMon_Handler  stm32h7xx_it.o
    0x08020f2c   0x08020f2c   0x00000060   Code   RO         5271    i.ETH_DMARxDescListInit  stm32h7xx_hal_eth.o
    0x08020f8c   0x08020f8c   0x00000052   Code   RO         5272    i.ETH_DMATxDescListInit  stm32h7xx_hal_eth.o
    0x08020fde   0x08020fde   0x00000002   PAD
    0x08020fe0   0x08020fe0   0x00000010   Code   RO         5875    i.ETH_IRQHandler    ethernet.o
    0x08020ff0   0x08020ff0   0x00000106   Code   RO         5273    i.ETH_MACDMAConfig  stm32h7xx_hal_eth.o
    0x080210f6   0x080210f6   0x00000002   PAD
    0x080210f8   0x080210f8   0x00000078   Code   RO         5274    i.ETH_MAC_MDIO_ClkConfig  stm32h7xx_hal_eth.o
    0x08021170   0x08021170   0x00000004   Code   RO        10015    i.ETH_PHY_IO_DeInit  ethernetif.o
    0x08021174   0x08021174   0x00000008   Code   RO        10016    i.ETH_PHY_IO_GetTick  ethernetif.o
    0x0802117c   0x0802117c   0x00000010   Code   RO        10017    i.ETH_PHY_IO_Init   ethernetif.o
    0x0802118c   0x0802118c   0x00000024   Code   RO        10018    i.ETH_PHY_IO_ReadReg  ethernetif.o
    0x080211b0   0x080211b0   0x00000024   Code   RO        10019    i.ETH_PHY_IO_WriteReg  ethernetif.o
    0x080211d4   0x080211d4   0x00000380   Code   RO         5275    i.ETH_Prepare_Tx_Descriptors  stm32h7xx_hal_eth.o
    0x08021554   0x08021554   0x000000bc   Code   RO         5276    i.ETH_SetDMAConfig  stm32h7xx_hal_eth.o
    0x08021610   0x08021610   0x00000194   Code   RO         5277    i.ETH_SetMACConfig  stm32h7xx_hal_eth.o
    0x080217a4   0x080217a4   0x000004dc   Code   RO         1784    i.HAL_DMA_Abort     stm32h7xx_hal_dma.o
    0x08021c80   0x08021c80   0x00000398   Code   RO         1785    i.HAL_DMA_Abort_IT  stm32h7xx_hal_dma.o
    0x08022018   0x08022018   0x00000082   Code   RO         5278    i.HAL_ETH_BuildRxDescriptors  stm32h7xx_hal_eth.o
    0x0802209a   0x0802209a   0x00000002   Code   RO         5279    i.HAL_ETH_DMAErrorCallback  stm32h7xx_hal_eth.o
    0x0802209c   0x0802209c   0x00000040   Code   RO         5281    i.HAL_ETH_DescAssignMemory  stm32h7xx_hal_eth.o
    0x080220dc   0x080220dc   0x00000002   Code   RO         5282    i.HAL_ETH_EEECallback  stm32h7xx_hal_eth.o
    0x080220de   0x080220de   0x000001d6   Code   RO         5288    i.HAL_ETH_GetMACConfig  stm32h7xx_hal_eth.o
    0x080222b4   0x080222b4   0x000000c0   Code   RO         5292    i.HAL_ETH_GetRxDataBuffer  stm32h7xx_hal_eth.o
    0x08022374   0x08022374   0x00000040   Code   RO         5294    i.HAL_ETH_GetRxDataLength  stm32h7xx_hal_eth.o
    0x080223b4   0x080223b4   0x0000019c   Code   RO         5296    i.HAL_ETH_IRQHandler  stm32h7xx_hal_eth.o
    0x08022550   0x08022550   0x00000150   Code   RO         5297    i.HAL_ETH_Init      stm32h7xx_hal_eth.o
    0x080226a0   0x080226a0   0x00000112   Code   RO         5298    i.HAL_ETH_IsRxDataAvailable  stm32h7xx_hal_eth.o
    0x080227b2   0x080227b2   0x00000002   Code   RO         5299    i.HAL_ETH_MACErrorCallback  stm32h7xx_hal_eth.o
    0x080227b4   0x080227b4   0x000002e8   Code   RO         5876    i.HAL_ETH_MspInit   ethernet.o
    0x08022a9c   0x08022a9c   0x00000002   Code   RO         5302    i.HAL_ETH_PMTCallback  stm32h7xx_hal_eth.o
    0x08022a9e   0x08022a9e   0x00000078   Code   RO         5303    i.HAL_ETH_ReadPHYRegister  stm32h7xx_hal_eth.o
    0x08022b16   0x08022b16   0x00000002   PAD
    0x08022b18   0x08022b18   0x00000038   Code   RO        10020    i.HAL_ETH_RxCpltCallback  ethernetif.o
    0x08022b50   0x08022b50   0x00000022   Code   RO         5307    i.HAL_ETH_SetMACConfig  stm32h7xx_hal_eth.o
    0x08022b72   0x08022b72   0x00000002   PAD
    0x08022b74   0x08022b74   0x00000078   Code   RO         5309    i.HAL_ETH_SetMDIOClockRange  stm32h7xx_hal_eth.o
    0x08022bec   0x08022bec   0x0000008c   Code   RO         5313    i.HAL_ETH_Start     stm32h7xx_hal_eth.o
    0x08022c78   0x08022c78   0x000000c6   Code   RO         5314    i.HAL_ETH_Start_IT  stm32h7xx_hal_eth.o
    0x08022d3e   0x08022d3e   0x000000ac   Code   RO         5316    i.HAL_ETH_Stop_IT   stm32h7xx_hal_eth.o
    0x08022dea   0x08022dea   0x000000d2   Code   RO         5317    i.HAL_ETH_Transmit  stm32h7xx_hal_eth.o
    0x08022ebc   0x08022ebc   0x00000002   Code   RO         5319    i.HAL_ETH_TxCpltCallback  stm32h7xx_hal_eth.o
    0x08022ebe   0x08022ebe   0x00000002   Code   RO         5320    i.HAL_ETH_WakeUpCallback  stm32h7xx_hal_eth.o
    0x08022ec0   0x08022ec0   0x00000080   Code   RO         5321    i.HAL_ETH_WritePHYRegister  stm32h7xx_hal_eth.o
    0x08022f40   0x08022f40   0x00000014   Code   RO         1335    i.HAL_EnableCompensationCell  stm32h7xx_hal.o
    0x08022f54   0x08022f54   0x000001fc   Code   RO         1969    i.HAL_GPIO_Init     stm32h7xx_hal_gpio.o
    0x08023150   0x08023150   0x00000014   Code   RO         1972    i.HAL_GPIO_TogglePin  stm32h7xx_hal_gpio.o
    0x08023164   0x08023164   0x0000000c   Code   RO         1973    i.HAL_GPIO_WritePin  stm32h7xx_hal_gpio.o
    0x08023170   0x08023170   0x0000000c   Code   RO         1339    i.HAL_GetREVID      stm32h7xx_hal.o
    0x0802317c   0x0802317c   0x0000000c   Code   RO         1340    i.HAL_GetTick       stm32h7xx_hal.o
    0x08023188   0x08023188   0x00000018   Code   RO         1346    i.HAL_IncTick       stm32h7xx_hal.o
    0x080231a0   0x080231a0   0x00000060   Code   RO         1347    i.HAL_Init          stm32h7xx_hal.o
    0x08023200   0x08023200   0x00000058   Code   RO         1348    i.HAL_InitTick      stm32h7xx_hal.o
    0x08023258   0x08023258   0x0000005c   Code   RO         1634    i.HAL_MPU_ConfigRegion  stm32h7xx_hal_cortex.o
    0x080232b4   0x080232b4   0x0000002c   Code   RO         1635    i.HAL_MPU_Disable   stm32h7xx_hal_cortex.o
    0x080232e0   0x080232e0   0x00000040   Code   RO         1636    i.HAL_MPU_Enable    stm32h7xx_hal_cortex.o
    0x08023320   0x08023320   0x00000002   Code   RO         1350    i.HAL_MspInit       stm32h7xx_hal.o
    0x08023322   0x08023322   0x00000028   Code   RO         1639    i.HAL_NVIC_EnableIRQ  stm32h7xx_hal_cortex.o
    0x0802334a   0x0802334a   0x0000007a   Code   RO         1645    i.HAL_NVIC_SetPriority  stm32h7xx_hal_cortex.o
    0x080233c4   0x080233c4   0x00000028   Code   RO         1646    i.HAL_NVIC_SetPriorityGrouping  stm32h7xx_hal_cortex.o
    0x080233ec   0x080233ec   0x00000014   Code   RO         2174    i.HAL_PWREx_EnableUSBVoltageDetector  stm32h7xx_hal_pwr_ex.o
    0x08023400   0x08023400   0x00000024   Code   RO         2526    i.HAL_RCCEx_GetD3PCLK1Freq  stm32h7xx_hal_rcc_ex.o
    0x08023424   0x08023424   0x00000230   Code   RO         2528    i.HAL_RCCEx_GetPLL2ClockFreq  stm32h7xx_hal_rcc_ex.o
    0x08023654   0x08023654   0x00000230   Code   RO         2529    i.HAL_RCCEx_GetPLL3ClockFreq  stm32h7xx_hal_rcc_ex.o
    0x08023884   0x08023884   0x00000320   Code   RO         2411    i.HAL_RCC_ClockConfig  stm32h7xx_hal_rcc.o
    0x08023ba4   0x08023ba4   0x0000004c   Code   RO         2416    i.HAL_RCC_GetHCLKFreq  stm32h7xx_hal_rcc.o
    0x08023bf0   0x08023bf0   0x00000024   Code   RO         2418    i.HAL_RCC_GetPCLK1Freq  stm32h7xx_hal_rcc.o
    0x08023c14   0x08023c14   0x00000024   Code   RO         2419    i.HAL_RCC_GetPCLK2Freq  stm32h7xx_hal_rcc.o
    0x08023c38   0x08023c38   0x0000022c   Code   RO         2420    i.HAL_RCC_GetSysClockFreq  stm32h7xx_hal_rcc.o
    0x08023e64   0x08023e64   0x00000808   Code   RO         2423    i.HAL_RCC_OscConfig  stm32h7xx_hal_rcc.o
    0x0802466c   0x0802466c   0x00000014   Code   RO         1359    i.HAL_SYSCFG_ETHInterfaceSelect  stm32h7xx_hal.o
    0x08024680   0x08024680   0x00000028   Code   RO         1648    i.HAL_SYSTICK_CLKSourceConfig  stm32h7xx_hal_cortex.o
    0x080246a8   0x080246a8   0x00000034   Code   RO         1650    i.HAL_SYSTICK_Config  stm32h7xx_hal_cortex.o
    0x080246dc   0x080246dc   0x00000002   Code   RO         2705    i.HAL_UARTEx_RxEventCallback  stm32h7xx_hal_uart.o
    0x080246de   0x080246de   0x00000002   Code   RO         3128    i.HAL_UARTEx_RxFifoFullCallback  stm32h7xx_hal_uart_ex.o
    0x080246e0   0x080246e0   0x00000002   Code   RO         3132    i.HAL_UARTEx_TxFifoEmptyCallback  stm32h7xx_hal_uart_ex.o
    0x080246e2   0x080246e2   0x00000002   Code   RO         3133    i.HAL_UARTEx_WakeupCallback  stm32h7xx_hal_uart_ex.o
    0x080246e4   0x080246e4   0x00000002   Code   RO         2721    i.HAL_UART_ErrorCallback  stm32h7xx_hal_uart.o
    0x080246e6   0x080246e6   0x00000002   PAD
    0x080246e8   0x080246e8   0x00000458   Code   RO         2724    i.HAL_UART_IRQHandler  stm32h7xx_hal_uart.o
    0x08024b40   0x08024b40   0x00000078   Code   RO         2725    i.HAL_UART_Init     stm32h7xx_hal_uart.o
    0x08024bb8   0x08024bb8   0x000000c0   Code   RO         1244    i.HAL_UART_MspInit  usart.o
    0x08024c78   0x08024c78   0x00000074   Code   RO         2730    i.HAL_UART_Receive_IT  stm32h7xx_hal_uart.o
    0x08024cec   0x08024cec   0x0000009c   Code   RO         1245    i.HAL_UART_RxCpltCallback  usart.o
    0x08024d88   0x08024d88   0x00000002   Code   RO         2737    i.HAL_UART_TxCpltCallback  stm32h7xx_hal_uart.o
    0x08024d8a   0x08024d8a   0x00000004   Code   RO          570    i.HardFault_Handler  stm32h7xx_it.o
    0x08024d8e   0x08024d8e   0x00000004   Code   RO          571    i.MemManage_Handler  stm32h7xx_it.o
    0x08024d92   0x08024d92   0x00000002   PAD
    0x08024d94   0x08024d94   0x00000054   Code   RO         5877    i.NETMPU_Config     ethernet.o
    0x08024de8   0x08024de8   0x00000004   Code   RO          572    i.NMI_Handler       stm32h7xx_it.o
    0x08024dec   0x08024dec   0x00000014   Code   RO         1121    i.SysTick_Handler   delay.o
    0x08024e00   0x08024e00   0x000000fc   Code   RO          852    i.SystemInit        system_stm32h7xx.o
    0x08024efc   0x08024efc   0x000000f8   Code   RO         2739    i.UART_AdvFeatureConfig  stm32h7xx_hal_uart.o
    0x08024ff4   0x08024ff4   0x00000076   Code   RO         2740    i.UART_CheckIdleState  stm32h7xx_hal_uart.o
    0x0802506a   0x0802506a   0x00000018   Code   RO         2741    i.UART_DMAAbortOnError  stm32h7xx_hal_uart.o
    0x08025082   0x08025082   0x00000002   PAD
    0x08025084   0x08025084   0x0000006c   Code   RO         2751    i.UART_EndRxTransfer  stm32h7xx_hal_uart.o
    0x080250f0   0x080250f0   0x00000030   Code   RO         2752    i.UART_EndTransmit_IT  stm32h7xx_hal_uart.o
    0x08025120   0x08025120   0x000000d2   Code   RO         2754    i.UART_RxISR_16BIT  stm32h7xx_hal_uart.o
    0x080251f2   0x080251f2   0x00000002   PAD
    0x080251f4   0x080251f4   0x000001c8   Code   RO         2755    i.UART_RxISR_16BIT_FIFOEN  stm32h7xx_hal_uart.o
    0x080253bc   0x080253bc   0x000000ce   Code   RO         2756    i.UART_RxISR_8BIT   stm32h7xx_hal_uart.o
    0x0802548a   0x0802548a   0x00000002   PAD
    0x0802548c   0x0802548c   0x000001c8   Code   RO         2757    i.UART_RxISR_8BIT_FIFOEN  stm32h7xx_hal_uart.o
    0x08025654   0x08025654   0x0000058c   Code   RO         2758    i.UART_SetConfig    stm32h7xx_hal_uart.o
    0x08025be0   0x08025be0   0x00000170   Code   RO         2760    i.UART_Start_Receive_IT  stm32h7xx_hal_uart.o
    0x08025d50   0x08025d50   0x000000fe   Code   RO         2765    i.UART_WaitOnFlagUntilTimeout  stm32h7xx_hal_uart.o
    0x08025e4e   0x08025e4e   0x00000002   PAD
    0x08025e50   0x08025e50   0x00000010   Code   RO         1246    i.USART1_IRQHandler  usart.o
    0x08025e60   0x08025e60   0x00000004   Code   RO          573    i.UsageFault_Handler  stm32h7xx_it.o
    0x08025e64   0x08025e64   0x00000010   Code   RO         1652    i.__NVIC_GetPriorityGrouping  stm32h7xx_hal_cortex.o
    0x08025e74   0x08025e74   0x00000028   Code   RO         1653    i.__NVIC_SetPriority  stm32h7xx_hal_cortex.o
    0x08025e9c   0x08025e9c   0x0000000e   Code   RO        11831    i._is_digit         c_w.l(__printf_wp.o)
    0x08025eaa   0x08025eaa   0x00000004   Code   RO         1248    i._sys_exit         usart.o
    0x08025eae   0x08025eae   0x00000004   Code   RO         1249    i._ttywrch          usart.o
    0x08025eb2   0x08025eb2   0x00000002   PAD
    0x08025eb4   0x08025eb4   0x00000190   Code   RO         7280    i.accept_function   api_msg.o
    0x08026044   0x08026044   0x000000b4   Code   RO         1072    i.bsp_InitLed       bsp_led.o
    0x080260f8   0x080260f8   0x00000064   Code   RO         6262    i.cJSON_InitHooks   cjson.o
    0x0802615c   0x0802615c   0x00000038   Code   RO         1122    i.delay_init        delay.o
    0x08026194   0x08026194   0x00000018   Code   RO         1123    i.delay_ms          delay.o
    0x080261ac   0x080261ac   0x00000048   Code   RO         1124    i.delay_us          delay.o
    0x080261f4   0x080261f4   0x000000b4   Code   RO         8372    i.do_memp_free_pool  memp.o
    0x080262a8   0x080262a8   0x000000c0   Code   RO         8373    i.do_memp_malloc_pool  memp.o
    0x08026368   0x08026368   0x00000200   Code   RO         7281    i.err_tcp           api_msg.o
    0x08026568   0x08026568   0x00000070   Code   RO         6015    i.eth_chip_get_link_state  ethernet_chip.o
    0x080265d8   0x080265d8   0x0000018c   Code   RO         6016    i.eth_chip_init     ethernet_chip.o
    0x08026764   0x08026764   0x0000002e   Code   RO         6017    i.eth_chip_regster_bus_io  ethernet_chip.o
    0x08026792   0x08026792   0x0000003a   Code   RO         6019    i.eth_chip_start_auto_nego  ethernet_chip.o
    0x080267cc   0x080267cc   0x00000038   Code   RO         9618    i.etharp_cleanup_netif  etharp.o
    0x08026804   0x08026804   0x000002f8   Code   RO         9620    i.etharp_find_entry  etharp.o
    0x08026afc   0x08026afc   0x00000040   Code   RO         9621    i.etharp_free_entry  etharp.o
    0x08026b3c   0x08026b3c   0x000000b6   Code   RO         9623    i.etharp_input      etharp.o
    0x08026bf2   0x08026bf2   0x00000002   PAD
    0x08026bf4   0x08026bf4   0x00000218   Code   RO         9624    i.etharp_output     etharp.o
    0x08026e0c   0x08026e0c   0x00000160   Code   RO         9625    i.etharp_output_to_arp_index  etharp.o
    0x08026f6c   0x08026f6c   0x000002c4   Code   RO         9626    i.etharp_query      etharp.o
    0x08027230   0x08027230   0x00000180   Code   RO         9627    i.etharp_raw        etharp.o
    0x080273b0   0x080273b0   0x00000018   Code   RO         9628    i.etharp_request    etharp.o
    0x080273c8   0x080273c8   0x0000002c   Code   RO         9629    i.etharp_request_dst  etharp.o
    0x080273f4   0x080273f4   0x000000dc   Code   RO         9630    i.etharp_tmr        etharp.o
    0x080274d0   0x080274d0   0x00000154   Code   RO         9631    i.etharp_update_arp_entry  etharp.o
    0x08027624   0x08027624   0x0000007c   Code   RO         5878    i.ethernet_chip_get_speed  ethernet.o
    0x080276a0   0x080276a0   0x00000078   Code   RO         5879    i.ethernet_init     ethernet.o
    0x08027718   0x08027718   0x000000c4   Code   RO         9918    i.ethernet_input    ethernet_1.o
    0x080277dc   0x080277dc   0x000000f8   Code   RO         9919    i.ethernet_output   ethernet_1.o
    0x080278d4   0x080278d4   0x00000018   Code   RO         5880    i.ethernet_read_phy  ethernet.o
    0x080278ec   0x080278ec   0x000000a8   Code   RO        10021    i.ethernetif_init   ethernetif.o
    0x08027994   0x08027994   0x00000040   Code   RO        10022    i.ethernetif_input  ethernetif.o
    0x080279d4   0x080279d4   0x0000001c   Code   RO         1250    i.fputc             usart.o
    0x080279f0   0x080279f0   0x00000034   Code   RO          888    i.freertos_demo     freertos_demo.o
    0x08027a24   0x08027a24   0x00000012   Code   RO         9712    i.icmp_dest_unreach  icmp.o
    0x08027a36   0x08027a36   0x00000002   PAD
    0x08027a38   0x08027a38   0x00000274   Code   RO         9713    i.icmp_input        icmp.o
    0x08027cac   0x08027cac   0x00000124   Code   RO         9714    i.icmp_send_response  icmp.o
    0x08027dd0   0x08027dd0   0x00000012   Code   RO         9715    i.icmp_time_exceeded  icmp.o
    0x08027de2   0x08027de2   0x00000056   Code   RO         8162    i.inet_chksum_pbuf  inet_chksum.o
    0x08027e38   0x08027e38   0x0000004e   Code   RO         9793    i.ip4_addr_isbroadcast_u32  ip4_addr.o
    0x08027e86   0x08027e86   0x00000002   PAD
    0x08027e88   0x08027e88   0x00000294   Code   RO         9849    i.ip4_frag          ip4_frag.o
    0x0802811c   0x0802811c   0x0000019c   Code   RO         9750    i.ip4_input         ip4.o
    0x080282b8   0x080282b8   0x00000034   Code   RO         9751    i.ip4_input_accept  ip4.o
    0x080282ec   0x080282ec   0x00000036   Code   RO         9753    i.ip4_output_if     ip4.o
    0x08028322   0x08028322   0x00000002   PAD
    0x08028324   0x08028324   0x00000194   Code   RO         9754    i.ip4_output_if_src  ip4.o
    0x080284b8   0x080284b8   0x000002f0   Code   RO         9850    i.ip4_reass         ip4_frag.o
    0x080287a8   0x080287a8   0x00000094   Code   RO         9755    i.ip4_route         ip4.o
    0x0802883c   0x0802883c   0x0000000a   Code   RO         9851    i.ip_frag_alloc_pbuf_custom_ref  ip4_frag.o
    0x08028846   0x08028846   0x00000002   PAD
    0x08028848   0x08028848   0x0000008c   Code   RO         9852    i.ip_frag_free_pbuf_custom_ref  ip4_frag.o
    0x080288d4   0x080288d4   0x000002f4   Code   RO         9853    i.ip_reass_chain_frag_into_datagram_and_validate  ip4_frag.o
    0x08028bc8   0x08028bc8   0x000000b8   Code   RO         9854    i.ip_reass_dequeue_datagram  ip4_frag.o
    0x08028c80   0x08028c80   0x00000054   Code   RO         9855    i.ip_reass_enqueue_new_datagram  ip4_frag.o
    0x08028cd4   0x08028cd4   0x000001d4   Code   RO         9856    i.ip_reass_free_complete_datagram  ip4_frag.o
    0x08028ea8   0x08028ea8   0x00000088   Code   RO         9857    i.ip_reass_remove_oldest_datagram  ip4_frag.o
    0x08028f30   0x08028f30   0x00000034   Code   RO         9858    i.ip_reass_tmr      ip4_frag.o
    0x08028f64   0x08028f64   0x000000bc   Code   RO         9859    i.ipfrag_free_pbuf_custom  ip4_frag.o
    0x08029020   0x08029020   0x00000002   Code   RO         1040    i.iwdg_init         bsp_iwdg.o
    0x08029022   0x08029022   0x00000002   PAD
    0x08029024   0x08029024   0x0000001c   Code   RO          889    i.led_task          freertos_demo.o
    0x08029040   0x08029040   0x0000002c   Code   RO         1075    i.led_test          bsp_led.o
    0x0802906c   0x0802906c   0x000001e4   Code   RO        10023    i.low_level_init    ethernetif.o
    0x08029250   0x08029250   0x000000e8   Code   RO        10024    i.low_level_input   ethernetif.o
    0x08029338   0x08029338   0x00000090   Code   RO        10025    i.low_level_output  ethernetif.o
    0x080293c8   0x080293c8   0x0000005a   Code   RO        10128    i.lwip_comm_default_ip_set  lwip_comm.o
    0x08029422   0x08029422   0x00000002   PAD
    0x08029424   0x08029424   0x0000034c   Code   RO        10129    i.lwip_comm_init    lwip_comm.o
    0x08029770   0x08029770   0x00000050   Code   RO         9409    i.lwip_cyclic_timer  timeouts.o
    0x080297c0   0x080297c0   0x00000022   Code   RO         9945    i.lwip_data_locate  lwip_demo.o
    0x080297e2   0x080297e2   0x00000002   PAD
    0x080297e4   0x080297e4   0x00000050   Code   RO         9946    i.lwip_demo         lwip_demo.o
    0x08029834   0x08029834   0x00000010   Code   RO          890    i.lwip_demo_task    freertos_demo.o
    0x08029844   0x08029844   0x0000001a   Code   RO         8113    i.lwip_htonl        def.o
    0x0802985e   0x0802985e   0x0000000c   Code   RO         8114    i.lwip_htons        def.o
    0x0802986a   0x0802986a   0x00000002   PAD
    0x0802986c   0x0802986c   0x00000098   Code   RO         8222    i.lwip_init         init.o
    0x08029904   0x08029904   0x0000006c   Code   RO        10130    i.lwip_link_status_updated  lwip_comm.o
    0x08029970   0x08029970   0x00000078   Code   RO        10131    i.lwip_link_thread  lwip_comm.o
    0x080299e8   0x080299e8   0x0000004c   Code   RO         7282    i.lwip_netconn_do_bind  api_msg.o
    0x08029a34   0x08029a34   0x00000154   Code   RO         7284    i.lwip_netconn_do_close  api_msg.o
    0x08029b88   0x08029b88   0x00000354   Code   RO         7285    i.lwip_netconn_do_close_internal  api_msg.o
    0x08029edc   0x08029edc   0x00000214   Code   RO         7288    i.lwip_netconn_do_delconn  api_msg.o
    0x0802a0f0   0x0802a0f0   0x000000dc   Code   RO         7291    i.lwip_netconn_do_listen  api_msg.o
    0x0802a1cc   0x0802a1cc   0x00000018   Code   RO         7292    i.lwip_netconn_do_newconn  api_msg.o
    0x0802a1e4   0x0802a1e4   0x00000048   Code   RO         7293    i.lwip_netconn_do_recv  api_msg.o
    0x0802a22c   0x0802a22c   0x00000174   Code   RO         7295    i.lwip_netconn_do_write  api_msg.o
    0x0802a3a0   0x0802a3a0   0x00000418   Code   RO         7296    i.lwip_netconn_do_writemore  api_msg.o
    0x0802a7b8   0x0802a7b8   0x000000ac   Code   RO         7297    i.lwip_netconn_err_to_msg  api_msg.o
    0x0802a864   0x0802a864   0x000000b8   Code   RO         7298    i.lwip_netconn_is_err_msg  api_msg.o
    0x0802a91c   0x0802a91c   0x00000104   Code   RO         9947    i.lwip_server_netconn_serve  lwip_demo.o
    0x0802aa20   0x0802aa20   0x0000005e   Code   RO         8169    i.lwip_standard_chksum  inet_chksum.o
    0x0802aa7e   0x0802aa7e   0x00000002   PAD
    0x0802aa80   0x0802aa80   0x0000012c   Code   RO          891    i.lwip_test_ui      freertos_demo.o
    0x0802abac   0x0802abac   0x00000064   Code   RO           13    i.main              main.o
    0x0802ac10   0x0802ac10   0x00000208   Code   RO         8300    i.mem_free          mem.o
    0x0802ae18   0x0802ae18   0x000000ec   Code   RO         8301    i.mem_init          mem.o
    0x0802af04   0x0802af04   0x00000058   Code   RO         8302    i.mem_link_valid    mem.o
    0x0802af5c   0x0802af5c   0x000002b4   Code   RO         8303    i.mem_malloc        mem.o
    0x0802b210   0x0802b210   0x00000010   Code   RO         8304    i.mem_to_ptr        mem.o
    0x0802b220   0x0802b220   0x00000248   Code   RO         8305    i.mem_trim          mem.o
    0x0802b468   0x0802b468   0x00000028   Code   RO         8374    i.memp_free         memp.o
    0x0802b490   0x0802b490   0x00000094   Code   RO         8375    i.memp_free_pool    memp.o
    0x0802b524   0x0802b524   0x00000020   Code   RO         8376    i.memp_init         memp.o
    0x0802b544   0x0802b544   0x0000002c   Code   RO         8377    i.memp_init_pool    memp.o
    0x0802b570   0x0802b570   0x00000024   Code   RO         8378    i.memp_malloc       memp.o
    0x0802b594   0x0802b594   0x00000090   Code   RO         8379    i.memp_malloc_pool  memp.o
    0x0802b624   0x0802b624   0x0000005c   Code   RO         5842    i.mpu_memory_protection  mpu.o
    0x0802b680   0x0802b680   0x0000005e   Code   RO         5843    i.mpu_set_protection  mpu.o
    0x0802b6de   0x0802b6de   0x00000002   PAD
    0x0802b6e0   0x0802b6e0   0x0000006c   Code   RO         6938    i.my_mem_free       malloc.o
    0x0802b74c   0x0802b74c   0x0000002c   Code   RO         6939    i.my_mem_init       malloc.o
    0x0802b778   0x0802b778   0x000000a8   Code   RO         6940    i.my_mem_malloc     malloc.o
    0x0802b820   0x0802b820   0x00000040   Code   RO         6941    i.my_mem_perused    malloc.o
    0x0802b860   0x0802b860   0x00000014   Code   RO         6942    i.my_mem_set        malloc.o
    0x0802b874   0x0802b874   0x00000024   Code   RO         6943    i.myfree            malloc.o
    0x0802b898   0x0802b898   0x0000000e   Code   RO         6944    i.myfree_sramin     malloc.o
    0x0802b8a6   0x0802b8a6   0x00000002   PAD
    0x0802b8a8   0x0802b8a8   0x00000028   Code   RO         6945    i.mymalloc          malloc.o
    0x0802b8d0   0x0802b8d0   0x0000000e   Code   RO         6946    i.mymalloc_sramin   malloc.o
    0x0802b8de   0x0802b8de   0x00000040   Code   RO         7553    i.netbuf_data       netbuf.o
    0x0802b91e   0x0802b91e   0x00000020   Code   RO         7554    i.netbuf_delete     netbuf.o
    0x0802b93e   0x0802b93e   0x000000b4   Code   RO         7036    i.netconn_accept    api_lib.o
    0x0802b9f2   0x0802b9f2   0x00000002   PAD
    0x0802b9f4   0x0802b9f4   0x00000118   Code   RO         7299    i.netconn_alloc     api_msg.o
    0x0802bb0c   0x0802bb0c   0x00000022   Code   RO         7037    i.netconn_apimsg    api_lib.o
    0x0802bb2e   0x0802bb2e   0x00000002   PAD
    0x0802bb30   0x0802bb30   0x0000003c   Code   RO         7038    i.netconn_bind      api_lib.o
    0x0802bb6c   0x0802bb6c   0x0000000e   Code   RO         7040    i.netconn_close     api_lib.o
    0x0802bb7a   0x0802bb7a   0x00000002   PAD
    0x0802bb7c   0x0802bb7c   0x00000034   Code   RO         7041    i.netconn_close_shutdown  api_lib.o
    0x0802bbb0   0x0802bbb0   0x0000001e   Code   RO         7043    i.netconn_delete    api_lib.o
    0x0802bbce   0x0802bbce   0x000000a2   Code   RO         7300    i.netconn_drain     api_msg.o
    0x0802bc70   0x0802bc70   0x00000022   Code   RO         7045    i.netconn_err       api_lib.o
    0x0802bc92   0x0802bc92   0x00000002   PAD
    0x0802bc94   0x0802bc94   0x0000017c   Code   RO         7301    i.netconn_free      api_msg.o
    0x0802be10   0x0802be10   0x0000002c   Code   RO         7047    i.netconn_listen_with_backlog  api_lib.o
    0x0802be3c   0x0802be3c   0x000001a0   Code   RO         7048    i.netconn_new_with_proto_and_callback  api_lib.o
    0x0802bfdc   0x0802bfdc   0x00000030   Code   RO         7049    i.netconn_prepare_delete  api_lib.o
    0x0802c00c   0x0802c00c   0x000000f4   Code   RO         7050    i.netconn_recv      api_lib.o
    0x0802c100   0x0802c100   0x0000017c   Code   RO         7051    i.netconn_recv_data  api_lib.o
    0x0802c27c   0x0802c27c   0x000000c6   Code   RO         7052    i.netconn_recv_data_tcp  api_lib.o
    0x0802c342   0x0802c342   0x00000002   PAD
    0x0802c344   0x0802c344   0x00000030   Code   RO         7061    i.netconn_tcp_recvd_msg  api_lib.o
    0x0802c374   0x0802c374   0x00000028   Code   RO         7062    i.netconn_write_partly  api_lib.o
    0x0802c39c   0x0802c39c   0x00000174   Code   RO         7063    i.netconn_write_vectors_partly  api_lib.o
    0x0802c510   0x0802c510   0x000001bc   Code   RO         8469    i.netif_add         netif.o
    0x0802c6cc   0x0802c6cc   0x00000018   Code   RO         8471    i.netif_do_ip_addr_changed  netif.o
    0x0802c6e4   0x0802c6e4   0x00000026   Code   RO         8472    i.netif_do_set_gw   netif.o
    0x0802c70a   0x0802c70a   0x00000002   PAD
    0x0802c70c   0x0802c70c   0x000000d4   Code   RO         8473    i.netif_do_set_ipaddr  netif.o
    0x0802c7e0   0x0802c7e0   0x00000026   Code   RO         8474    i.netif_do_set_netmask  netif.o
    0x0802c806   0x0802c806   0x00000002   PAD
    0x0802c808   0x0802c808   0x00000028   Code   RO         8476    i.netif_get_by_index  netif.o
    0x0802c830   0x0802c830   0x00000002   Code   RO         8478    i.netif_init        netif.o
    0x0802c832   0x0802c832   0x00000002   PAD
    0x0802c834   0x0802c834   0x000000cc   Code   RO         8480    i.netif_issue_reports  netif.o
    0x0802c900   0x0802c900   0x00000008   Code   RO         8482    i.netif_null_output_ip4  netif.o
    0x0802c908   0x0802c908   0x00000060   Code   RO         8484    i.netif_set_addr    netif.o
    0x0802c968   0x0802c968   0x0000000c   Code   RO         8485    i.netif_set_default  netif.o
    0x0802c974   0x0802c974   0x0000003a   Code   RO         8486    i.netif_set_down    netif.o
    0x0802c9ae   0x0802c9ae   0x00000006   Code   RO         8489    i.netif_set_link_callback  netif.o
    0x0802c9b4   0x0802c9b4   0x00000038   Code   RO         8490    i.netif_set_link_down  netif.o
    0x0802c9ec   0x0802c9ec   0x00000040   Code   RO         8491    i.netif_set_link_up  netif.o
    0x0802ca2c   0x0802ca2c   0x00000032   Code   RO         8493    i.netif_set_up      netif.o
    0x0802ca5e   0x0802ca5e   0x00000012   Code   RO         8646    i.pbuf_add_header   pbuf.o
    0x0802ca70   0x0802ca70   0x000000e0   Code   RO         8648    i.pbuf_add_header_impl  pbuf.o
    0x0802cb50   0x0802cb50   0x00000294   Code   RO         8649    i.pbuf_alloc        pbuf.o
    0x0802cde4   0x0802cde4   0x000000b4   Code   RO         8650    i.pbuf_alloc_reference  pbuf.o
    0x0802ce98   0x0802ce98   0x00000052   Code   RO         8651    i.pbuf_alloced_custom  pbuf.o
    0x0802ceea   0x0802ceea   0x00000002   PAD
    0x0802ceec   0x0802ceec   0x000000fc   Code   RO         8652    i.pbuf_cat          pbuf.o
    0x0802cfe8   0x0802cfe8   0x00000012   Code   RO         8654    i.pbuf_clen         pbuf.o
    0x0802cffa   0x0802cffa   0x00000002   PAD
    0x0802cffc   0x0802cffc   0x000000a8   Code   RO         8655    i.pbuf_clone        pbuf.o
    0x0802d0a4   0x0802d0a4   0x00000020   Code   RO         8657    i.pbuf_copy         pbuf.o
    0x0802d0c4   0x0802d0c4   0x00000080   Code   RO         8658    i.pbuf_copy_partial  pbuf.o
    0x0802d144   0x0802d144   0x000001a8   Code   RO         8659    i.pbuf_copy_partial_pbuf  pbuf.o
    0x0802d2ec   0x0802d2ec   0x0000019c   Code   RO         8661    i.pbuf_free         pbuf.o
    0x0802d488   0x0802d488   0x00000014   Code   RO        10026    i.pbuf_free_custom  ethernetif.o
    0x0802d49c   0x0802d49c   0x00000012   Code   RO         8666    i.pbuf_header_force  pbuf.o
    0x0802d4ae   0x0802d4ae   0x00000022   Code   RO         8667    i.pbuf_header_impl  pbuf.o
    0x0802d4d0   0x0802d4d0   0x0000001e   Code   RO         8668    i.pbuf_init_alloced_pbuf  pbuf.o
    0x0802d4ee   0x0802d4ee   0x00000002   PAD
    0x0802d4f0   0x0802d4f0   0x0000015c   Code   RO         8672    i.pbuf_realloc      pbuf.o
    0x0802d64c   0x0802d64c   0x000000a0   Code   RO         8673    i.pbuf_ref          pbuf.o
    0x0802d6ec   0x0802d6ec   0x000000b8   Code   RO         8674    i.pbuf_remove_header  pbuf.o
    0x0802d7a4   0x0802d7a4   0x00000108   Code   RO         7302    i.pcb_new           api_msg.o
    0x0802d8ac   0x0802d8ac   0x000001d0   Code   RO         8306    i.plug_holes        mem.o
    0x0802da7c   0x0802da7c   0x00000100   Code   RO         7303    i.poll_tcp          api_msg.o
    0x0802db7c   0x0802db7c   0x000000cc   Code   RO        10954    i.prvAddCurrentTaskToDelayedList  tasks.o
    0x0802dc48   0x0802dc48   0x000000ec   Code   RO        10955    i.prvAddNewTaskToReadyList  tasks.o
    0x0802dd34   0x0802dd34   0x00000064   Code   RO        11379    i.prvCheckForValidListAndQueue  timers.o
    0x0802dd98   0x0802dd98   0x00000048   Code   RO        10956    i.prvCheckTasksWaitingTermination  tasks.o
    0x0802dde0   0x0802dde0   0x0000002a   Code   RO        10524    i.prvCopyDataFromQueue  queue.o
    0x0802de0a   0x0802de0a   0x0000007e   Code   RO        10525    i.prvCopyDataToQueue  queue.o
    0x0802de88   0x0802de88   0x00000012   Code   RO        10957    i.prvDeleteTCB      tasks.o
    0x0802de9a   0x0802de9a   0x00000014   Code   RO        10526    i.prvGetDisinheritPriorityAfterTimeout  queue.o
    0x0802deae   0x0802deae   0x00000002   PAD
    0x0802deb0   0x0802deb0   0x00000028   Code   RO        11380    i.prvGetNextExpireTime  timers.o
    0x0802ded8   0x0802ded8   0x0000007c   Code   RO        11553    i.prvHeapInit       heap_4.o
    0x0802df54   0x0802df54   0x00000028   Code   RO        10958    i.prvIdleTask       tasks.o
    0x0802df7c   0x0802df7c   0x0000001e   Code   RO        10527    i.prvInitialiseMutex  queue.o
    0x0802df9a   0x0802df9a   0x0000002e   Code   RO        10528    i.prvInitialiseNewQueue  queue.o
    0x0802dfc8   0x0802dfc8   0x00000104   Code   RO        10959    i.prvInitialiseNewTask  tasks.o
    0x0802e0cc   0x0802e0cc   0x00000068   Code   RO        10960    i.prvInitialiseTaskLists  tasks.o
    0x0802e134   0x0802e134   0x00000068   Code   RO        11554    i.prvInsertBlockIntoFreeList  heap_4.o
    0x0802e19c   0x0802e19c   0x00000058   Code   RO        11382    i.prvInsertTimerInActiveList  timers.o
    0x0802e1f4   0x0802e1f4   0x0000001a   Code   RO        10529    i.prvIsQueueEmpty   queue.o
    0x0802e20e   0x0802e20e   0x0000001e   Code   RO        10530    i.prvIsQueueFull    queue.o
    0x0802e22c   0x0802e22c   0x000000c4   Code   RO        10531    i.prvNotifyQueueSetContainer  queue.o
    0x0802e2f0   0x0802e2f0   0x00000044   Code   RO        11383    i.prvProcessExpiredTimer  timers.o
    0x0802e334   0x0802e334   0x0000016c   Code   RO        11384    i.prvProcessReceivedCommands  timers.o
    0x0802e4a0   0x0802e4a0   0x00000074   Code   RO        11385    i.prvProcessTimerOrBlockTask  timers.o
    0x0802e514   0x0802e514   0x00000028   Code   RO        11386    i.prvReloadTimer    timers.o
    0x0802e53c   0x0802e53c   0x00000030   Code   RO        10962    i.prvResetNextTaskUnblockTime  tasks.o
    0x0802e56c   0x0802e56c   0x0000002c   Code   RO        11387    i.prvSampleTimeNow  timers.o
    0x0802e598   0x0802e598   0x00000044   Code   RO        11388    i.prvSwitchTimerLists  timers.o
    0x0802e5dc   0x0802e5dc   0x00000088   Code   RO        11621    i.prvTaskExitError  port.o
    0x0802e664   0x0802e664   0x0000001a   Code   RO        11389    i.prvTimerTask      timers.o
    0x0802e67e   0x0802e67e   0x00000090   Code   RO        10532    i.prvUnlockQueue    queue.o
    0x0802e70e   0x0802e70e   0x00000002   PAD
    0x0802e710   0x0802e710   0x00000010   Code   RO         8307    i.ptr_to_mem        mem.o
    0x0802e720   0x0802e720   0x00000194   Code   RO        11555    i.pvPortMalloc      heap_4.o
    0x0802e8b4   0x0802e8b4   0x00000020   Code   RO        10967    i.pvTaskIncrementMutexHeldCount  tasks.o
    0x0802e8d4   0x0802e8d4   0x0000002c   Code   RO        11622    i.pxPortInitialiseStack  port.o
    0x0802e900   0x0802e900   0x000001ac   Code   RO         7304    i.recv_tcp          api_msg.o
    0x0802eaac   0x0802eaac   0x00000188   Code   RO         7305    i.recv_udp          api_msg.o
    0x0802ec34   0x0802ec34   0x000000e8   Code   RO         7306    i.sent_tcp          api_msg.o
    0x0802ed1c   0x0802ed1c   0x00000044   Code   RO         7307    i.setup_tcp         api_msg.o
    0x0802ed60   0x0802ed60   0x00000024   Code   RO          995    i.start_get_device_id_function  start.o
    0x0802ed84   0x0802ed84   0x00000038   Code   RO          997    i.start_system_init_function  start.o
    0x0802edbc   0x0802edbc   0x00000100   Code   RO          892    i.start_task        freertos_demo.o
    0x0802eebc   0x0802eebc   0x0000012c   Code   RO        10179    i.sys_arch_mbox_fetch  sys_arch.o
    0x0802efe8   0x0802efe8   0x000000f8   Code   RO        10180    i.sys_arch_mbox_tryfetch  sys_arch.o
    0x0802f0e0   0x0802f0e0   0x0000000a   Code   RO        10182    i.sys_arch_protect  sys_arch.o
    0x0802f0ea   0x0802f0ea   0x00000002   PAD
    0x0802f0ec   0x0802f0ec   0x00000120   Code   RO        10183    i.sys_arch_sem_wait  sys_arch.o
    0x0802f20c   0x0802f20c   0x0000000a   Code   RO        10184    i.sys_arch_unprotect  sys_arch.o
    0x0802f216   0x0802f216   0x00000002   PAD
    0x0802f218   0x0802f218   0x00000140   Code   RO         1167    i.sys_cache_enable  sys.o
    0x0802f358   0x0802f358   0x00000054   Code   RO         9410    i.sys_check_timeouts  timeouts.o
    0x0802f3ac   0x0802f3ac   0x00000002   Code   RO        10185    i.sys_init          sys_arch.o
    0x0802f3ae   0x0802f3ae   0x00000004   Code   RO         1168    i.sys_intx_disable  sys.o
    0x0802f3b2   0x0802f3b2   0x00000004   Code   RO         1169    i.sys_intx_enable   sys.o
    0x0802f3b6   0x0802f3b6   0x00000002   PAD
    0x0802f3b8   0x0802f3b8   0x000000b4   Code   RO        10187    i.sys_mbox_free     sys_arch.o
    0x0802f46c   0x0802f46c   0x000000c0   Code   RO        10188    i.sys_mbox_new      sys_arch.o
    0x0802f52c   0x0802f52c   0x000000f4   Code   RO        10190    i.sys_mbox_trypost  sys_arch.o
    0x0802f620   0x0802f620   0x000000e8   Code   RO        10193    i.sys_mutex_lock    sys_arch.o
    0x0802f708   0x0802f708   0x00000090   Code   RO        10194    i.sys_mutex_new     sys_arch.o
    0x0802f798   0x0802f798   0x000000e4   Code   RO        10195    i.sys_mutex_unlock  sys_arch.o
    0x0802f87c   0x0802f87c   0x00000008   Code   RO        10196    i.sys_now           sys_arch.o
    0x0802f884   0x0802f884   0x00000010   Code   RO         1171    i.sys_nvic_set_vector_table  sys.o
    0x0802f894   0x0802f894   0x000000b4   Code   RO        10197    i.sys_sem_free      sys_arch.o
    0x0802f948   0x0802f948   0x00000124   Code   RO        10198    i.sys_sem_new       sys_arch.o
    0x0802fa6c   0x0802fa6c   0x000000f8   Code   RO        10199    i.sys_sem_signal    sys_arch.o
    0x0802fb64   0x0802fb64   0x00000120   Code   RO         1172    i.sys_stm32_clock_init  sys.o
    0x0802fc84   0x0802fc84   0x000000e4   Code   RO        10200    i.sys_thread_new    sys_arch.o
    0x0802fd68   0x0802fd68   0x000000c8   Code   RO         9412    i.sys_timeout       timeouts.o
    0x0802fe30   0x0802fe30   0x00000138   Code   RO         9413    i.sys_timeout_abs   timeouts.o
    0x0802ff68   0x0802ff68   0x00000028   Code   RO         9414    i.sys_timeouts_init  timeouts.o
    0x0802ff90   0x0802ff90   0x000000c4   Code   RO         9415    i.sys_timeouts_sleeptime  timeouts.o
    0x08030054   0x08030054   0x00000194   Code   RO         8876    i.tcp_abandon       tcp.o
    0x080301e8   0x080301e8   0x0000000e   Code   RO         8877    i.tcp_abort         tcp.o
    0x080301f6   0x080301f6   0x00000010   Code   RO         8878    i.tcp_accept        tcp.o
    0x08030206   0x08030206   0x00000002   PAD
    0x08030208   0x08030208   0x000000a0   Code   RO         8879    i.tcp_accept_null   tcp.o
    0x080302a8   0x080302a8   0x000000c0   Code   RO         8880    i.tcp_alloc         tcp.o
    0x08030368   0x08030368   0x00000006   Code   RO         8881    i.tcp_arg           tcp.o
    0x0803036e   0x0803036e   0x00000002   PAD
    0x08030370   0x08030370   0x000000b0   Code   RO         8882    i.tcp_bind          tcp.o
    0x08030420   0x08030420   0x0000002c   Code   RO         8884    i.tcp_close         tcp.o
    0x0803044c   0x0803044c   0x00000204   Code   RO         8885    i.tcp_close_shutdown  tcp.o
    0x08030650   0x08030650   0x000000e0   Code   RO         8886    i.tcp_close_shutdown_fin  tcp.o
    0x08030730   0x08030730   0x000001cc   Code   RO         9261    i.tcp_create_segment  tcp_out.o
    0x080308fc   0x080308fc   0x000000cc   Code   RO         8889    i.tcp_eff_send_mss_netif  tcp.o
    0x080309c8   0x080309c8   0x000002b8   Code   RO         9262    i.tcp_enqueue_flags  tcp_out.o
    0x08030c80   0x08030c80   0x000000a4   Code   RO         8890    i.tcp_err           tcp.o
    0x08030d24   0x08030d24   0x0000009c   Code   RO         8891    i.tcp_fasttmr       tcp.o
    0x08030dc0   0x08030dc0   0x0000008c   Code   RO         8892    i.tcp_free          tcp.o
    0x08030e4c   0x08030e4c   0x00000154   Code   RO         9189    i.tcp_free_acked_segments  tcp_in.o
    0x08030fa0   0x08030fa0   0x00000094   Code   RO         8893    i.tcp_free_listen   tcp.o
    0x08031034   0x08031034   0x00000048   Code   RO         9190    i.tcp_get_next_optbyte  tcp_in.o
    0x0803107c   0x0803107c   0x00000034   Code   RO         8894    i.tcp_handle_closepend  tcp.o
    0x080310b0   0x080310b0   0x00000018   Code   RO         8895    i.tcp_init          tcp.o
    0x080310c8   0x080310c8   0x0000080c   Code   RO         9191    i.tcp_input         tcp_in.o
    0x080318d4   0x080318d4   0x000000e0   Code   RO         9192    i.tcp_input_delayed_close  tcp_in.o
    0x080319b4   0x080319b4   0x000000d4   Code   RO         9263    i.tcp_keepalive     tcp_out.o
    0x08031a88   0x08031a88   0x00000068   Code   RO         8896    i.tcp_kill_prio     tcp.o
    0x08031af0   0x08031af0   0x000000c8   Code   RO         8897    i.tcp_kill_state    tcp.o
    0x08031bb8   0x08031bb8   0x0000003c   Code   RO         8898    i.tcp_kill_timewait  tcp.o
    0x08031bf4   0x08031bf4   0x000000cc   Code   RO         8899    i.tcp_listen_closed  tcp.o
    0x08031cc0   0x08031cc0   0x000001ec   Code   RO         9193    i.tcp_listen_input  tcp_in.o
    0x08031eac   0x08031eac   0x000000dc   Code   RO         8901    i.tcp_listen_with_backlog_and_err  tcp.o
    0x08031f88   0x08031f88   0x0000004c   Code   RO         8902    i.tcp_netif_ip_addr_changed  tcp.o
    0x08031fd4   0x08031fd4   0x000000c8   Code   RO         8903    i.tcp_netif_ip_addr_changed_pcblist  tcp.o
    0x0803209c   0x0803209c   0x00000010   Code   RO         8905    i.tcp_new_ip_type   tcp.o
    0x080320ac   0x080320ac   0x00000068   Code   RO         8906    i.tcp_new_port      tcp.o
    0x08032114   0x08032114   0x000000a4   Code   RO         8907    i.tcp_next_iss      tcp.o
    0x080321b8   0x080321b8   0x0000035c   Code   RO         9264    i.tcp_output        tcp_out.o
    0x08032514   0x08032514   0x000000d4   Code   RO         9265    i.tcp_output_alloc_header  tcp_out.o
    0x080325e8   0x080325e8   0x0000011c   Code   RO         9266    i.tcp_output_alloc_header_common  tcp_out.o
    0x08032704   0x08032704   0x000000f4   Code   RO         9267    i.tcp_output_control_segment  tcp_out.o
    0x080327f8   0x080327f8   0x0000011c   Code   RO         9268    i.tcp_output_fill_options  tcp_out.o
    0x08032914   0x08032914   0x00000244   Code   RO         9269    i.tcp_output_segment  tcp_out.o
    0x08032b58   0x08032b58   0x000000ac   Code   RO         9270    i.tcp_output_segment_busy  tcp_out.o
    0x08032c04   0x08032c04   0x00000128   Code   RO         9194    i.tcp_parseopt      tcp_in.o
    0x08032d2c   0x08032d2c   0x00000170   Code   RO         9271    i.tcp_pbuf_prealloc  tcp_out.o
    0x08032e9c   0x08032e9c   0x0000004a   Code   RO         8908    i.tcp_pcb_purge     tcp.o
    0x08032ee6   0x08032ee6   0x00000002   PAD
    0x08032ee8   0x08032ee8   0x0000019c   Code   RO         8909    i.tcp_pcb_remove    tcp.o
    0x08033084   0x08033084   0x000000a8   Code   RO         8910    i.tcp_poll          tcp.o
    0x0803312c   0x0803312c   0x00000738   Code   RO         9195    i.tcp_process       tcp_in.o
    0x08033864   0x08033864   0x000000a2   Code   RO         8911    i.tcp_process_refused_data  tcp.o
    0x08033906   0x08033906   0x00000002   PAD
    0x08033908   0x08033908   0x000007c8   Code   RO         9196    i.tcp_receive       tcp_in.o
    0x080340d0   0x080340d0   0x000000a4   Code   RO         8912    i.tcp_recv          tcp.o
    0x08034174   0x08034174   0x0000003a   Code   RO         8913    i.tcp_recv_null     tcp.o
    0x080341ae   0x080341ae   0x00000002   PAD
    0x080341b0   0x080341b0   0x000000ec   Code   RO         8914    i.tcp_recved        tcp.o
    0x0803429c   0x0803429c   0x000000ac   Code   RO         8915    i.tcp_remove_listener  tcp.o
    0x08034348   0x08034348   0x000000fc   Code   RO         9272    i.tcp_rexmit        tcp_out.o
    0x08034444   0x08034444   0x00000104   Code   RO         9273    i.tcp_rexmit_fast   tcp_out.o
    0x08034548   0x08034548   0x000000a0   Code   RO         9274    i.tcp_rexmit_rto    tcp_out.o
    0x080345e8   0x080345e8   0x000000b0   Code   RO         9275    i.tcp_rexmit_rto_commit  tcp_out.o
    0x08034698   0x08034698   0x00000110   Code   RO         9276    i.tcp_rexmit_rto_prepare  tcp_out.o
    0x080347a8   0x080347a8   0x0000001e   Code   RO         9277    i.tcp_route         tcp_out.o
    0x080347c6   0x080347c6   0x00000002   PAD
    0x080347c8   0x080347c8   0x00000120   Code   RO         9278    i.tcp_rst           tcp_out.o
    0x080348e8   0x080348e8   0x0000001a   Code   RO         8916    i.tcp_seg_free      tcp.o
    0x08034902   0x08034902   0x00000018   Code   RO         8917    i.tcp_segs_free     tcp.o
    0x0803491a   0x0803491a   0x00000002   PAD
    0x0803491c   0x0803491c   0x00000138   Code   RO         9279    i.tcp_send_empty_ack  tcp_out.o
    0x08034a54   0x08034a54   0x000000d8   Code   RO         9280    i.tcp_send_fin      tcp_out.o
    0x08034b2c   0x08034b2c   0x000000a4   Code   RO         8918    i.tcp_sent          tcp.o
    0x08034bd0   0x08034bd0   0x00000072   Code   RO         8920    i.tcp_shutdown      tcp.o
    0x08034c42   0x08034c42   0x00000002   PAD
    0x08034c44   0x08034c44   0x00000710   Code   RO         8921    i.tcp_slowtmr       tcp.o
    0x08035354   0x08035354   0x000002cc   Code   RO         9281    i.tcp_split_unsent_seg  tcp_out.o
    0x08035620   0x08035620   0x00000038   Code   RO         9417    i.tcp_timer_needed  timeouts.o
    0x08035658   0x08035658   0x0000013c   Code   RO         9197    i.tcp_timewait_input  tcp_in.o
    0x08035794   0x08035794   0x00000024   Code   RO         8923    i.tcp_tmr           tcp.o
    0x080357b8   0x080357b8   0x00000014   Code   RO         9198    i.tcp_trigger_input_pcb_close  tcp_in.o
    0x080357cc   0x080357cc   0x00000110   Code   RO         8925    i.tcp_update_rcv_ann_wnd  tcp.o
    0x080358dc   0x080358dc   0x000007a4   Code   RO         9282    i.tcp_write         tcp_out.o
    0x08036080   0x08036080   0x000001a8   Code   RO         9283    i.tcp_write_checks  tcp_out.o
    0x08036228   0x08036228   0x00000168   Code   RO         9284    i.tcp_zero_window_probe  tcp_out.o
    0x08036390   0x08036390   0x00000120   Code   RO         7974    i.tcpip_init        tcpip.o
    0x080364b0   0x080364b0   0x000000c0   Code   RO         7975    i.tcpip_inpkt       tcpip.o
    0x08036570   0x08036570   0x00000030   Code   RO         7976    i.tcpip_input       tcpip.o
    0x080365a0   0x080365a0   0x00000020   Code   RO         7977    i.tcpip_send_msg_wait_sem  tcpip.o
    0x080365c0   0x080365c0   0x00000038   Code   RO         9418    i.tcpip_tcp_timer   timeouts.o
    0x080365f8   0x080365f8   0x000000c8   Code   RO         7978    i.tcpip_thread      tcpip.o
    0x080366c0   0x080366c0   0x000000cc   Code   RO         7979    i.tcpip_thread_handle_msg  tcpip.o
    0x0803678c   0x0803678c   0x00000060   Code   RO         7980    i.tcpip_timeouts_mbox_fetch  tcpip.o
    0x080367ec   0x080367ec   0x000000a4   Code   RO         9488    i.udp_bind          udp.o
    0x08036890   0x08036890   0x00000018   Code   RO         9492    i.udp_init          udp.o
    0x080368a8   0x080368a8   0x00000240   Code   RO         9493    i.udp_input         udp.o
    0x08036ae8   0x08036ae8   0x00000130   Code   RO         9494    i.udp_input_local_match  udp.o
    0x08036c18   0x08036c18   0x00000030   Code   RO         9495    i.udp_netif_ip_addr_changed  udp.o
    0x08036c48   0x08036c48   0x0000001c   Code   RO         9496    i.udp_new           udp.o
    0x08036c64   0x08036c64   0x0000000e   Code   RO         9497    i.udp_new_ip_type   udp.o
    0x08036c72   0x08036c72   0x00000002   PAD
    0x08036c74   0x08036c74   0x00000058   Code   RO         9498    i.udp_new_port      udp.o
    0x08036ccc   0x08036ccc   0x00000010   Code   RO         9499    i.udp_recv          udp.o
    0x08036cdc   0x08036cdc   0x00000050   Code   RO         9500    i.udp_remove        udp.o
    0x08036d2c   0x08036d2c   0x00000038   Code   RO         1251    i.usart_init        usart.o
    0x08036d64   0x08036d64   0x00000028   Code   RO        10475    i.uxListRemove      list.o
    0x08036d8c   0x08036d8c   0x0000001a   Code   RO        10476    i.vListInitialise   list.o
    0x08036da6   0x08036da6   0x00000006   Code   RO        10477    i.vListInitialiseItem  list.o
    0x08036dac   0x08036dac   0x00000034   Code   RO        10478    i.vListInsert       list.o
    0x08036de0   0x08036de0   0x00000018   Code   RO        10479    i.vListInsertEnd    list.o
    0x08036df8   0x08036df8   0x000000a0   Code   RO        11624    i.vPortEnterCritical  port.o
    0x08036e98   0x08036e98   0x00000084   Code   RO        11625    i.vPortExitCritical  port.o
    0x08036f1c   0x08036f1c   0x000000d8   Code   RO        11556    i.vPortFree         heap_4.o
    0x08036ff4   0x08036ff4   0x00000028   Code   RO        11626    i.vPortSetupTimerInterrupt  port.o
    0x0803701c   0x0803701c   0x000000b4   Code   RO        11627    i.vPortValidateInterruptPriority  port.o
    0x080370d0   0x080370d0   0x0000008c   Code   RO        10538    i.vQueueAddToRegistry  queue.o
    0x0803715c   0x0803715c   0x00000058   Code   RO        10539    i.vQueueDelete      queue.o
    0x080371b4   0x080371b4   0x00000074   Code   RO        10541    i.vQueueUnregisterQueue  queue.o
    0x08037228   0x08037228   0x0000004a   Code   RO        10542    i.vQueueWaitForMessageRestricted  queue.o
    0x08037272   0x08037272   0x00000002   PAD
    0x08037274   0x08037274   0x00000084   Code   RO        10977    i.vTaskDelay        tasks.o
    0x080372f8   0x080372f8   0x00000124   Code   RO        10978    i.vTaskDelete       tasks.o
    0x0803741c   0x0803741c   0x00000018   Code   RO        10982    i.vTaskInternalSetTimeOutState  tasks.o
    0x08037434   0x08037434   0x0000000c   Code   RO        10984    i.vTaskMissedYield  tasks.o
    0x08037440   0x08037440   0x00000064   Code   RO        10985    i.vTaskPlaceOnEventList  tasks.o
    0x080374a4   0x080374a4   0x0000008c   Code   RO        10986    i.vTaskPlaceOnEventListRestricted  tasks.o
    0x08037530   0x08037530   0x00000138   Code   RO        10988    i.vTaskPriorityDisinheritAfterTimeout  tasks.o
    0x08037668   0x08037668   0x000000c8   Code   RO        10994    i.vTaskStartScheduler  tasks.o
    0x08037730   0x08037730   0x00000010   Code   RO        10996    i.vTaskSuspendAll   tasks.o
    0x08037740   0x08037740   0x000000b8   Code   RO        10997    i.vTaskSwitchContext  tasks.o
    0x080377f8   0x080377f8   0x00000168   Code   RO        11628    i.xPortStartScheduler  port.o
    0x08037960   0x08037960   0x00000038   Code   RO        11629    i.xPortSysTickHandler  port.o
    0x08037998   0x08037998   0x00000022   Code   RO        10545    i.xQueueCreateMutex  queue.o
    0x080379ba   0x080379ba   0x00000002   PAD
    0x080379bc   0x080379bc   0x00000090   Code   RO        10547    i.xQueueGenericCreate  queue.o
    0x08037a4c   0x08037a4c   0x000000fc   Code   RO        10548    i.xQueueGenericReset  queue.o
    0x08037b48   0x08037b48   0x000001e4   Code   RO        10549    i.xQueueGenericSend  queue.o
    0x08037d2c   0x08037d2c   0x00000128   Code   RO        10551    i.xQueueGiveFromISR  queue.o
    0x08037e54   0x08037e54   0x00000074   Code   RO        10552    i.xQueueGiveMutexRecursive  queue.o
    0x08037ec8   0x08037ec8   0x00000180   Code   RO        10557    i.xQueueReceive     queue.o
    0x08038048   0x08038048   0x000001c4   Code   RO        10562    i.xQueueSemaphoreTake  queue.o
    0x0803820c   0x0803820c   0x00000078   Code   RO        10563    i.xQueueTakeMutexRecursive  queue.o
    0x08038284   0x08038284   0x000000cc   Code   RO        11000    i.xTaskCheckForTimeOut  tasks.o
    0x08038350   0x08038350   0x00000060   Code   RO        11001    i.xTaskCreate       tasks.o
    0x080383b0   0x080383b0   0x0000000c   Code   RO        11007    i.xTaskGetCurrentTaskHandle  tasks.o
    0x080383bc   0x080383bc   0x00000020   Code   RO        11010    i.xTaskGetSchedulerState  tasks.o
    0x080383dc   0x080383dc   0x0000000c   Code   RO        11011    i.xTaskGetTickCount  tasks.o
    0x080383e8   0x080383e8   0x000001e8   Code   RO        11013    i.xTaskIncrementTick  tasks.o
    0x080385d0   0x080385d0   0x00000110   Code   RO        11014    i.xTaskPriorityDisinherit  tasks.o
    0x080386e0   0x080386e0   0x000000ec   Code   RO        11015    i.xTaskPriorityInherit  tasks.o
    0x080387cc   0x080387cc   0x0000014c   Code   RO        11016    i.xTaskRemoveFromEventList  tasks.o
    0x08038918   0x08038918   0x000001a0   Code   RO        11017    i.xTaskResumeAll    tasks.o
    0x08038ab8   0x08038ab8   0x00000080   Code   RO        11397    i.xTimerCreateTimerTask  timers.o
    0x08038b38   0x08038b38   0x0000000a   Code   RO        12105    x$fpl$fpinit        fz_wv.l(fpinit.o)
    0x08038b42   0x08038b42   0x00000010   Data   RO          853    .constdata          system_stm32h7xx.o
    0x08038b52   0x08038b52   0x00000018   Data   RO         2766    .constdata          stm32h7xx_hal_uart.o
    0x08038b6a   0x08038b6a   0x00000002   PAD
    0x08038b6c   0x08038b6c   0x00000048   Data   RO         6959    .constdata          malloc.o
    0x08038bb4   0x08038bb4   0x00000003   Data   RO         7308    .constdata          api_msg.o
    0x08038bb7   0x08038bb7   0x00000001   PAD
    0x08038bb8   0x08038bb8   0x000000d0   Data   RO         8381    .constdata          memp.o
    0x08038c88   0x08038c88   0x00000050   Data   RO         8926    .constdata          tcp.o
    0x08038cd8   0x08038cd8   0x0000001c   Data   RO         9419    .constdata          timeouts.o
    0x08038cf4   0x08038cf4   0x00000008   Data   RO         9800    .constdata          ip4_addr.o
    0x08038cfc   0x08038cfc   0x0000000c   Data   RO         9920    .constdata          ethernet_1.o
    0x08038d08   0x08038d08   0x00000aed   Data   RO         9948    .constdata          lwip_demo.o
    0x080397f5   0x080397f5   0x00000003   PAD
    0x080397f8   0x080397f8   0x0000000c   Data   RO        10029    .constdata          ethernetif.o
    0x08039804   0x08039804   0x00000011   Data   RO        11834    .constdata          c_w.l(__printf_flags_wp.o)
    0x08039815   0x08039815   0x00000003   PAD
    0x08039818   0x08039818   0x00000041   Data   RO         8223    .conststring        init.o
    0x08039859   0x08039859   0x00000003   PAD
    0x0803985c   0x0803985c   0x00000075   Data   RO         8927    .conststring        tcp.o
    0x080398d1   0x080398d1   0x00000003   PAD
    0x080398d4   0x080398d4   0x00000055   Data   RO         9285    .conststring        tcp_out.o
    0x08039929   0x08039929   0x00000003   PAD
    0x0803992c   0x0803992c   0x00000041   Data   RO         9633    .conststring        etharp.o
    0x0803996d   0x0803996d   0x00000003   PAD
    0x08039970   0x08039970   0x00000020   Data   RO        12262    Region$$Table       anon$$obj.o


    Execution Region RW_IRAM1 (Exec base: 0x20000000, Load base: 0x08039990, Size: 0x0001fe00, Max: 0x00020000, ABSOLUTE)

    Exec Addr    Load Addr    Size         Type   Attr      Idx    E Section Name        Object

    0x20000000        -       0x0001e000   Zero   RW         6950    .ARM.__AT_0x20000000  malloc.o
    0x2001e000        -       0x00001e00   Zero   RW         6951    .ARM.__AT_0x2001E000  malloc.o


    Execution Region RW_IRAM2 (Exec base: 0x24000000, Load base: 0x08039990, Size: 0x00038cc8, Max: 0x00080000, ABSOLUTE, COMPRESSED[0x00000068])

    Exec Addr    Load Addr    Size         Type   Attr      Idx    E Section Name        Object

    0x24000000   COMPRESSED   0x00000008   Data   RW          854    .data               system_stm32h7xx.o
    0x24000008   COMPRESSED   0x0000000c   Data   RW          893    .data               freertos_demo.o
    0x24000014   COMPRESSED   0x00000004   Data   RW         1125    .data               delay.o
    0x24000018   COMPRESSED   0x00000007   Data   RW         1253    .data               usart.o
    0x2400001f   COMPRESSED   0x00000001   PAD
    0x24000020   COMPRESSED   0x00000009   Data   RW         1369    .data               stm32h7xx_hal.o
    0x24000029   COMPRESSED   0x00000003   PAD
    0x2400002c   COMPRESSED   0x0000000a   Data   RW         6020    .data               ethernet_chip.o
    0x24000036   COMPRESSED   0x00000002   PAD
    0x24000038   COMPRESSED   0x00000014   Data   RW         6324    .data               cjson.o
    0x2400004c   COMPRESSED   0x00000040   Data   RW         6960    .data               malloc.o
    0x2400008c   COMPRESSED   0x00000010   Data   RW         7982    .data               tcpip.o
    0x2400009c   COMPRESSED   0x00000010   Data   RW         8309    .data               mem.o
    0x240000ac   COMPRESSED   0x00000034   Data   RW         8382    .data               memp.o
    0x240000e0   COMPRESSED   0x00000009   Data   RW         8494    .data               netif.o
    0x240000e9   COMPRESSED   0x00000003   PAD
    0x240000ec   COMPRESSED   0x00000020   Data   RW         8928    .data               tcp.o
    0x2400010c   COMPRESSED   0x00000028   Data   RW         9200    .data               tcp_in.o
    0x24000134   COMPRESSED   0x0000000c   Data   RW         9420    .data               timeouts.o
    0x24000140   COMPRESSED   0x00000008   Data   RW         9505    .data               udp.o
    0x24000148   COMPRESSED   0x00000001   Data   RW         9634    .data               etharp.o
    0x24000149   COMPRESSED   0x00000001   PAD
    0x2400014a   COMPRESSED   0x00000002   Data   RW         9756    .data               ip4.o
    0x2400014c   COMPRESSED   0x00000006   Data   RW         9860    .data               ip4_frag.o
    0x24000152   COMPRESSED   0x00000002   PAD
    0x24000154   COMPRESSED   0x0000001c   Data   RW        10030    .data               ethernetif.o
    0x24000170   COMPRESSED   0x00000040   Data   RW        11020    .data               tasks.o
    0x240001b0   COMPRESSED   0x00000014   Data   RW        11406    .data               timers.o
    0x240001c4   COMPRESSED   0x00000020   Data   RW        11562    .data               heap_4.o
    0x240001e4   COMPRESSED   0x0000000c   Data   RW        11630    .data               port.o
    0x240001f0        -       0x0000000c   Zero   RW          998    .bss                start.o
    0x240001fc        -       0x00000158   Zero   RW         1252    .bss                usart.o
    0x24000354        -       0x00000088   Zero   RW         5884    .bss                ethernet.o
    0x240003dc   COMPRESSED   0x00000024   PAD
    0x24000400        -       0x00022000   Zero   RW         6958    .bss                malloc.o
    0x24022400        -       0x00000018   Zero   RW         8287    .bss                ip.o
    0x24022418        -       0x00005013   Zero   RW         8308    .bss                mem.o
    0x2402742b        -       0x00008797   Zero   RW         8380    .bss                memp.o
    0x2402fbc2   COMPRESSED   0x00000002   PAD
    0x2402fbc4        -       0x00000010   Zero   RW         9199    .bss                tcp_in.o
    0x2402fbd4        -       0x000000f0   Zero   RW         9632    .bss                etharp.o
    0x2402fcc4        -       0x0000011f   Zero   RW        10028    .bss                ethernetif.o
    0x2402fde3   COMPRESSED   0x00000001   PAD
    0x2402fde4        -       0x00000050   Zero   RW        10132    .bss                lwip_comm.o
    0x2402fe34        -       0x00000040   Zero   RW        10564    .bss                queue.o
    0x2402fe74        -       0x000002e4   Zero   RW        11019    .bss                tasks.o
    0x24030158        -       0x00000028   Zero   RW        11405    .bss                timers.o
    0x24030180        -       0x00007800   Zero   RW        11561    .bss                heap_4.o
    0x24037980        -       0x000000e4   Zero   RW        11855    .bss                c_w.l(rand.o)
    0x24037a64        -       0x00000060   Zero   RW        12021    .bss                c_w.l(libspace.o)
    0x24037ac4   COMPRESSED   0x00000004   PAD
    0x24037ac8        -       0x00000200   Zero   RW            2    HEAP                startup_stm32h743xx.o
    0x24037cc8        -       0x00001000   Zero   RW            1    STACK               startup_stm32h743xx.o


    Execution Region RW_IRAM3 (Exec base: 0x30000000, Load base: 0x080399f8, Size: 0x0003fc00, Max: 0x00040000, ABSOLUTE)

    Exec Addr    Load Addr    Size         Type   Attr      Idx    E Section Name        Object

    0x30000000        -       0x0003c000   Zero   RW         6952    .ARM.__AT_0x30000000  malloc.o
    0x3003c000        -       0x00003c00   Zero   RW         6953    .ARM.__AT_0x3003C000  malloc.o


    Execution Region RW_IRAM4 (Exec base: 0x38000000, Load base: 0x080399f8, Size: 0x0000ff00, Max: 0x00010000, ABSOLUTE)

    Exec Addr    Load Addr    Size         Type   Attr      Idx    E Section Name        Object

    0x38000000        -       0x0000f000   Zero   RW         6954    .ARM.__AT_0x38000000  malloc.o
    0x3800f000        -       0x00000f00   Zero   RW         6955    .ARM.__AT_0x3800F000  malloc.o



  Load Region LR$$.ARM.__AT_0x00000000 (Base: 0x00000000, Size: 0x00000000, Max: 0x0000f000, ABSOLUTE)

    Execution Region ER$$.ARM.__AT_0x00000000 (Exec base: 0x00000000, Load base: 0x00000000, Size: 0x0000f000, Max: 0x0000f000, ABSOLUTE, UNINIT)

    Exec Addr    Load Addr    Size         Type   Attr      Idx    E Section Name        Object

    0x00000000        -       0x0000f000   Zero   RW         6948    .ARM.__AT_0x00000000  malloc.o



  Load Region LR$$.ARM.__AT_0x0000F000 (Base: 0x0000f000, Size: 0x00000000, Max: 0x00000f00, ABSOLUTE)

    Execution Region ER$$.ARM.__AT_0x0000F000 (Exec base: 0x0000f000, Load base: 0x0000f000, Size: 0x00000f00, Max: 0x00000f00, ABSOLUTE, UNINIT)

    Exec Addr    Load Addr    Size         Type   Attr      Idx    E Section Name        Object

    0x0000f000        -       0x00000f00   Zero   RW         6949    .ARM.__AT_0x0000F000  malloc.o



  Load Region LR$$.ARM.__AT_0x30040000 (Base: 0x30040000, Size: 0x00000000, Max: 0x00000060, ABSOLUTE)

    Execution Region ER$$.ARM.__AT_0x30040000 (Exec base: 0x30040000, Load base: 0x30040000, Size: 0x00000060, Max: 0x00000060, ABSOLUTE, UNINIT)

    Exec Addr    Load Addr    Size         Type   Attr      Idx    E Section Name        Object

    0x30040000        -       0x00000060   Zero   RW         5882    .ARM.__AT_0x30040000  ethernet.o



  Load Region LR$$.ARM.__AT_0x30040060 (Base: 0x30040060, Size: 0x00000000, Max: 0x00000060, ABSOLUTE)

    Execution Region ER$$.ARM.__AT_0x30040060 (Exec base: 0x30040060, Load base: 0x30040060, Size: 0x00000060, Max: 0x00000060, ABSOLUTE, UNINIT)

    Exec Addr    Load Addr    Size         Type   Attr      Idx    E Section Name        Object

    0x30040060        -       0x00000060   Zero   RW         5883    .ARM.__AT_0x30040060  ethernet.o



  Load Region LR$$.ARM.__AT_0x30040200 (Base: 0x30040200, Size: 0x00000000, Max: 0x000017e0, ABSOLUTE)

    Execution Region ER$$.ARM.__AT_0x30040200 (Exec base: 0x30040200, Load base: 0x30040200, Size: 0x000017e0, Max: 0x000017e0, ABSOLUTE, UNINIT)

    Exec Addr    Load Addr    Size         Type   Attr      Idx    E Section Name        Object

    0x30040200        -       0x000017e0   Zero   RW        10027    .ARM.__AT_0x30040200  ethernetif.o



  Load Region LR$$.ARM.__AT_0xC01F4000 (Base: 0xc01f4000, Size: 0x00000000, Max: 0x01c3c000, ABSOLUTE)

    Execution Region ER$$.ARM.__AT_0xC01F4000 (Exec base: 0xc01f4000, Load base: 0xc01f4000, Size: 0x01c3c000, Max: 0x01c3c000, ABSOLUTE, UNINIT)

    Exec Addr    Load Addr    Size         Type   Attr      Idx    E Section Name        Object

    0xc01f4000        -       0x01c3c000   Zero   RW         6956    .ARM.__AT_0xC01F4000  malloc.o



  Load Region LR$$.ARM.__AT_0xC1E30000 (Base: 0xc1e30000, Size: 0x00000000, Max: 0x001c3c00, ABSOLUTE)

    Execution Region ER$$.ARM.__AT_0xC1E30000 (Exec base: 0xc1e30000, Load base: 0xc1e30000, Size: 0x001c3c00, Max: 0x001c3c00, ABSOLUTE, UNINIT)

    Exec Addr    Load Addr    Size         Type   Attr      Idx    E Section Name        Object

    0xc1e30000        -       0x001c3c00   Zero   RW         6957    .ARM.__AT_0xC1E30000  malloc.o


==============================================================================

Image component sizes


      Code (inc. data)   RO Data    RW Data    ZI Data      Debug   Object Name

      2194        560          0          0          0      43330   api_lib.o
      7266       2710          3          0          0      39907   api_msg.o
         2          0          0          0          0        524   bsp_iwdg.o
       224         12          0          0          0       2753   bsp_led.o
       100         18          0         20          0       4546   cjson.o
        38          0          0          0          0       1106   def.o
       172          8          0          4          0       2565   delay.o
         0          0          0          0          0       5056   err.o
      3670       1040         65          1        240      12059   etharp.o
      1112         66          0          0        328      26209   ethernet.o
       444        142         12          0          0       2686   ethernet_1.o
       612         28          0         10          0       6864   ethernet_chip.o
      1268        268         12         28       6399      48965   ethernetif.o
         0          0          0          0          0      12144   event_groups.o
       652        288          0         12          0      19806   freertos_demo.o
       848        218          0         32      30720       4227   heap_4.o
       956        324          0          0          0       4714   icmp.o
         0          0          0          0          0       3911   if_api.o
       180          0          0          0          0       2118   inet_chksum.o
       152         84         65          0          0       1724   init.o
         0          0          0          0         24       3186   ip.o
      1070        176          0          2          0       5532   ip4.o
        78          0          8          0          0       8574   ip4_addr.o
      3430       1084          0          6          0      12350   ip4_frag.o
       148          0          0          0          0       3446   list.o
      1162        324          0          0         80       4983   lwip_comm.o
       374         34       2797          0          0       7299   lwip_demo.o
       100         20          0          0          0      35517   main.o
       508         54         72         64   32117760       8383   malloc.o
      2616       1060          0         16      20499       9145   mem.o
       816        448        208         52      34711      12260   memp.o
       186          0          0          0          0       1453   mpu.o
        96          0          0          0          0      10678   netbuf.o
      1352        394          0          9          0      15770   netif.o
      3372       1348          0          0          0      15472   pbuf.o
      1302        486          0         12          0      11109   port.o
      3360        662          0          0         64      21926   queue.o
        92         18          0          0         12       1621   start.o
        80         30        664          0       4608        980   startup_stm32h743xx.o
       274         58          0          9          0      24371   stm32h7xx_hal.o
       550         38          0          0          0      42911   stm32h7xx_hal_cortex.o
      2164         34          0          0          0       4227   stm32h7xx_hal_dma.o
      5124         88          0          0          0      25383   stm32h7xx_hal_eth.o
       540         52          0          0          0       2793   stm32h7xx_hal_gpio.o
        20          6          0          0          0        577   stm32h7xx_hal_pwr_ex.o
      3560        108          0          0          0       6932   stm32h7xx_hal_rcc.o
      1156         58          0          0          0       3245   stm32h7xx_hal_rcc_ex.o
      5270        186         24          0          0      37002   stm32h7xx_hal_uart.o
         6          0          0          0          0       2241   stm32h7xx_hal_uart_ex.o
        22          0          0          0          0    1247394   stm32h7xx_it.o
       632         28          0          0          0      39574   sys.o
      3034       1708          0          0          0      12185   sys_arch.o
       252         40         16          8          0       1522   system_stm32h7xx.o
      4526       1112          0         64        740      37067   tasks.o
      7878       3070        197         32          0      42100   tcp.o
      7660       1938          0         40         16      21103   tcp_in.o
      9794       3812         85          0          0      33498   tcp_out.o
      1060        538          0         16          0       8017   tcpip.o
      1024        468         28         12          0       7435   timeouts.o
      1082        214          0         20         40      11412   timers.o
      1342        360          0          8          0       9645   udp.o
       456         58          0          7        344       6140   usart.o

    ----------------------------------------------------------------------
     97560      25878       4306        496   32216624    2061672   Object Totals
         0          0         32          0          0          0   (incl. Generated)
       102          0         18         12         39          0   (incl. Padding)

    ----------------------------------------------------------------------

      Code (inc. data)   RO Data    RW Data    ZI Data      Debug   Library Member Name

        24          4          0          0          0         84   __2printf.o
        44          6          0          0          0         84   __2sprintf.o
        90          0          0          0          0          0   __dczerorl2.o
         8          0          0          0          0         68   __main.o
       312          4         17          0          0         92   __printf_flags_wp.o
        14          0          0          0          0         68   __printf_wp.o
         0          0          0          0          0          0   __rtentry.o
        12          0          0          0          0          0   __rtentry2.o
         6          0          0          0          0          0   __rtentry4.o
        52          8          0          0          0          0   __scatter.o
        28          0          0          0          0          0   __scatter_zi.o
        44          0          0          0          0        108   _printf_char.o
        48          6          0          0          0         96   _printf_char_common.o
        36          4          0          0          0         80   _printf_char_file.o
         6          0          0          0          0          0   _printf_d.o
       120         16          0          0          0         92   _printf_dec.o
       178          0          0          0          0         88   _printf_intcommon.o
         0          0          0          0          0          0   _printf_percent.o
         4          0          0          0          0          0   _printf_percent_end.o
         6          0          0          0          0          0   _printf_s.o
        82          0          0          0          0         80   _printf_str.o
        10          0          0          0          0         68   _sputc.o
        16          0          0          0          0         68   aeabi_memset.o
        10          0          0          0          0         68   defsig_exit.o
        50          0          0          0          0         88   defsig_general.o
        80         58          0          0          0         76   defsig_rtmem_inner.o
        14          0          0          0          0         80   defsig_rtmem_outer.o
        18          0          0          0          0         80   exit.o
         8          0          0          0          0         68   ferror.o
        94          0          0          0          0         80   h1_alloc.o
        52          0          0          0          0         68   h1_extend.o
        78          0          0          0          0         80   h1_free.o
        14          0          0          0          0         84   h1_init.o
       184          0          0          0          0         92   h1_realloc.o
         6          0          0          0          0        152   heapauxi.o
         4          0          0          0          0        136   hguard.o
       138          0          0          0          0        168   init_alloc.o
         2          0          0          0          0          0   libinit.o
        18          0          0          0          0          0   libinit2.o
         2          0          0          0          0          0   libshutdown.o
         2          0          0          0          0          0   libshutdown2.o
         8          4          0          0         96         68   libspace.o
       238          0          0          0          0        100   lludivv7m.o
         0          0          0          0          0          0   maybetermalloc1.o
        88          0          0          0          0         76   memcmp.o
       112         18          0          0        228        160   rand.o
         8          4          0          0          0         68   rt_heap_descriptor_intlibspace.o
        68          0          0          0          0         68   rt_memclr.o
        78          0          0          0          0         80   rt_memclr_w.o
       138          0          0          0          0         68   rt_memcpy_v6.o
       100          0          0          0          0         80   rt_memcpy_w.o
         2          0          0          0          0          0   rtexit.o
        10          0          0          0          0          0   rtexit2.o
        62          0          0          0          0         76   strlen.o
        36          0          0          0          0         80   strstr.o
        74          0          0          0          0         80   sys_stackheap_outer.o
         2          0          0          0          0         68   use_no_semi.o
         2          0          0          0          0         68   use_no_semi_2.o
        10          0          0          0          0        116   fpinit.o

    ----------------------------------------------------------------------
      2962        132         20          0        328       3652   Library Totals
        12          0          3          0          4          0   (incl. Padding)

    ----------------------------------------------------------------------

      Code (inc. data)   RO Data    RW Data    ZI Data      Debug   Library Name

      2940        132         17          0        324       3536   c_w.l
        10          0          0          0          0        116   fz_wv.l

    ----------------------------------------------------------------------
      2962        132         20          0        328       3652   Library Totals

    ----------------------------------------------------------------------

==============================================================================


      Code (inc. data)   RO Data    RW Data    ZI Data      Debug   

    100522      26010       4326        496   32216952    2015496   Grand Totals
    100522      26010       4326        104   32216952    2015496   ELF Image Totals (compressed)
    100522      26010       4326        104          0          0   ROM Totals

==============================================================================

    Total RO  Size (Code + RO Data)               104848 ( 102.39kB)
    Total RW  Size (RW Data + ZI Data)          32217448 (31462.35kB)
    Total ROM Size (Code + RO Data + RW Data)     104952 ( 102.49kB)

==============================================================================

