<html>
<body>
<pre>
<h1>µVision Build Log</h1>
<h2>Tool Versions:</h2>
IDE-Version: ¦ÌVision V5.36.0.0
Copyright (C) 2021 ARM Ltd and ARM Germany GmbH. All rights reserved.
License Information: DED Think, EEE, LIC=NQQMA-158KE-UHH8H-WTB11-K4DU8-EZSFN
 
Tool Versions:
Toolchain:       MDK-ARM Plus  Version: 5.36.0.0
Toolchain Path:  D:\Keil_v5\ARM\ARMCC\Bin
C Compiler:      Armcc.exe V5.06 update 7 (build 960)
Assembler:       Armasm.exe V5.06 update 7 (build 960)
Linker/Locator:  ArmLink.exe V5.06 update 7 (build 960)
Library Manager: ArmAr.exe V5.06 update 7 (build 960)
Hex Converter:   FromElf.exe V5.06 update 7 (build 960)
CPU DLL:         SARMCM3.DLL V5.36.0.0
Dialog DLL:      DCM.DLL V1.17.3.0
Target DLL:      CMSIS_AGDI.dll V1.33.0.0
Dialog DLL:      TCM.DLL V1.53.0.0
 
<h2>Project:</h2>
F:\µ÷ÊÔ\single_led\main_new\Projects\MDK-ARM\atk_h743.uvprojx
Project File Date:  12/22/2025

<h2>Output:</h2>
*** Using Compiler 'V5.06 update 7 (build 960)', folder: 'D:\Keil_v5\ARM\ARMCC\Bin'
Build target 'lwIP'
Note: source file '..\..\Middlewares\lwip\src\core\sys.c' - object file renamed from '..\..\Output\sys.o' to '..\..\Output\sys_1.o'.
Note: source file '..\..\Middlewares\lwip\src\netif\ethernet.c' - object file renamed from '..\..\Output\ethernet.o' to '..\..\Output\ethernet_1.o'.
compiling stm32h7xx_it.c...
compiling stm32h7xx_hal_cortex.c...
compiling sys.c...
compiling delay.c...
compiling usart.c...
compiling stm32h7xx_hal.c...
compiling system_stm32h7xx.c...
compiling stm32h7xx_hal_dma_ex.c...
compiling freertos_demo.c...
compiling main.c...
compiling stm32h7xx_hal_dma.c...
compiling stm32h7xx_hal_gpio.c...
compiling stm32h7xx_hal_pwr.c...
compiling stm32h7xx_hal_rcc.c...
compiling stm32h7xx_hal_sram.c...
compiling stm32h7xx_hal_pwr_ex.c...
compiling stm32h7xx_hal_uart_ex.c...
compiling stm32h7xx_ll_fmc.c...
compiling stm32h7xx_hal_rcc_ex.c...
compiling stm32h7xx_hal_tim_ex.c...
compiling stm32h7xx_hal_uart.c...
compiling stm32h7xx_hal_tim.c...
compiling stm32h7xx_hal_sdram.c...
compiling stm32h7xx_hal_mdma.c...
compiling stm32h7xx_hal_ltdc_ex.c...
compiling stm32h7xx_hal_ltdc.c...
compiling stm32h7xx_hal_dcmi.c...
compiling led.c...
compiling stm32h7xx_hal_eth_ex.c...
compiling stm32h7xx_hal_eth.c...
compiling key.c...
compiling lcd.c...
compiling sdram.c...
compiling cJSON.c...
compiling api_lib.c...
compiling ethernet_chip.c...
compiling pcf8574.c...
compiling ltdc.c...
compiling ethernet.c...
compiling myiic.c...
compiling mpu.c...
compiling err.c...
compiling mycJSON.c...
compiling api_msg.c...
compiling malloc.c...
compiling netdb.c...
compiling if_api.c...
compiling netbuf.c...
compiling netifapi.c...
compiling altcp_alloc.c...
compiling altcp.c...
compiling altcp_tcp.c...
compiling tcpip.c...
compiling def.c...
compiling dns.c...
compiling ip.c...
compiling inet_chksum.c...
compiling init.c...
compiling mem.c...
compiling raw.c...
compiling stats.c...
compiling memp.c...
compiling sys.c...
compiling sockets.c...
compiling netif.c...
compiling pbuf.c...
compiling timeouts.c...
compiling autoip.c...
compiling dhcp.c...
compiling udp.c...
compiling tcp_in.c...
compiling igmp.c...
compiling tcp.c...
compiling icmp.c...
compiling etharp.c...
compiling tcp_out.c...
compiling ip4.c...
compiling ip4_addr.c...
compiling ethernet.c...
compiling ip4_frag.c...
compiling lwip_demo.c...
compiling lwip_comm.c...
compiling ethernetif.c...
compiling croutine.c...
compiling list.c...
compiling event_groups.c...
compiling sys_arch.c...
compiling timers.c...
compiling stream_buffer.c...
compiling queue.c...
compiling tasks.c...
compiling heap_4.c...
compiling port.c...
linking...
Program Size: Code=121082 RO-data=4366 RW-data=484 ZI-data=34506948  
FromELF: creating hex file...
"..\..\Output\atk_h743.axf" - 0 Error(s), 0 Warning(s).

<h2>Software Packages used:</h2>

Package Vendor: Keil
                https://www.keil.com/pack/Keil.STM32H7xx_DFP.4.1.3.pack
                Keil.STM32H7xx_DFP.4.1.3
                STMicroelectronics STM32H7 Series Device Support

<h2>Collection of Component include folders:</h2>

<h2>Collection of Component Files used:</h2>
Build Time Elapsed:  00:00:09
</pre>
</body>
</html>
