<html>
<body>
<pre>
<h1>µVision Build Log</h1>
<h2>Tool Versions:</h2>
IDE-Version: ¦ÌVision V5.36.0.0
Copyright (C) 2021 ARM Ltd and ARM Germany GmbH. All rights reserved.
License Information: DED Think, EEE, LIC=NQQMA-158KE-UHH8H-WTB11-K4DU8-EZSFN
 
Tool Versions:
Toolchain:       MDK-ARM Plus  Version: 5.36.0.0
Toolchain Path:  D:\Keil_v5\ARM\ARMCC\Bin
C Compiler:      Armcc.exe V5.06 update 7 (build 960)
Assembler:       Armasm.exe V5.06 update 7 (build 960)
Linker/Locator:  ArmLink.exe V5.06 update 7 (build 960)
Library Manager: ArmAr.exe V5.06 update 7 (build 960)
Hex Converter:   FromElf.exe V5.06 update 7 (build 960)
CPU DLL:         SARMCM3.DLL V5.36.0.0
Dialog DLL:      DCM.DLL V1.17.3.0
Target DLL:      CMSIS_AGDI.dll V1.33.0.0
Dialog DLL:      TCM.DLL V1.53.0.0
 
<h2>Project:</h2>
F:\µ÷ÊÔ\single_led\main_new\Projects\MDK-ARM\atk_h743.uvprojx
Project File Date:  12/22/2025

<h2>Output:</h2>
*** Using Compiler 'V5.06 update 7 (build 960)', folder: 'D:\Keil_v5\ARM\ARMCC\Bin'
Build target 'lwIP'
Note: source file '..\..\Middlewares\lwip\src\core\sys.c' - object file renamed from '..\..\Output\sys.o' to '..\..\Output\sys_1.o'.
Note: source file '..\..\Middlewares\lwip\src\netif\ethernet.c' - object file renamed from '..\..\Output\ethernet.o' to '..\..\Output\ethernet_1.o'.
compiling bsp_usart1.c...
linking...
Program Size: Code=111272 RO-data=4328 RW-data=528 ZI-data=32219384  
FromELF: creating hex file...
"..\..\Output\atk_h743.axf" - 0 Error(s), 0 Warning(s).

<h2>Software Packages used:</h2>

Package Vendor: Keil
                https://www.keil.com/pack/Keil.ARM_Compiler.1.7.2.pack
                Keil.ARM_Compiler.1.7.2
                Keil ARM Compiler extensions for ARM Compiler 5 and ARM Compiler 6
   * Component: Event Recorder Variant: DAP Version: 1.5.1
   * Component: STDOUT Variant: EVR Version: 1.2.0

Package Vendor: Keil
                https://www.keil.com/pack/Keil.STM32H7xx_DFP.4.1.3.pack
                Keil.STM32H7xx_DFP.4.1.3
                STMicroelectronics STM32H7 Series Device Support

<h2>Collection of Component include folders:</h2>
  .\RTE\Compiler
  .\RTE\_lwIP
  D:\Keil_v5\Local\Arm\Packs\Keil\ARM_Compiler\1.7.2\Include

<h2>Collection of Component Files used:</h2>

   * Component: Keil.ARM Compiler::Compiler:Event Recorder:DAP:1.5.1
      Source file:   Source\EventRecorder.c
      Include file:  Include\EventRecorder.h
      Include file:  Config\EventRecorderConf.h

   * Component: Keil.ARM Compiler::Compiler:I/O:STDOUT:EVR:1.2.0
      Source file:   Source\retarget_io.c
Build Time Elapsed:  00:00:03
</pre>
</body>
</html>
