Component: ARM Compiler 5.06 update 7 (build 960) Tool: armlink [4d3601]

==============================================================================

Section Cross References

    startup_stm32h743xx.o(RESET) refers to startup_stm32h743xx.o(STACK) for __initial_sp
    startup_stm32h743xx.o(RESET) refers to startup_stm32h743xx.o(.text) for Reset_Handler
    startup_stm32h743xx.o(RESET) refers to stm32h7xx_it.o(i.NMI_Handler) for NMI_Handler
    startup_stm32h743xx.o(RESET) refers to stm32h7xx_it.o(i.HardFault_Handler) for HardFault_Handler
    startup_stm32h743xx.o(RESET) refers to stm32h7xx_it.o(i.MemManage_Handler) for MemManage_Handler
    startup_stm32h743xx.o(RESET) refers to stm32h7xx_it.o(i.BusFault_Handler) for BusFault_Handler
    startup_stm32h743xx.o(RESET) refers to stm32h7xx_it.o(i.UsageFault_Handler) for UsageFault_Handler
    startup_stm32h743xx.o(RESET) refers to port.o(.emb_text) for SVC_Handler
    startup_stm32h743xx.o(RESET) refers to stm32h7xx_it.o(i.DebugMon_Handler) for DebugMon_Handler
    startup_stm32h743xx.o(RESET) refers to delay.o(i.SysTick_Handler) for SysTick_Handler
    startup_stm32h743xx.o(RESET) refers to bsp_usart1.o(i.USART1_IRQHandler) for USART1_IRQHandler
    startup_stm32h743xx.o(RESET) refers to bsp_usart2.o(i.USART2_IRQHandler) for USART2_IRQHandler
    startup_stm32h743xx.o(RESET) refers to bsp_rtc.o(i.RTC_Alarm_IRQHandler) for RTC_Alarm_IRQHandler
    startup_stm32h743xx.o(RESET) refers to ethernet.o(i.ETH_IRQHandler) for ETH_IRQHandler
    startup_stm32h743xx.o(.text) refers to system_stm32h7xx.o(i.SystemInit) for SystemInit
    startup_stm32h743xx.o(.text) refers to entry.o(.ARM.Collect$$$$00000000) for __main
    main.o(i.main) refers to main.o(i.system_setup) for system_setup
    main.o(i.main) refers to segger_rtt.o(i.SEGGER_RTT_SetTerminal) for SEGGER_RTT_SetTerminal
    main.o(i.main) refers to segger_rtt_printf.o(i.SEGGER_RTT_printf) for SEGGER_RTT_printf
    main.o(i.main) refers to delay.o(i.delay_ms) for delay_ms
    main.o(i.system_setup) refers to sys.o(i.sys_nvic_set_vector_table) for sys_nvic_set_vector_table
    main.o(i.system_setup) refers to mpu.o(i.mpu_memory_protection) for mpu_memory_protection
    main.o(i.system_setup) refers to sys.o(i.sys_cache_enable) for sys_cache_enable
    main.o(i.system_setup) refers to stm32h7xx_hal.o(i.HAL_Init) for HAL_Init
    main.o(i.system_setup) refers to sys.o(i.sys_stm32_clock_init) for sys_stm32_clock_init
    main.o(i.system_setup) refers to delay.o(i.delay_init) for delay_init
    main.o(i.system_setup) refers to eventrecorder.o(i.EventRecorderInitialize) for EventRecorderInitialize
    main.o(i.system_setup) refers to eventrecorder.o(i.EventRecorderStart) for EventRecorderStart
    main.o(i.system_setup) refers to segger_rtt.o(i.SEGGER_RTT_ConfigUpBuffer) for SEGGER_RTT_ConfigUpBuffer
    main.o(i.system_setup) refers to segger_rtt.o(i.SEGGER_RTT_ConfigDownBuffer) for SEGGER_RTT_ConfigDownBuffer
    system_stm32h7xx.o(i.SystemCoreClockUpdate) refers to system_stm32h7xx.o(.constdata) for D1CorePrescTable
    system_stm32h7xx.o(i.SystemCoreClockUpdate) refers to system_stm32h7xx.o(.data) for SystemD2Clock
    freertos_demo.o(i.freertos_demo) refers to tasks.o(i.xTaskCreate) for xTaskCreate
    freertos_demo.o(i.freertos_demo) refers to tasks.o(i.vTaskStartScheduler) for vTaskStartScheduler
    freertos_demo.o(i.freertos_demo) refers to freertos_demo.o(.data) for StartTask_Handler
    freertos_demo.o(i.freertos_demo) refers to freertos_demo.o(i.start_task) for start_task
    freertos_demo.o(i.led_task) refers to stm32h7xx_hal_gpio.o(i.HAL_GPIO_TogglePin) for HAL_GPIO_TogglePin
    freertos_demo.o(i.led_task) refers to tasks.o(i.vTaskDelay) for vTaskDelay
    freertos_demo.o(i.lwip_demo_task) refers to lwip_demo.o(i.lwip_demo) for lwip_demo
    freertos_demo.o(i.lwip_demo_task) refers to tasks.o(i.vTaskDelay) for vTaskDelay
    freertos_demo.o(i.lwip_test_ui) refers to printfa.o(i.__0printf) for __2printf
    freertos_demo.o(i.lwip_test_ui) refers to printfa.o(i.__0sprintf) for __2sprintf
    freertos_demo.o(i.lwip_test_ui) refers to ethernet.o(i.ethernet_chip_get_speed) for ethernet_chip_get_speed
    freertos_demo.o(i.lwip_test_ui) refers to lwip_comm.o(.bss) for g_lwipdev
    freertos_demo.o(i.start_task) refers to freertos_demo.o(i.lwip_test_ui) for lwip_test_ui
    freertos_demo.o(i.start_task) refers to printfa.o(i.__0printf) for __2printf
    freertos_demo.o(i.start_task) refers to delay.o(i.delay_ms) for delay_ms
    freertos_demo.o(i.start_task) refers to stm32h7xx_hal_gpio.o(i.HAL_GPIO_TogglePin) for HAL_GPIO_TogglePin
    freertos_demo.o(i.start_task) refers to lwip_comm.o(i.lwip_comm_init) for lwip_comm_init
    freertos_demo.o(i.start_task) refers to tasks.o(i.vTaskDelay) for vTaskDelay
    freertos_demo.o(i.start_task) refers to port.o(i.vPortEnterCritical) for vPortEnterCritical
    freertos_demo.o(i.start_task) refers to tasks.o(i.xTaskCreate) for xTaskCreate
[...]
    i.HAL_ETH_IRQHandler                     0x0802174c   Section        0  stm32h7xx_hal_eth.o(i.HAL_ETH_IRQHandler)
    i.HAL_ETH_MACErrorCallback               0x080218e8   Section        0  stm32h7xx_hal_eth.o(i.HAL_ETH_MACErrorCallback)
    i.HAL_ETH_PMTCallback                    0x080218ea   Section        0  stm32h7xx_hal_eth.o(i.HAL_ETH_PMTCallback)
    i.HAL_ETH_ReadPHYRegister                0x080218ec   Section        0  stm32h7xx_hal_eth.o(i.HAL_ETH_ReadPHYRegister)
    i.HAL_ETH_RxCpltCallback                 0x08021964   Section        0  ethernetif.o(i.HAL_ETH_RxCpltCallback)
    i.HAL_ETH_SetMDIOClockRange              0x0802199c   Section        0  stm32h7xx_hal_eth.o(i.HAL_ETH_SetMDIOClockRange)
    i.HAL_ETH_TxCpltCallback                 0x08021a14   Section        0  stm32h7xx_hal_eth.o(i.HAL_ETH_TxCpltCallback)
    i.HAL_ETH_WakeUpCallback                 0x08021a16   Section        0  stm32h7xx_hal_eth.o(i.HAL_ETH_WakeUpCallback)
    i.HAL_ETH_WritePHYRegister               0x08021a18   Section        0  stm32h7xx_hal_eth.o(i.HAL_ETH_WritePHYRegister)
    i.HAL_EnableCompensationCell             0x08021a98   Section        0  stm32h7xx_hal.o(i.HAL_EnableCompensationCell)
    i.HAL_GetREVID                           0x08021aac   Section        0  stm32h7xx_hal.o(i.HAL_GetREVID)
    i.HAL_GetTick                            0x08021ab8   Section        0  stm32h7xx_hal.o(i.HAL_GetTick)
    i.HAL_IncTick                            0x08021ac4   Section        0  stm32h7xx_hal.o(i.HAL_IncTick)
    i.HAL_Init                               0x08021adc   Section        0  stm32h7xx_hal.o(i.HAL_Init)
    i.HAL_InitTick                           0x08021b3c   Section        0  stm32h7xx_hal.o(i.HAL_InitTick)
    i.HAL_MPU_ConfigRegion                   0x08021b94   Section        0  stm32h7xx_hal_cortex.o(i.HAL_MPU_ConfigRegion)
    i.HAL_MPU_Disable                        0x08021bf0   Section        0  stm32h7xx_hal_cortex.o(i.HAL_MPU_Disable)
    i.HAL_MPU_Enable                         0x08021c1c   Section        0  stm32h7xx_hal_cortex.o(i.HAL_MPU_Enable)
    i.HAL_MspInit                            0x08021c5c   Section        0  stm32h7xx_hal.o(i.HAL_MspInit)
    i.HAL_NVIC_SetPriority                   0x08021c5e   Section        0  stm32h7xx_hal_cortex.o(i.HAL_NVIC_SetPriority)
    i.HAL_NVIC_SetPriorityGrouping           0x08021cd8   Section        0  stm32h7xx_hal_cortex.o(i.HAL_NVIC_SetPriorityGrouping)
    i.HAL_PWREx_EnableUSBVoltageDetector     0x08021d00   Section        0  stm32h7xx_hal_pwr_ex.o(i.HAL_PWREx_EnableUSBVoltageDetector)
    i.HAL_RCC_ClockConfig                    0x08021d14   Section        0  stm32h7xx_hal_rcc.o(i.HAL_RCC_ClockConfig)
    i.HAL_RCC_GetHCLKFreq                    0x08022034   Section        0  stm32h7xx_hal_rcc.o(i.HAL_RCC_GetHCLKFreq)
    i.HAL_RCC_GetSysClockFreq                0x08022080   Section        0  stm32h7xx_hal_rcc.o(i.HAL_RCC_GetSysClockFreq)
    i.HAL_RCC_OscConfig                      0x080222ac   Section        0  stm32h7xx_hal_rcc.o(i.HAL_RCC_OscConfig)
    i.HAL_RTCEx_AlarmBEventCallback          0x08022ab4   Section        0  stm32h7xx_hal_rtc_ex.o(i.HAL_RTCEx_AlarmBEventCallback)
    i.HAL_RTC_AlarmAEventCallback            0x08022ab8   Section        0  bsp_rtc.o(i.HAL_RTC_AlarmAEventCallback)
    i.HAL_RTC_AlarmIRQHandler                0x08022adc   Section        0  stm32h7xx_hal_rtc.o(i.HAL_RTC_AlarmIRQHandler)
    i.HAL_SYSTICK_CLKSourceConfig            0x08022b48   Section        0  stm32h7xx_hal_cortex.o(i.HAL_SYSTICK_CLKSourceConfig)
    i.HAL_SYSTICK_Config                     0x08022b70   Section        0  stm32h7xx_hal_cortex.o(i.HAL_SYSTICK_Config)
    i.HAL_UARTEx_RxEventCallback             0x08022ba4   Section        0  stm32h7xx_hal_uart.o(i.HAL_UARTEx_RxEventCallback)
    i.HAL_UARTEx_RxFifoFullCallback          0x08022ba6   Section        0  stm32h7xx_hal_uart_ex.o(i.HAL_UARTEx_RxFifoFullCallback)
    i.HAL_UARTEx_TxFifoEmptyCallback         0x08022ba8   Section        0  stm32h7xx_hal_uart_ex.o(i.HAL_UARTEx_TxFifoEmptyCallback)
    i.HAL_UARTEx_WakeupCallback              0x08022baa   Section        0  stm32h7xx_hal_uart_ex.o(i.HAL_UARTEx_WakeupCallback)
    i.HAL_UART_ErrorCallback                 0x08022bac   Section        0  stm32h7xx_hal_uart.o(i.HAL_UART_ErrorCallback)
    i.HAL_UART_IRQHandler                    0x08022bb0   Section        0  stm32h7xx_hal_uart.o(i.HAL_UART_IRQHandler)
    i.HAL_UART_Receive_IT                    0x08023008   Section        0  stm32h7xx_hal_uart.o(i.HAL_UART_Receive_IT)
    i.HAL_UART_RxCpltCallback                0x0802307c   Section        0  bsp_usart1.o(i.HAL_UART_RxCpltCallback)
    i.HAL_UART_TxCpltCallback                0x08023118   Section        0  stm32h7xx_hal_uart.o(i.HAL_UART_TxCpltCallback)
    i.HardFault_Handler                      0x0802311a   Section        0  stm32h7xx_it.o(i.HardFault_Handler)
    i.MemManage_Handler                      0x0802311e   Section        0  stm32h7xx_it.o(i.MemManage_Handler)
    i.NMI_Handler                            0x08023122   Section        0  stm32h7xx_it.o(i.NMI_Handler)
    i.RTC_Alarm_IRQHandler                   0x08023128   Section        0  bsp_rtc.o(i.RTC_Alarm_IRQHandler)
    i.SEGGER_RTT_ConfigDownBuffer            0x08023138   Section        0  segger_rtt.o(i.SEGGER_RTT_ConfigDownBuffer)
    i.SEGGER_RTT_ConfigUpBuffer              0x080231ac   Section        0  segger_rtt.o(i.SEGGER_RTT_ConfigUpBuffer)
    i.SEGGER_RTT_SetTerminal                 0x08023220   Section        0  segger_rtt.o(i.SEGGER_RTT_SetTerminal)
    i.SEGGER_RTT_Write                       0x080232c0   Section        0  segger_rtt.o(i.SEGGER_RTT_Write)
    i.SEGGER_RTT_WriteNoLock                 0x08023308   Section        0  segger_rtt.o(i.SEGGER_RTT_WriteNoLock)
    i.SEGGER_RTT_printf                      0x0802338c   Section        0  segger_rtt_printf.o(i.SEGGER_RTT_printf)
    i.SEGGER_RTT_vprintf                     0x080233ae   Section        0  segger_rtt_printf.o(i.SEGGER_RTT_vprintf)
    i.SysTick_Handler                        0x080235f8   Section        0  delay.o(i.SysTick_Handler)
    i.SystemInit                             0x0802360c   Section        0  system_stm32h7xx.o(i.SystemInit)
    i.UART_DMAAbortOnError                   0x08023708   Section        0  stm32h7xx_hal_uart.o(i.UART_DMAAbortOnError)
    UART_DMAAbortOnError                     0x08023709   Thumb Code    24  stm32h7xx_hal_uart.o(i.UART_DMAAbortOnError)
    i.UART_EndRxTransfer                     0x08023720   Section        0  stm32h7xx_hal_uart.o(i.UART_EndRxTransfer)
    UART_EndRxTransfer                       0x08023721   Thumb Code   104  stm32h7xx_hal_uart.o(i.UART_EndRxTransfer)
    i.UART_EndTransmit_IT                    0x0802378c   Section        0  stm32h7xx_hal_uart.o(i.UART_EndTransmit_IT)
    UART_EndTransmit_IT                      0x0802378d   Thumb Code    48  stm32h7xx_hal_uart.o(i.UART_EndTransmit_IT)
    i.UART_RxISR_16BIT                       0x080237bc   Section        0  stm32h7xx_hal_uart.o(i.UART_RxISR_16BIT)
    UART_RxISR_16BIT                         0x080237bd   Thumb Code   210  stm32h7xx_hal_uart.o(i.UART_RxISR_16BIT)
    i.UART_RxISR_16BIT_FIFOEN                0x08023890   Section        0  stm32h7xx_hal_uart.o(i.UART_RxISR_16BIT_FIFOEN)
    UART_RxISR_16BIT_FIFOEN                  0x08023891   Thumb Code   448  stm32h7xx_hal_uart.o(i.UART_RxISR_16BIT_FIFOEN)
    i.UART_RxISR_8BIT                        0x08023a58   Section        0  stm32h7xx_hal_uart.o(i.UART_RxISR_8BIT)
    UART_RxISR_8BIT                          0x08023a59   Thumb Code   206  stm32h7xx_hal_uart.o(i.UART_RxISR_8BIT)
    i.UART_RxISR_8BIT_FIFOEN                 0x08023b28   Section        0  stm32h7xx_hal_uart.o(i.UART_RxISR_8BIT_FIFOEN)
    UART_RxISR_8BIT_FIFOEN                   0x08023b29   Thumb Code   446  stm32h7xx_hal_uart.o(i.UART_RxISR_8BIT_FIFOEN)
    i.UART_Start_Receive_IT                  0x08023cf0   Section        0  stm32h7xx_hal_uart.o(i.UART_Start_Receive_IT)
    i.USART1_IRQHandler                      0x08023e60   Section        0  bsp_usart1.o(i.USART1_IRQHandler)
    i.USART2_IRQHandler                      0x08023e70   Section        0  bsp_usart2.o(i.USART2_IRQHandler)
    i.UsageFault_Handler                     0x08023f7c   Section        0  stm32h7xx_it.o(i.UsageFault_Handler)
    i._DoInit                                0x08023f80   Section        0  segger_rtt.o(i._DoInit)
    _DoInit                                  0x08023f81   Thumb Code    74  segger_rtt.o(i._DoInit)
    i._GetAvailWriteSpace                    0x08023ff0   Section        0  segger_rtt.o(i._GetAvailWriteSpace)
    _GetAvailWriteSpace                      0x08023ff1   Thumb Code    28  segger_rtt.o(i._GetAvailWriteSpace)
    i._PrintInt                              0x0802400c   Section        0  segger_rtt_printf.o(i._PrintInt)
    _PrintInt                                0x0802400d   Thumb Code   236  segger_rtt_printf.o(i._PrintInt)
    i._PrintUnsigned                         0x080240f8   Section        0  segger_rtt_printf.o(i._PrintUnsigned)
    _PrintUnsigned                           0x080240f9   Thumb Code   230  segger_rtt_printf.o(i._PrintUnsigned)
    i._StoreChar                             0x080241e4   Section        0  segger_rtt_printf.o(i._StoreChar)
    _StoreChar                               0x080241e5   Thumb Code    68  segger_rtt_printf.o(i._StoreChar)
    i._WriteBlocking                         0x08024228   Section        0  segger_rtt.o(i._WriteBlocking)
    _WriteBlocking                           0x08024229   Thumb Code   118  segger_rtt.o(i._WriteBlocking)
    i._WriteNoCheck                          0x0802429e   Section        0  segger_rtt.o(i._WriteNoCheck)
    _WriteNoCheck                            0x0802429f   Thumb Code    88  segger_rtt.o(i._WriteNoCheck)
    i.__0printf                              0x080242f8   Section        0  printfa.o(i.__0printf)
    i.__NVIC_GetPriorityGrouping             0x08024318   Section        0  stm32h7xx_hal_cortex.o(i.__NVIC_GetPriorityGrouping)
    __NVIC_GetPriorityGrouping               0x08024319   Thumb Code    10  stm32h7xx_hal_cortex.o(i.__NVIC_GetPriorityGrouping)
    i.__NVIC_SetPriority                     0x08024328   Section        0  stm32h7xx_hal_cortex.o(i.__NVIC_SetPriority)
    __NVIC_SetPriority                       0x08024329   Thumb Code    32  stm32h7xx_hal_cortex.o(i.__NVIC_SetPriority)
    i.__scatterload_copy                     0x08024350   Section       14  handlers.o(i.__scatterload_copy)
    i.__scatterload_null                     0x0802435e   Section        2  handlers.o(i.__scatterload_null)
    i.__scatterload_zeroinit                 0x08024360   Section       14  handlers.o(i.__scatterload_zeroinit)
    i._fp_digits                             0x08024370   Section        0  printfa.o(i._fp_digits)
    _fp_digits                               0x08024371   Thumb Code   366  printfa.o(i._fp_digits)
    i._printf_core                           0x080244f4   Section        0  printfa.o(i._printf_core)
    _printf_core                             0x080244f5   Thumb Code  1704  printfa.o(i._printf_core)
    i._printf_post_padding                   0x08024ba8   Section        0  printfa.o(i._printf_post_padding)
    _printf_post_padding                     0x08024ba9   Thumb Code    36  printfa.o(i._printf_post_padding)
    i._printf_pre_padding                    0x08024bcc   Section        0  printfa.o(i._printf_pre_padding)
    _printf_pre_padding                      0x08024bcd   Thumb Code    46  printfa.o(i._printf_pre_padding)
    i.crc16_ccitt                            0x08024bfa   Section        0  eventrecorder.o(i.crc16_ccitt)
    crc16_ccitt                              0x08024bfb   Thumb Code    66  eventrecorder.o(i.crc16_ccitt)
    i.delay_init                             0x08024c3c   Section        0  delay.o(i.delay_init)
    i.delay_ms                               0x08024c74   Section        0  delay.o(i.delay_ms)
    i.delay_us                               0x08024c8c   Section        0  delay.o(i.delay_us)
    i.fputc                                  0x08024cd4   Section        0  retarget_io.o(i.fputc)
    i.main                                   0x08024cf4   Section        0  main.o(i.main)
    i.mpu_memory_protection                  0x08024d40   Section        0  mpu.o(i.mpu_memory_protection)
    i.mpu_set_protection                     0x08024d9c   Section        0  mpu.o(i.mpu_set_protection)
    i.prvCopyDataToQueue                     0x08024dfa   Section        0  queue.o(i.prvCopyDataToQueue)
    prvCopyDataToQueue                       0x08024dfb   Thumb Code   126  queue.o(i.prvCopyDataToQueue)
    i.prvNotifyQueueSetContainer             0x08024e78   Section        0  queue.o(i.prvNotifyQueueSetContainer)
    prvNotifyQueueSetContainer               0x08024e79   Thumb Code   142  queue.o(i.prvNotifyQueueSetContainer)
    i.prvResetNextTaskUnblockTime            0x08024f3c   Section        0  tasks.o(i.prvResetNextTaskUnblockTime)
    prvResetNextTaskUnblockTime              0x08024f3d   Thumb Code    40  tasks.o(i.prvResetNextTaskUnblockTime)
    i.stdout_putchar                         0x08024f6c   Section        0  retarget_io.o(i.stdout_putchar)
    stdout_putchar                           0x08024f6d   Thumb Code    68  retarget_io.o(i.stdout_putchar)
    i.sys_cache_enable                       0x08024fbc   Section        0  sys.o(i.sys_cache_enable)
    i.sys_nvic_set_vector_table              0x080250fc   Section        0  sys.o(i.sys_nvic_set_vector_table)
    i.sys_stm32_clock_init                   0x0802510c   Section        0  sys.o(i.sys_stm32_clock_init)
    i.system_setup                           0x0802522c   Section        0  main.o(i.system_setup)
    system_setup                             0x0802522d   Thumb Code    96  main.o(i.system_setup)
    i.uxListRemove                           0x080252a0   Section        0  list.o(i.uxListRemove)
    i.vPortValidateInterruptPriority         0x080252c8   Section        0  port.o(i.vPortValidateInterruptPriority)
    i.vTaskSwitchContext                     0x0802537c   Section        0  tasks.o(i.vTaskSwitchContext)
    i.xPortSysTickHandler                    0x08025434   Section        0  port.o(i.xPortSysTickHandler)
    i.xQueueGiveFromISR                      0x0802546c   Section        0  queue.o(i.xQueueGiveFromISR)
    i.xTaskGetSchedulerState                 0x08025594   Section        0  tasks.o(i.xTaskGetSchedulerState)
    i.xTaskIncrementTick                     0x080255b4   Section        0  tasks.o(i.xTaskIncrementTick)
    i.xTaskPriorityDisinherit                0x0802579c   Section        0  tasks.o(i.xTaskPriorityDisinherit)
    i.xTaskRemoveFromEventList               0x080258ac   Section        0  tasks.o(i.xTaskRemoveFromEventList)
    .constdata                               0x080259f8   Section       16  system_stm32h7xx.o(.constdata)
    .constdata                               0x08025a08   Section       16  segger_rtt_printf.o(.constdata)
    _aV2C                                    0x08025a08   Data          16  segger_rtt_printf.o(.constdata)
    .constdata                               0x08025a18   Section       24  eventrecorder.o(.constdata)
    __tagsym$$used                           0x08025a18   Number         0  eventrecorder.o(.constdata)
    .ARM.__AT_0x20000000                     0x20000000   Section    122880  malloc.o(.ARM.__AT_0x20000000)
    mem5base                                 0x20000000   Data       122880  malloc.o(.ARM.__AT_0x20000000)
    .ARM.__AT_0x2001E000                     0x2001e000   Section     7680  malloc.o(.ARM.__AT_0x2001E000)
    mem5mapbase                              0x2001e000   Data        7680  malloc.o(.ARM.__AT_0x2001E000)
    .data                                    0x24000000   Section        8  system_stm32h7xx.o(.data)
    .data                                    0x24000008   Section        3  bsp_usart1.o(.data)
    .data                                    0x2400000c   Section        4  delay.o(.data)
    g_fac_us                                 0x2400000c   Data           4  delay.o(.data)
    .data                                    0x24000010   Section        9  stm32h7xx_hal.o(.data)
    .data                                    0x2400001c   Section       28  ethernetif.o(.data)
    memp_tab_RX_POOL                         0x24000034   Data           4  ethernetif.o(.data)
    .data                                    0x24000038   Section       64  tasks.o(.data)
    pxDelayedTaskList                        0x2400003c   Data           4  tasks.o(.data)
    pxOverflowDelayedTaskList                0x24000040   Data           4  tasks.o(.data)
    uxDeletedTasksWaitingCleanUp             0x24000044   Data           4  tasks.o(.data)
    uxCurrentNumberOfTasks                   0x24000048   Data           4  tasks.o(.data)
    xTickCount                               0x2400004c   Data           4  tasks.o(.data)
    uxTopReadyPriority                       0x24000050   Data           4  tasks.o(.data)
    xSchedulerRunning                        0x24000054   Data           4  tasks.o(.data)
    xPendedTicks                             0x24000058   Data           4  tasks.o(.data)
    xYieldPending                            0x2400005c   Data           4  tasks.o(.data)
    xNumOfOverflows                          0x24000060   Data           4  tasks.o(.data)
    uxTaskNumber                             0x24000064   Data           4  tasks.o(.data)
    xNextTaskUnblockTime                     0x24000068   Data           4  tasks.o(.data)
    xIdleTaskHandle                          0x2400006c   Data           4  tasks.o(.data)
    uxSchedulerSuspended                     0x24000074   Data           4  tasks.o(.data)
    .data                                    0x24000078   Section       12  port.o(.data)
    uxCriticalNesting                        0x24000078   Data           4  port.o(.data)
    ucMaxSysCallPriority                     0x2400007c   Data           1  port.o(.data)
    ulMaxPRIGROUPValue                       0x24000080   Data           4  port.o(.data)
    .data                                    0x24000084   Section       17  segger_rtt.o(.data)
    _aTerminalId                             0x24000084   Data          16  segger_rtt.o(.data)
    _ActiveTerminal                          0x24000094   Data           1  segger_rtt.o(.data)
    .data                                    0x24000095   Section        1  eventrecorder.o(.data)
    TS_OverflowLock                          0x24000095   Data           1  eventrecorder.o(.data)
    .data                                    0x24000098   Section       12  retarget_io.o(.data)
    index                                    0x24000098   Data           4  retarget_io.o(.data)
    buffer                                   0x2400009c   Data           8  retarget_io.o(.data)
    .data                                    0x240000a4   Section        4  stdout.o(.data)
    .bss                                     0x240000a8   Section       36  bsp_rtc.o(.bss)
    .bss                                     0x240000e0   Section      416  bsp_usart2.o(.bss)
    .bss                                     0x24000280   Section      344  bsp_usart1.o(.bss)
    .bss                                     0x240003d8   Section      136  ethernet.o(.bss)
    .bss                                     0x24000460   Section      740  tasks.o(.bss)
    pxReadyTasksLists                        0x24000460   Data         640  tasks.o(.bss)
    xDelayedTaskList1                        0x240006e0   Data          20  tasks.o(.bss)
    xDelayedTaskList2                        0x240006f4   Data          20  tasks.o(.bss)
    xPendingReadyList                        0x24000708   Data          20  tasks.o(.bss)
    xTasksWaitingTermination                 0x2400071c   Data          20  tasks.o(.bss)
    xSuspendedTaskList                       0x24000730   Data          20  tasks.o(.bss)
    .bss                                     0x24000744   Section     1208  segger_rtt.o(.bss)
    _acUpBuffer                              0x240007ec   Data        1024  segger_rtt.o(.bss)
    _acDownBuffer                            0x24000bec   Data          16  segger_rtt.o(.bss)
    .bss.noinit                              0x24000c00   Section     1188  eventrecorder.o(.bss.noinit)
    EventBuffer                              0x24000c00   Data        1024  eventrecorder.o(.bss.noinit)
    EventFilter                              0x24001000   Data         128  eventrecorder.o(.bss.noinit)
    EventStatus                              0x24001080   Data          36  eventrecorder.o(.bss.noinit)
    STACK                                    0x240010a8   Section     4096  startup_stm32h743xx.o(STACK)
    .ARM.__AT_0x30000000                     0x30000000   Section    245760  malloc.o(.ARM.__AT_0x30000000)
    mem3base                                 0x30000000   Data       245760  malloc.o(.ARM.__AT_0x30000000)
    .ARM.__AT_0x3003C000                     0x3003c000   Section    15360  malloc.o(.ARM.__AT_0x3003C000)
    mem3mapbase                              0x3003c000   Data       15360  malloc.o(.ARM.__AT_0x3003C000)
    .ARM.__AT_0x30040000                     0x30040000   Section       96  ethernet.o(.ARM.__AT_0x30040000)
    .ARM.__AT_0x30040060                     0x30040060   Section       96  ethernet.o(.ARM.__AT_0x30040060)
    .ARM.__AT_0x30040200                     0x30040200   Section     6112  ethernetif.o(.ARM.__AT_0x30040200)
    .ARM.__AT_0x38000000                     0x38000000   Section    61440  malloc.o(.ARM.__AT_0x38000000)
    mem4base                                 0x38000000   Data       61440  malloc.o(.ARM.__AT_0x38000000)
    .ARM.__AT_0x3800F000                     0x3800f000   Section     3840  malloc.o(.ARM.__AT_0x3800F000)
    mem4mapbase                              0x3800f000   Data        3840  malloc.o(.ARM.__AT_0x3800F000)
    .ARM.__AT_0xC01F4000                     0xc01f4000   Section    29605888  malloc.o(.ARM.__AT_0xC01F4000)
    mem2base                                 0xc01f4000   Data       29605888  malloc.o(.ARM.__AT_0xC01F4000)
    .ARM.__AT_0xC1E30000                     0xc1e30000   Section    1850368  malloc.o(.ARM.__AT_0xC1E30000)
    mem2mapbase                              0xc1e30000   Data       1850368  malloc.o(.ARM.__AT_0xC1E30000)

    Global Symbols

    Symbol Name                              Value     Ov Type        Size  Object(Section)

    BuildAttributes$$THM_ISAv4$E$P$D$K$B$S$7EM$VFPv5_D16$PE$PLD8$A:L22UL41UL21$X:L11$S22US41US21$IEEE1$IW$USESV6$~STKCKD$USESV7$~SHL$OTIME$ROPI$IEEEJ$EBA8$MICROLIB$REQ8$PRES8$EABIv2 0x00000000   Number         0  anon$$obj.o ABSOLUTE
    __ARM_use_no_argv                        0x00000000   Number         0  main.o ABSOLUTE
    _printf_a                                0x00000000   Number         0  stubs.o ABSOLUTE
    _printf_c                                0x00000000   Number         0  stubs.o ABSOLUTE
    _printf_charcount                        0x00000000   Number         0  stubs.o ABSOLUTE
    _printf_d                                0x00000000   Number         0  stubs.o ABSOLUTE
    _printf_e                                0x00000000   Number         0  stubs.o ABSOLUTE
    _printf_f                                0x00000000   Number         0  stubs.o ABSOLUTE
    _printf_flags                            0x00000000   Number         0  stubs.o ABSOLUTE
    _printf_fp_dec                           0x00000000   Number         0  stubs.o ABSOLUTE
    _printf_fp_hex                           0x00000000   Number         0  stubs.o ABSOLUTE
    _printf_g                                0x00000000   Number         0  stubs.o ABSOLUTE
    _printf_i                                0x00000000   Number         0  stubs.o ABSOLUTE
    _printf_int_dec                          0x00000000   Number         0  stubs.o ABSOLUTE
    _printf_l                                0x00000000   Number         0  stubs.o ABSOLUTE
    _printf_lc                               0x00000000   Number         0  stubs.o ABSOLUTE
    _printf_ll                               0x00000000   Number         0  stubs.o ABSOLUTE
    _printf_lld                              0x00000000   Number         0  stubs.o ABSOLUTE
    _printf_lli                              0x00000000   Number         0  stubs.o ABSOLUTE
    _printf_llo                              0x00000000   Number         0  stubs.o ABSOLUTE
    _printf_llu                              0x00000000   Number         0  stubs.o ABSOLUTE
    _printf_llx                              0x00000000   Number         0  stubs.o ABSOLUTE
    _printf_longlong_dec                     0x00000000   Number         0  stubs.o ABSOLUTE
    _printf_longlong_hex                     0x00000000   Number         0  stubs.o ABSOLUTE
    _printf_longlong_oct                     0x00000000   Number         0  stubs.o ABSOLUTE
    _printf_ls                               0x00000000   Number         0  stubs.o ABSOLUTE
    _printf_mbtowc                           0x00000000   Number         0  stubs.o ABSOLUTE
    _printf_n                                0x00000000   Number         0  stubs.o ABSOLUTE
    _printf_o                                0x00000000   Number         0  stubs.o ABSOLUTE
    _printf_p                                0x00000000   Number         0  stubs.o ABSOLUTE
    _printf_percent                          0x00000000   Number         0  stubs.o ABSOLUTE
    _printf_pre_padding                      0x00000000   Number         0  stubs.o ABSOLUTE
    _printf_return_value                     0x00000000   Number         0  stubs.o ABSOLUTE
    _printf_s                                0x00000000   Number         0  stubs.o ABSOLUTE
    _printf_sizespec                         0x00000000   Number         0  stubs.o ABSOLUTE
    _printf_str                              0x00000000   Number         0  stubs.o ABSOLUTE
    _printf_truncate_signed                  0x00000000   Number         0  stubs.o ABSOLUTE
    _printf_truncate_unsigned                0x00000000   Number         0  stubs.o ABSOLUTE
    _printf_u                                0x00000000   Number         0  stubs.o ABSOLUTE
    _printf_wc                               0x00000000   Number         0  stubs.o ABSOLUTE
    _printf_wctomb                           0x00000000   Number         0  stubs.o ABSOLUTE
    _printf_widthprec                        0x00000000   Number         0  stubs.o ABSOLUTE
    _printf_x                                0x00000000   Number         0  stubs.o ABSOLUTE
    __arm_fini_                               - Undefined Weak Reference
    __cpp_initialize__aeabi_                  - Undefined Weak Reference
    __cxa_finalize                            - Undefined Weak Reference
    __decompress                              - Undefined Weak Reference
    _clock_init                               - Undefined Weak Reference
    _microlib_exit                            - Undefined Weak Reference
    _scanf_int                                - Undefined Weak Reference
    _scanf_longlong                           - Undefined Weak Reference
    _scanf_string                             - Undefined Weak Reference
    __Vectors_Size                           0x00000298   Number         0  startup_stm32h743xx.o ABSOLUTE
    __Vectors                                0x08020000   Data           4  startup_stm32h743xx.o(RESET)
    __Vectors_End                            0x08020298   Data           0  startup_stm32h743xx.o(RESET)
    __main                                   0x08020299   Thumb Code     0  entry.o(.ARM.Collect$$$$00000000)
    _main_stk                                0x08020299   Thumb Code     0  entry2.o(.ARM.Collect$$$$00000001)
    _main_scatterload                        0x0802029d   Thumb Code     0  entry5.o(.ARM.Collect$$$$00000004)
    __main_after_scatterload                 0x080202a1   Thumb Code     0  entry5.o(.ARM.Collect$$$$00000004)
    _main_clock                              0x080202a1   Thumb Code     0  entry7b.o(.ARM.Collect$$$$00000008)
    _main_cpp_init                           0x080202a1   Thumb Code     0  entry8b.o(.ARM.Collect$$$$0000000A)
    _main_init                               0x080202a1   Thumb Code     0  entry9a.o(.ARM.Collect$$$$0000000B)
    __rt_lib_shutdown_fini                   0x080202a9   Thumb Code     0  entry12b.o(.ARM.Collect$$$$0000000E)
    __rt_final_cpp                           0x080202ad   Thumb Code     0  entry10a.o(.ARM.Collect$$$$0000000F)
    __rt_final_exit                          0x080202ad   Thumb Code     0  entry11a.o(.ARM.Collect$$$$00000011)
    SVC_Handler                              0x080202b1   Thumb Code    28  port.o(.emb_text)
    __asm___6_port_c_39a90d8d__prvStartFirstTask 0x080202d1   Thumb Code    36  port.o(.emb_text)
    __asm___6_port_c_39a90d8d__prvEnableVFP  0x080202f9   Thumb Code    16  port.o(.emb_text)
    PendSV_Handler                           0x0802030d   Thumb Code    92  port.o(.emb_text)
    vPortGetIPSR                             0x0802036d   Thumb Code     6  port.o(.emb_text)
    __asm___15_EventRecorder_c_e8d3082c__atomic_inc8 0x08020375   Thumb Code    18  eventrecorder.o(.emb_text)
    __asm___15_EventRecorder_c_e8d3082c__atomic_inc32 0x08020387   Thumb Code    18  eventrecorder.o(.emb_text)
    __asm___15_EventRecorder_c_e8d3082c__atomic_wr8 0x08020399   Thumb Code    16  eventrecorder.o(.emb_text)
    __asm___15_EventRecorder_c_e8d3082c__atomic_wr32 0x080203a9   Thumb Code    16  eventrecorder.o(.emb_text)
    __asm___15_EventRecorder_c_e8d3082c__LockRecord 0x080203b9   Thumb Code    34  eventrecorder.o(.emb_text)
    __asm___15_EventRecorder_c_e8d3082c__UnlockRecord 0x080203db   Thumb Code    30  eventrecorder.o(.emb_text)
    Reset_Handler                            0x080203f9   Thumb Code    20  startup_stm32h743xx.o(.text)
    ADC3_IRQHandler                          0x0802041f   Thumb Code     0  startup_stm32h743xx.o(.text)
    ADC_IRQHandler                           0x0802041f   Thumb Code     0  startup_stm32h743xx.o(.text)
    BDMA_Channel0_IRQHandler                 0x0802041f   Thumb Code     0  startup_stm32h743xx.o(.text)
    BDMA_Channel1_IRQHandler                 0x0802041f   Thumb Code     0  startup_stm32h743xx.o(.text)
    BDMA_Channel2_IRQHandler                 0x0802041f   Thumb Code     0  startup_stm32h743xx.o(.text)
    BDMA_Channel3_IRQHandler                 0x0802041f   Thumb Code     0  startup_stm32h743xx.o(.text)
    BDMA_Channel4_IRQHandler                 0x0802041f   Thumb Code     0  startup_stm32h743xx.o(.text)
    BDMA_Channel5_IRQHandler                 0x0802041f   Thumb Code     0  startup_stm32h743xx.o(.text)
    BDMA_Channel6_IRQHandler                 0x0802041f   Thumb Code     0  startup_stm32h743xx.o(.text)
    BDMA_Channel7_IRQHandler                 0x0802041f   Thumb Code     0  startup_stm32h743xx.o(.text)
    CEC_IRQHandler                           0x0802041f   Thumb Code     0  startup_stm32h743xx.o(.text)
    COMP1_IRQHandler                         0x0802041f   Thumb Code     0  startup_stm32h743xx.o(.text)
    CRS_IRQHandler                           0x0802041f   Thumb Code     0  startup_stm32h743xx.o(.text)
    DCMI_IRQHandler                          0x0802041f   Thumb Code     0  startup_stm32h743xx.o(.text)
    DFSDM1_FLT0_IRQHandler                   0x0802041f   Thumb Code     0  startup_stm32h743xx.o(.text)
    DFSDM1_FLT1_IRQHandler                   0x0802041f   Thumb Code     0  startup_stm32h743xx.o(.text)
    DFSDM1_FLT2_IRQHandler                   0x0802041f   Thumb Code     0  startup_stm32h743xx.o(.text)
    DFSDM1_FLT3_IRQHandler                   0x0802041f   Thumb Code     0  startup_stm32h743xx.o(.text)
    DMA1_Stream0_IRQHandler                  0x0802041f   Thumb Code     0  startup_stm32h743xx.o(.text)
    DMA1_Stream1_IRQHandler                  0x0802041f   Thumb Code     0  startup_stm32h743xx.o(.text)
    DMA1_Stream2_IRQHandler                  0x0802041f   Thumb Code     0  startup_stm32h743xx.o(.text)
    DMA1_Stream3_IRQHandler                  0x0802041f   Thumb Code     0  startup_stm32h743xx.o(.text)
    DMA1_Stream4_IRQHandler                  0x0802041f   Thumb Code     0  startup_stm32h743xx.o(.text)
    DMA1_Stream5_IRQHandler                  0x0802041f   Thumb Code     0  startup_stm32h743xx.o(.text)
    DMA1_Stream6_IRQHandler                  0x0802041f   Thumb Code     0  startup_stm32h743xx.o(.text)
    DMA1_Stream7_IRQHandler                  0x0802041f   Thumb Code     0  startup_stm32h743xx.o(.text)
    DMA2D_IRQHandler                         0x0802041f   Thumb Code     0  startup_stm32h743xx.o(.text)
    DMA2_Stream0_IRQHandler                  0x0802041f   Thumb Code     0  startup_stm32h743xx.o(.text)
    DMA2_Stream1_IRQHandler                  0x0802041f   Thumb Code     0  startup_stm32h743xx.o(.text)
    DMA2_Stream2_IRQHandler                  0x0802041f   Thumb Code     0  startup_stm32h743xx.o(.text)
    DMA2_Stream3_IRQHandler                  0x0802041f   Thumb Code     0  startup_stm32h743xx.o(.text)
    DMA2_Stream4_IRQHandler                  0x0802041f   Thumb Code     0  startup_stm32h743xx.o(.text)
    DMA2_Stream5_IRQHandler                  0x0802041f   Thumb Code     0  startup_stm32h743xx.o(.text)
    DMA2_Stream6_IRQHandler                  0x0802041f   Thumb Code     0  startup_stm32h743xx.o(.text)
    DMA2_Stream7_IRQHandler                  0x0802041f   Thumb Code     0  startup_stm32h743xx.o(.text)
    DMAMUX1_OVR_IRQHandler                   0x0802041f   Thumb Code     0  startup_stm32h743xx.o(.text)
    DMAMUX2_OVR_IRQHandler                   0x0802041f   Thumb Code     0  startup_stm32h743xx.o(.text)
    ECC_IRQHandler                           0x0802041f   Thumb Code     0  startup_stm32h743xx.o(.text)
    ETH_WKUP_IRQHandler                      0x0802041f   Thumb Code     0  startup_stm32h743xx.o(.text)
    EXTI0_IRQHandler                         0x0802041f   Thumb Code     0  startup_stm32h743xx.o(.text)
    EXTI15_10_IRQHandler                     0x0802041f   Thumb Code     0  startup_stm32h743xx.o(.text)
    EXTI1_IRQHandler                         0x0802041f   Thumb Code     0  startup_stm32h743xx.o(.text)
    EXTI2_IRQHandler                         0x0802041f   Thumb Code     0  startup_stm32h743xx.o(.text)
    EXTI3_IRQHandler                         0x0802041f   Thumb Code     0  startup_stm32h743xx.o(.text)
    EXTI4_IRQHandler                         0x0802041f   Thumb Code     0  startup_stm32h743xx.o(.text)
    EXTI9_5_IRQHandler                       0x0802041f   Thumb Code     0  startup_stm32h743xx.o(.text)
    FDCAN1_IT0_IRQHandler                    0x0802041f   Thumb Code     0  startup_stm32h743xx.o(.text)
    FDCAN1_IT1_IRQHandler                    0x0802041f   Thumb Code     0  startup_stm32h743xx.o(.text)
    FDCAN2_IT0_IRQHandler                    0x0802041f   Thumb Code     0  startup_stm32h743xx.o(.text)
    FDCAN2_IT1_IRQHandler                    0x0802041f   Thumb Code     0  startup_stm32h743xx.o(.text)
    FDCAN_CAL_IRQHandler                     0x0802041f   Thumb Code     0  startup_stm32h743xx.o(.text)
    FLASH_IRQHandler                         0x0802041f   Thumb Code     0  startup_stm32h743xx.o(.text)
    FMC_IRQHandler                           0x0802041f   Thumb Code     0  startup_stm32h743xx.o(.text)
    FPU_IRQHandler                           0x0802041f   Thumb Code     0  startup_stm32h743xx.o(.text)
    HRTIM1_FLT_IRQHandler                    0x0802041f   Thumb Code     0  startup_stm32h743xx.o(.text)
    HRTIM1_Master_IRQHandler                 0x0802041f   Thumb Code     0  startup_stm32h743xx.o(.text)
    HRTIM1_TIMA_IRQHandler                   0x0802041f   Thumb Code     0  startup_stm32h743xx.o(.text)
    HRTIM1_TIMB_IRQHandler                   0x0802041f   Thumb Code     0  startup_stm32h743xx.o(.text)
    HRTIM1_TIMC_IRQHandler                   0x0802041f   Thumb Code     0  startup_stm32h743xx.o(.text)
    HRTIM1_TIMD_IRQHandler                   0x0802041f   Thumb Code     0  startup_stm32h743xx.o(.text)
    HRTIM1_TIME_IRQHandler                   0x0802041f   Thumb Code     0  startup_stm32h743xx.o(.text)
    HSEM1_IRQHandler                         0x0802041f   Thumb Code     0  startup_stm32h743xx.o(.text)
    I2C1_ER_IRQHandler                       0x0802041f   Thumb Code     0  startup_stm32h743xx.o(.text)
    I2C1_EV_IRQHandler                       0x0802041f   Thumb Code     0  startup_stm32h743xx.o(.text)
    I2C2_ER_IRQHandler                       0x0802041f   Thumb Code     0  startup_stm32h743xx.o(.text)
    I2C2_EV_IRQHandler                       0x0802041f   Thumb Code     0  startup_stm32h743xx.o(.text)
    I2C3_ER_IRQHandler                       0x0802041f   Thumb Code     0  startup_stm32h743xx.o(.text)
    I2C3_EV_IRQHandler                       0x0802041f   Thumb Code     0  startup_stm32h743xx.o(.text)
    I2C4_ER_IRQHandler                       0x0802041f   Thumb Code     0  startup_stm32h743xx.o(.text)
    I2C4_EV_IRQHandler                       0x0802041f   Thumb Code     0  startup_stm32h743xx.o(.text)
    JPEG_IRQHandler                          0x0802041f   Thumb Code     0  startup_stm32h743xx.o(.text)
    LPTIM1_IRQHandler                        0x0802041f   Thumb Code     0  startup_stm32h743xx.o(.text)
    LPTIM2_IRQHandler                        0x0802041f   Thumb Code     0  startup_stm32h743xx.o(.text)
    LPTIM3_IRQHandler                        0x0802041f   Thumb Code     0  startup_stm32h743xx.o(.text)
    LPTIM4_IRQHandler                        0x0802041f   Thumb Code     0  startup_stm32h743xx.o(.text)
    LPTIM5_IRQHandler                        0x0802041f   Thumb Code     0  startup_stm32h743xx.o(.text)
    LPUART1_IRQHandler                       0x0802041f   Thumb Code     0  startup_stm32h743xx.o(.text)
    LTDC_ER_IRQHandler                       0x0802041f   Thumb Code     0  startup_stm32h743xx.o(.text)
    LTDC_IRQHandler                          0x0802041f   Thumb Code     0  startup_stm32h743xx.o(.text)
    MDIOS_IRQHandler                         0x0802041f   Thumb Code     0  startup_stm32h743xx.o(.text)
    MDIOS_WKUP_IRQHandler                    0x0802041f   Thumb Code     0  startup_stm32h743xx.o(.text)
    MDMA_IRQHandler                          0x0802041f   Thumb Code     0  startup_stm32h743xx.o(.text)
    OTG_FS_EP1_IN_IRQHandler                 0x0802041f   Thumb Code     0  startup_stm32h743xx.o(.text)
    OTG_FS_EP1_OUT_IRQHandler                0x0802041f   Thumb Code     0  startup_stm32h743xx.o(.text)
    OTG_FS_IRQHandler                        0x0802041f   Thumb Code     0  startup_stm32h743xx.o(.text)
    OTG_FS_WKUP_IRQHandler                   0x0802041f   Thumb Code     0  startup_stm32h743xx.o(.text)
    OTG_HS_EP1_IN_IRQHandler                 0x0802041f   Thumb Code     0  startup_stm32h743xx.o(.text)
    OTG_HS_EP1_OUT_IRQHandler                0x0802041f   Thumb Code     0  startup_stm32h743xx.o(.text)
    OTG_HS_IRQHandler                        0x0802041f   Thumb Code     0  startup_stm32h743xx.o(.text)
    OTG_HS_WKUP_IRQHandler                   0x0802041f   Thumb Code     0  startup_stm32h743xx.o(.text)
    PVD_AVD_IRQHandler                       0x0802041f   Thumb Code     0  startup_stm32h743xx.o(.text)
    QUADSPI_IRQHandler                       0x0802041f   Thumb Code     0  startup_stm32h743xx.o(.text)
    RCC_IRQHandler                           0x0802041f   Thumb Code     0  startup_stm32h743xx.o(.text)
    RNG_IRQHandler                           0x0802041f   Thumb Code     0  startup_stm32h743xx.o(.text)
    RTC_WKUP_IRQHandler                      0x0802041f   Thumb Code     0  startup_stm32h743xx.o(.text)
    SAI1_IRQHandler                          0x0802041f   Thumb Code     0  startup_stm32h743xx.o(.text)
    SAI2_IRQHandler                          0x0802041f   Thumb Code     0  startup_stm32h743xx.o(.text)
    SAI3_IRQHandler                          0x0802041f   Thumb Code     0  startup_stm32h743xx.o(.text)
    SAI4_IRQHandler                          0x0802041f   Thumb Code     0  startup_stm32h743xx.o(.text)
    SDMMC1_IRQHandler                        0x0802041f   Thumb Code     0  startup_stm32h743xx.o(.text)
    SDMMC2_IRQHandler                        0x0802041f   Thumb Code     0  startup_stm32h743xx.o(.text)
    SPDIF_RX_IRQHandler                      0x0802041f   Thumb Code     0  startup_stm32h743xx.o(.text)
    SPI1_IRQHandler                          0x0802041f   Thumb Code     0  startup_stm32h743xx.o(.text)
    SPI2_IRQHandler                          0x0802041f   Thumb Code     0  startup_stm32h743xx.o(.text)
    SPI3_IRQHandler                          0x0802041f   Thumb Code     0  startup_stm32h743xx.o(.text)
    SPI4_IRQHandler                          0x0802041f   Thumb Code     0  startup_stm32h743xx.o(.text)
    SPI5_IRQHandler                          0x0802041f   Thumb Code     0  startup_stm32h743xx.o(.text)
    SPI6_IRQHandler                          0x0802041f   Thumb Code     0  startup_stm32h743xx.o(.text)
    SWPMI1_IRQHandler                        0x0802041f   Thumb Code     0  startup_stm32h743xx.o(.text)
    TAMP_STAMP_IRQHandler                    0x0802041f   Thumb Code     0  startup_stm32h743xx.o(.text)
    TIM15_IRQHandler                         0x0802041f   Thumb Code     0  startup_stm32h743xx.o(.text)
    TIM16_IRQHandler                         0x0802041f   Thumb Code     0  startup_stm32h743xx.o(.text)
    TIM17_IRQHandler                         0x0802041f   Thumb Code     0  startup_stm32h743xx.o(.text)
    TIM1_BRK_IRQHandler                      0x0802041f   Thumb Code     0  startup_stm32h743xx.o(.text)
    TIM1_CC_IRQHandler                       0x0802041f   Thumb Code     0  startup_stm32h743xx.o(.text)
    TIM1_TRG_COM_IRQHandler                  0x0802041f   Thumb Code     0  startup_stm32h743xx.o(.text)
    TIM1_UP_IRQHandler                       0x0802041f   Thumb Code     0  startup_stm32h743xx.o(.text)
    TIM2_IRQHandler                          0x0802041f   Thumb Code     0  startup_stm32h743xx.o(.text)
    TIM3_IRQHandler                          0x0802041f   Thumb Code     0  startup_stm32h743xx.o(.text)
    TIM4_IRQHandler                          0x0802041f   Thumb Code     0  startup_stm32h743xx.o(.text)
    TIM5_IRQHandler                          0x0802041f   Thumb Code     0  startup_stm32h743xx.o(.text)
    TIM6_DAC_IRQHandler                      0x0802041f   Thumb Code     0  startup_stm32h743xx.o(.text)
    TIM7_IRQHandler                          0x0802041f   Thumb Code     0  startup_stm32h743xx.o(.text)
    TIM8_BRK_TIM12_IRQHandler                0x0802041f   Thumb Code     0  startup_stm32h743xx.o(.text)
    TIM8_CC_IRQHandler                       0x0802041f   Thumb Code     0  startup_stm32h743xx.o(.text)
    TIM8_TRG_COM_TIM14_IRQHandler            0x0802041f   Thumb Code     0  startup_stm32h743xx.o(.text)
    TIM8_UP_TIM13_IRQHandler                 0x0802041f   Thumb Code     0  startup_stm32h743xx.o(.text)
    UART4_IRQHandler                         0x0802041f   Thumb Code     0  startup_stm32h743xx.o(.text)
    UART5_IRQHandler                         0x0802041f   Thumb Code     0  startup_stm32h743xx.o(.text)
    UART7_IRQHandler                         0x0802041f   Thumb Code     0  startup_stm32h743xx.o(.text)
    UART8_IRQHandler                         0x0802041f   Thumb Code     0  startup_stm32h743xx.o(.text)
    USART3_IRQHandler                        0x0802041f   Thumb Code     0  startup_stm32h743xx.o(.text)
    USART6_IRQHandler                        0x0802041f   Thumb Code     0  startup_stm32h743xx.o(.text)
    WAKEUP_PIN_IRQHandler                    0x0802041f   Thumb Code     0  startup_stm32h743xx.o(.text)
    WWDG_IRQHandler                          0x0802041f   Thumb Code     0  startup_stm32h743xx.o(.text)
    __aeabi_uldivmod                         0x0802042d   Thumb Code    98  uldiv.o(.text)
    ___aeabi_memcpy8$move                    0x0802048f   Thumb Code     0  memmovea.o(.text)
    __aeabi_memcpy                           0x0802048f   Thumb Code    64  memmovea.o(.text)
    __aeabi_memcpy4                          0x0802048f   Thumb Code     0  memmovea.o(.text)
    __aeabi_memmove                          0x0802048f   Thumb Code     0  memmovea.o(.text)
    __aeabi_memmove4                         0x0802048f   Thumb Code     0  memmovea.o(.text)
    __aeabi_memmove8                         0x0802048f   Thumb Code     0  memmovea.o(.text)
    __aeabi_memset                           0x080204cf   Thumb Code    14  memseta.o(.text)
    __aeabi_memset4                          0x080204cf   Thumb Code     0  memseta.o(.text)
    __aeabi_memset8                          0x080204cf   Thumb Code     0  memseta.o(.text)
    __aeabi_memclr                           0x080204dd   Thumb Code     4  memseta.o(.text)
    __aeabi_memclr4                          0x080204dd   Thumb Code     0  memseta.o(.text)
    __aeabi_memclr8                          0x080204dd   Thumb Code     0  memseta.o(.text)
    memset                                   0x080204e1   Thumb Code    18  memseta.o(.text)
    strcpy                                   0x080204f3   Thumb Code    18  strcpy.o(.text)
    __aeabi_uidiv                            0x08020505   Thumb Code     0  uidiv.o(.text)
    __aeabi_uidivmod                         0x08020505   Thumb Code    44  uidiv.o(.text)
    __aeabi_llsl                             0x08020531   Thumb Code    30  llshl.o(.text)
    _ll_shift_l                              0x08020531   Thumb Code     0  llshl.o(.text)
    __aeabi_llsr                             0x0802054f   Thumb Code    32  llushr.o(.text)
    _ll_ushift_r                             0x0802054f   Thumb Code     0  llushr.o(.text)
    __I$use$fp                               0x0802056f   Thumb Code     0  iusefp.o(.text)
    __aeabi_dadd                             0x0802056f   Thumb Code   322  dadd.o(.text)
    __aeabi_dsub                             0x080206b1   Thumb Code     6  dadd.o(.text)
    __aeabi_drsub                            0x080206b7   Thumb Code     6  dadd.o(.text)
    __aeabi_dmul                             0x080206bd   Thumb Code   228  dmul.o(.text)
    __aeabi_ddiv                             0x080207a1   Thumb Code   222  ddiv.o(.text)
    __aeabi_d2ulz                            0x0802087f   Thumb Code    48  dfixul.o(.text)
    __aeabi_cdrcmple                         0x080208b1   Thumb Code    48  cdrcmple.o(.text)
    __scatterload                            0x080208e1   Thumb Code    28  init.o(.text)
    __scatterload_rt2                        0x080208e1   Thumb Code     0  init.o(.text)
    __aeabi_lasr                             0x08020905   Thumb Code    36  llsshr.o(.text)
    _ll_sshift_r                             0x08020905   Thumb Code     0  llsshr.o(.text)
    _double_round                            0x08020929   Thumb Code    30  depilogue.o(.text)
    _double_epilogue                         0x08020947   Thumb Code   156  depilogue.o(.text)
    BusFault_Handler                         0x080209e3   Thumb Code     4  stm32h7xx_it.o(i.BusFault_Handler)
    DebugMon_Handler                         0x080209e7   Thumb Code     2  stm32h7xx_it.o(i.DebugMon_Handler)
    ETH_IRQHandler                           0x080209e9   Thumb Code    10  ethernet.o(i.ETH_IRQHandler)
    ETH_PHY_IO_DeInit                        0x080209f9   Thumb Code     4  ethernetif.o(i.ETH_PHY_IO_DeInit)
    ETH_PHY_IO_GetTick                       0x080209fd   Thumb Code     8  ethernetif.o(i.ETH_PHY_IO_GetTick)
    ETH_PHY_IO_Init                          0x08020a05   Thumb Code    12  ethernetif.o(i.ETH_PHY_IO_Init)
    ETH_PHY_IO_ReadReg                       0x08020a15   Thumb Code    32  ethernetif.o(i.ETH_PHY_IO_ReadReg)
    ETH_PHY_IO_WriteReg                      0x08020a39   Thumb Code    32  ethernetif.o(i.ETH_PHY_IO_WriteReg)
    EventRecordData                          0x08020add   Thumb Code   278  eventrecorder.o(i.EventRecordData)
    EventRecorderEnable                      0x08020ccd   Thumb Code    88  eventrecorder.o(i.EventRecorderEnable)
    EventRecorderInitialize                  0x08020d29   Thumb Code   274  eventrecorder.o(i.EventRecorderInitialize)
    EventRecorderStart                       0x08020e59   Thumb Code    40  eventrecorder.o(i.EventRecorderStart)
    EventRecorderTimerGetCount               0x08020e89   Thumb Code     6  eventrecorder.o(i.EventRecorderTimerGetCount)
    EventRecorderTimerGetFreq                0x08020e95   Thumb Code     6  eventrecorder.o(i.EventRecorderTimerGetFreq)
    EventRecorderTimerSetup                  0x08020ea1   Thumb Code    28  eventrecorder.o(i.EventRecorderTimerSetup)
    HAL_DMA_Abort                            0x08020ed5   Thumb Code  1236  stm32h7xx_hal_dma.o(i.HAL_DMA_Abort)
    HAL_DMA_Abort_IT                         0x080213b1   Thumb Code   906  stm32h7xx_hal_dma.o(i.HAL_DMA_Abort_IT)
    HAL_ETH_DMAErrorCallback                 0x08021749   Thumb Code     2  stm32h7xx_hal_eth.o(i.HAL_ETH_DMAErrorCallback)
    HAL_ETH_EEECallback                      0x0802174b   Thumb Code     2  stm32h7xx_hal_eth.o(i.HAL_ETH_EEECallback)
    HAL_ETH_IRQHandler                       0x0802174d   Thumb Code   408  stm32h7xx_hal_eth.o(i.HAL_ETH_IRQHandler)
    HAL_ETH_MACErrorCallback                 0x080218e9   Thumb Code     2  stm32h7xx_hal_eth.o(i.HAL_ETH_MACErrorCallback)
    HAL_ETH_PMTCallback                      0x080218eb   Thumb Code     2  stm32h7xx_hal_eth.o(i.HAL_ETH_PMTCallback)
    HAL_ETH_ReadPHYRegister                  0x080218ed   Thumb Code   120  stm32h7xx_hal_eth.o(i.HAL_ETH_ReadPHYRegister)
    HAL_ETH_RxCpltCallback                   0x08021965   Thumb Code    48  ethernetif.o(i.HAL_ETH_RxCpltCallback)
    HAL_ETH_SetMDIOClockRange                0x0802199d   Thumb Code   100  stm32h7xx_hal_eth.o(i.HAL_ETH_SetMDIOClockRange)
    HAL_ETH_TxCpltCallback                   0x08021a15   Thumb Code     2  stm32h7xx_hal_eth.o(i.HAL_ETH_TxCpltCallback)
    HAL_ETH_WakeUpCallback                   0x08021a17   Thumb Code     2  stm32h7xx_hal_eth.o(i.HAL_ETH_WakeUpCallback)
    HAL_ETH_WritePHYRegister                 0x08021a19   Thumb Code   118  stm32h7xx_hal_eth.o(i.HAL_ETH_WritePHYRegister)
    HAL_EnableCompensationCell               0x08021a99   Thumb Code    14  stm32h7xx_hal.o(i.HAL_EnableCompensationCell)
    HAL_GetREVID                             0x08021aad   Thumb Code     8  stm32h7xx_hal.o(i.HAL_GetREVID)
    HAL_GetTick                              0x08021ab9   Thumb Code     6  stm32h7xx_hal.o(i.HAL_GetTick)
    HAL_IncTick                              0x08021ac5   Thumb Code    16  stm32h7xx_hal.o(i.HAL_IncTick)
    HAL_Init                                 0x08021add   Thumb Code    80  stm32h7xx_hal.o(i.HAL_Init)
    HAL_InitTick                             0x08021b3d   Thumb Code    74  stm32h7xx_hal.o(i.HAL_InitTick)
    HAL_MPU_ConfigRegion                     0x08021b95   Thumb Code    88  stm32h7xx_hal_cortex.o(i.HAL_MPU_ConfigRegion)
    HAL_MPU_Disable                          0x08021bf1   Thumb Code    38  stm32h7xx_hal_cortex.o(i.HAL_MPU_Disable)
    HAL_MPU_Enable                           0x08021c1d   Thumb Code    58  stm32h7xx_hal_cortex.o(i.HAL_MPU_Enable)
    HAL_MspInit                              0x08021c5d   Thumb Code     2  stm32h7xx_hal.o(i.HAL_MspInit)
    HAL_NVIC_SetPriority                     0x08021c5f   Thumb Code   122  stm32h7xx_hal_cortex.o(i.HAL_NVIC_SetPriority)
    HAL_NVIC_SetPriorityGrouping             0x08021cd9   Thumb Code    32  stm32h7xx_hal_cortex.o(i.HAL_NVIC_SetPriorityGrouping)
    HAL_PWREx_EnableUSBVoltageDetector       0x08021d01   Thumb Code    14  stm32h7xx_hal_pwr_ex.o(i.HAL_PWREx_EnableUSBVoltageDetector)
    HAL_RCC_ClockConfig                      0x08021d15   Thumb Code   774  stm32h7xx_hal_rcc.o(i.HAL_RCC_ClockConfig)
    HAL_RCC_GetHCLKFreq                      0x08022035   Thumb Code    60  stm32h7xx_hal_rcc.o(i.HAL_RCC_GetHCLKFreq)
    HAL_RCC_GetSysClockFreq                  0x08022081   Thumb Code   524  stm32h7xx_hal_rcc.o(i.HAL_RCC_GetSysClockFreq)
    HAL_RCC_OscConfig                        0x080222ad   Thumb Code  2056  stm32h7xx_hal_rcc.o(i.HAL_RCC_OscConfig)
    HAL_RTCEx_AlarmBEventCallback            0x08022ab5   Thumb Code     2  stm32h7xx_hal_rtc_ex.o(i.HAL_RTCEx_AlarmBEventCallback)
    HAL_RTC_AlarmAEventCallback              0x08022ab9   Thumb Code    24  bsp_rtc.o(i.HAL_RTC_AlarmAEventCallback)
    HAL_RTC_AlarmIRQHandler                  0x08022add   Thumb Code   104  stm32h7xx_hal_rtc.o(i.HAL_RTC_AlarmIRQHandler)
    HAL_SYSTICK_CLKSourceConfig              0x08022b49   Thumb Code    40  stm32h7xx_hal_cortex.o(i.HAL_SYSTICK_CLKSourceConfig)
    HAL_SYSTICK_Config                       0x08022b71   Thumb Code    52  stm32h7xx_hal_cortex.o(i.HAL_SYSTICK_Config)
    HAL_UARTEx_RxEventCallback               0x08022ba5   Thumb Code     2  stm32h7xx_hal_uart.o(i.HAL_UARTEx_RxEventCallback)
    HAL_UARTEx_RxFifoFullCallback            0x08022ba7   Thumb Code     2  stm32h7xx_hal_uart_ex.o(i.HAL_UARTEx_RxFifoFullCallback)
    HAL_UARTEx_TxFifoEmptyCallback           0x08022ba9   Thumb Code     2  stm32h7xx_hal_uart_ex.o(i.HAL_UARTEx_TxFifoEmptyCallback)
    HAL_UARTEx_WakeupCallback                0x08022bab   Thumb Code     2  stm32h7xx_hal_uart_ex.o(i.HAL_UARTEx_WakeupCallback)
    HAL_UART_ErrorCallback                   0x08022bad   Thumb Code     2  stm32h7xx_hal_uart.o(i.HAL_UART_ErrorCallback)
    HAL_UART_IRQHandler                      0x08022bb1   Thumb Code  1112  stm32h7xx_hal_uart.o(i.HAL_UART_IRQHandler)
    HAL_UART_Receive_IT                      0x08023009   Thumb Code   110  stm32h7xx_hal_uart.o(i.HAL_UART_Receive_IT)
    HAL_UART_RxCpltCallback                  0x0802307d   Thumb Code   134  bsp_usart1.o(i.HAL_UART_RxCpltCallback)
    HAL_UART_TxCpltCallback                  0x08023119   Thumb Code     2  stm32h7xx_hal_uart.o(i.HAL_UART_TxCpltCallback)
    HardFault_Handler                        0x0802311b   Thumb Code     4  stm32h7xx_it.o(i.HardFault_Handler)
    MemManage_Handler                        0x0802311f   Thumb Code     4  stm32h7xx_it.o(i.MemManage_Handler)
    NMI_Handler                              0x08023123   Thumb Code     4  stm32h7xx_it.o(i.NMI_Handler)
    RTC_Alarm_IRQHandler                     0x08023129   Thumb Code    10  bsp_rtc.o(i.RTC_Alarm_IRQHandler)
    SEGGER_RTT_ConfigDownBuffer              0x08023139   Thumb Code   112  segger_rtt.o(i.SEGGER_RTT_ConfigDownBuffer)
    SEGGER_RTT_ConfigUpBuffer                0x080231ad   Thumb Code   112  segger_rtt.o(i.SEGGER_RTT_ConfigUpBuffer)
    SEGGER_RTT_SetTerminal                   0x08023221   Thumb Code   146  segger_rtt.o(i.SEGGER_RTT_SetTerminal)
    SEGGER_RTT_Write                         0x080232c1   Thumb Code    68  segger_rtt.o(i.SEGGER_RTT_Write)
    SEGGER_RTT_WriteNoLock                   0x08023309   Thumb Code   126  segger_rtt.o(i.SEGGER_RTT_WriteNoLock)
    SEGGER_RTT_printf                        0x0802338d   Thumb Code    34  segger_rtt_printf.o(i.SEGGER_RTT_printf)
    SEGGER_RTT_vprintf                       0x080233af   Thumb Code   586  segger_rtt_printf.o(i.SEGGER_RTT_vprintf)
    SysTick_Handler                          0x080235f9   Thumb Code    20  delay.o(i.SysTick_Handler)
    SystemInit                               0x0802360d   Thumb Code   212  system_stm32h7xx.o(i.SystemInit)
    UART_Start_Receive_IT                    0x08023cf1   Thumb Code   352  stm32h7xx_hal_uart.o(i.UART_Start_Receive_IT)
    USART1_IRQHandler                        0x08023e61   Thumb Code    10  bsp_usart1.o(i.USART1_IRQHandler)
    USART2_IRQHandler                        0x08023e71   Thumb Code   244  bsp_usart2.o(i.USART2_IRQHandler)
    UsageFault_Handler                       0x08023f7d   Thumb Code     4  stm32h7xx_it.o(i.UsageFault_Handler)
    __0printf                                0x080242f9   Thumb Code    22  printfa.o(i.__0printf)
    __1printf                                0x080242f9   Thumb Code     0  printfa.o(i.__0printf)
    __2printf                                0x080242f9   Thumb Code     0  printfa.o(i.__0printf)
    __c89printf                              0x080242f9   Thumb Code     0  printfa.o(i.__0printf)
    printf                                   0x080242f9   Thumb Code     0  printfa.o(i.__0printf)
    __scatterload_copy                       0x08024351   Thumb Code    14  handlers.o(i.__scatterload_copy)
    __scatterload_null                       0x0802435f   Thumb Code     2  handlers.o(i.__scatterload_null)
    __scatterload_zeroinit                   0x08024361   Thumb Code    14  handlers.o(i.__scatterload_zeroinit)
    delay_init                               0x08024c3d   Thumb Code    52  delay.o(i.delay_init)
    delay_ms                                 0x08024c75   Thumb Code    24  delay.o(i.delay_ms)
    delay_us                                 0x08024c8d   Thumb Code    68  delay.o(i.delay_us)
    fputc                                    0x08024cd5   Thumb Code    26  retarget_io.o(i.fputc)
    main                                     0x08024cf5   Thumb Code    40  main.o(i.main)
    mpu_memory_protection                    0x08024d41   Thumb Code    92  mpu.o(i.mpu_memory_protection)
    mpu_set_protection                       0x08024d9d   Thumb Code    94  mpu.o(i.mpu_set_protection)
    sys_cache_enable                         0x08024fbd   Thumb Code   310  sys.o(i.sys_cache_enable)
    sys_nvic_set_vector_table                0x080250fd   Thumb Code    12  sys.o(i.sys_nvic_set_vector_table)
    sys_stm32_clock_init                     0x0802510d   Thumb Code   274  sys.o(i.sys_stm32_clock_init)
    uxListRemove                             0x080252a1   Thumb Code    40  list.o(i.uxListRemove)
    vPortValidateInterruptPriority           0x080252c9   Thumb Code    86  port.o(i.vPortValidateInterruptPriority)
    vTaskSwitchContext                       0x0802537d   Thumb Code   110  tasks.o(i.vTaskSwitchContext)
    xPortSysTickHandler                      0x08025435   Thumb Code    50  port.o(i.xPortSysTickHandler)
    xQueueGiveFromISR                        0x0802546d   Thumb Code   244  queue.o(i.xQueueGiveFromISR)
    xTaskGetSchedulerState                   0x08025595   Thumb Code    24  tasks.o(i.xTaskGetSchedulerState)
    xTaskIncrementTick                       0x080255b5   Thumb Code   390  tasks.o(i.xTaskIncrementTick)
    xTaskPriorityDisinherit                  0x0802579d   Thumb Code   206  tasks.o(i.xTaskPriorityDisinherit)
    xTaskRemoveFromEventList                 0x080258ad   Thumb Code   254  tasks.o(i.xTaskRemoveFromEventList)
    D1CorePrescTable                         0x080259f8   Data          16  system_stm32h7xx.o(.constdata)
    EventRecorderInfo                        0x08025a18   Data          24  eventrecorder.o(.constdata)
    Region$$Table$$Base                      0x08025a30   Number         0  anon$$obj.o(Region$$Table)
    Region$$Table$$Limit                     0x08025a50   Number         0  anon$$obj.o(Region$$Table)
    SystemCoreClock                          0x24000000   Data           4  system_stm32h7xx.o(.data)
    SystemD2Clock                            0x24000004   Data           4  system_stm32h7xx.o(.data)
    g_usart_rx_sta                           0x24000008   Data           2  bsp_usart1.o(.data)
    g_rx_buffer                              0x2400000a   Data           1  bsp_usart1.o(.data)
    uwTick                                   0x24000010   Data           4  stm32h7xx_hal.o(.data)
    uwTickPrio                               0x24000014   Data           4  stm32h7xx_hal.o(.data)
    uwTickFreq                               0x24000018   Data           1  stm32h7xx_hal.o(.data)
    g_rx_semaphore                           0x2400001c   Data           4  ethernetif.o(.data)
    ETH_CHIP_IOCtx                           0x24000020   Data          20  ethernetif.o(.data)
    pxCurrentTCB                             0x24000038   Data           4  tasks.o(.data)
    uxTopUsedPriority                        0x24000070   Data           4  tasks.o(.data)
    __stdout                                 0x240000a4   Data           4  stdout.o(.data)
    g_rtc_handle                             0x240000a8   Data          36  bsp_rtc.o(.bss)
    huart2                                   0x240000e0   Data         144  bsp_usart2.o(.bss)
    g_U2RxBuffer                             0x24000180   Data         128  bsp_usart2.o(.bss)
    g_U2TxBuffer                             0x24000200   Data         128  bsp_usart2.o(.bss)
    g_usart_rx_buf                           0x24000280   Data         200  bsp_usart1.o(.bss)
    g_uart1_handle                           0x24000348   Data         144  bsp_usart1.o(.bss)
    g_eth_handler                            0x240003d8   Data         136  ethernet.o(.bss)
    _SEGGER_RTT                              0x24000744   Data         168  segger_rtt.o(.bss)
    __initial_sp                             0x240020a8   Data           0  startup_stm32h743xx.o(STACK)
    g_eth_dma_rx_dscr_tab                    0x30040000   Data          96  ethernet.o(.ARM.__AT_0x30040000)
    g_eth_dma_tx_dscr_tab                    0x30040060   Data          96  ethernet.o(.ARM.__AT_0x30040060)
    Rx_Buff                                  0x30040200   Data        6112  ethernetif.o(.ARM.__AT_0x30040200)



==============================================================================

Memory Map of the image

  Image Entry point : 0x08020299

  Load Region LR_IROM1 (Base: 0x08020000, Size: 0x00005af8, Max: 0x00200000, ABSOLUTE)

    Execution Region ER_IROM1 (Exec base: 0x08020000, Load base: 0x08020000, Size: 0x00005a50, Max: 0x00200000, ABSOLUTE)

    Exec Addr    Load Addr    Size         Type   Attr      Idx    E Section Name        Object

    0x08020000   0x08020000   0x00000298   Data   RO            3    RESET               startup_stm32h743xx.o
    0x08020298   0x08020298   0x00000000   Code   RO        13884  * .ARM.Collect$$$$00000000  mc_w.l(entry.o)
    0x08020298   0x08020298   0x00000004   Code   RO        14258    .ARM.Collect$$$$00000001  mc_w.l(entry2.o)
    0x0802029c   0x0802029c   0x00000004   Code   RO        14261    .ARM.Collect$$$$00000004  mc_w.l(entry5.o)
    0x080202a0   0x080202a0   0x00000000   Code   RO        14263    .ARM.Collect$$$$00000008  mc_w.l(entry7b.o)
    0x080202a0   0x080202a0   0x00000000   Code   RO        14265    .ARM.Collect$$$$0000000A  mc_w.l(entry8b.o)
    0x080202a0   0x080202a0   0x00000008   Code   RO        14266    .ARM.Collect$$$$0000000B  mc_w.l(entry9a.o)
    0x080202a8   0x080202a8   0x00000004   Code   RO        14273    .ARM.Collect$$$$0000000E  mc_w.l(entry12b.o)
    0x080202ac   0x080202ac   0x00000000   Code   RO        14268    .ARM.Collect$$$$0000000F  mc_w.l(entry10a.o)
    0x080202ac   0x080202ac   0x00000000   Code   RO        14270    .ARM.Collect$$$$00000011  mc_w.l(entry11a.o)
    0x080202ac   0x080202ac   0x00000004   Code   RO        14259    .ARM.Collect$$$$00002712  mc_w.l(entry2.o)
    0x080202b0   0x080202b0   0x000000c2   Code   RO        13346    .emb_text           port.o
    0x08020372   0x08020372   0x00000002   PAD
    0x08020374   0x08020374   0x00000084   Code   RO        13699    .emb_text           eventrecorder.o
    0x080203f8   0x080203f8   0x00000034   Code   RO            4    .text               startup_stm32h743xx.o
    0x0802042c   0x0802042c   0x00000062   Code   RO        13893    .text               mc_w.l(uldiv.o)
    0x0802048e   0x0802048e   0x00000040   Code   RO        13937    .text               mc_w.l(memmovea.o)
    0x080204ce   0x080204ce   0x00000024   Code   RO        13941    .text               mc_w.l(memseta.o)
    0x080204f2   0x080204f2   0x00000012   Code   RO        13953    .text               mc_w.l(strcpy.o)
    0x08020504   0x08020504   0x0000002c   Code   RO        14274    .text               mc_w.l(uidiv.o)
    0x08020530   0x08020530   0x0000001e   Code   RO        14276    .text               mc_w.l(llshl.o)
    0x0802054e   0x0802054e   0x00000020   Code   RO        14278    .text               mc_w.l(llushr.o)
    0x0802056e   0x0802056e   0x00000000   Code   RO        14303    .text               mc_w.l(iusefp.o)
    0x0802056e   0x0802056e   0x0000014e   Code   RO        14304    .text               mf_w.l(dadd.o)
    0x080206bc   0x080206bc   0x000000e4   Code   RO        14306    .text               mf_w.l(dmul.o)
    0x080207a0   0x080207a0   0x000000de   Code   RO        14308    .text               mf_w.l(ddiv.o)
    0x0802087e   0x0802087e   0x00000030   Code   RO        14312    .text               mf_w.l(dfixul.o)
    0x080208ae   0x080208ae   0x00000002   PAD
    0x080208b0   0x080208b0   0x00000030   Code   RO        14314    .text               mf_w.l(cdrcmple.o)
    0x080208e0   0x080208e0   0x00000024   Code   RO        14318    .text               mc_w.l(init.o)
    0x08020904   0x08020904   0x00000024   Code   RO        14320    .text               mc_w.l(llsshr.o)
    0x08020928   0x08020928   0x000000ba   Code   RO        14330    .text               mf_w.l(depilogue.o)
    0x080209e2   0x080209e2   0x00000004   Code   RO          599    i.BusFault_Handler  stm32h7xx_it.o
    0x080209e6   0x080209e6   0x00000002   Code   RO          600    i.DebugMon_Handler  stm32h7xx_it.o
    0x080209e8   0x080209e8   0x00000010   Code   RO         7265    i.ETH_IRQHandler    ethernet.o
    0x080209f8   0x080209f8   0x00000004   Code   RO        11744    i.ETH_PHY_IO_DeInit  ethernetif.o
    0x080209fc   0x080209fc   0x00000008   Code   RO        11745    i.ETH_PHY_IO_GetTick  ethernetif.o
    0x08020a04   0x08020a04   0x00000010   Code   RO        11746    i.ETH_PHY_IO_Init   ethernetif.o
    0x08020a14   0x08020a14   0x00000024   Code   RO        11747    i.ETH_PHY_IO_ReadReg  ethernetif.o
    0x08020a38   0x08020a38   0x00000024   Code   RO        11748    i.ETH_PHY_IO_WriteReg  ethernetif.o
    0x08020a5c   0x08020a5c   0x00000028   Code   RO        13700    i.EventCheckFilter  eventrecorder.o
    0x08020a84   0x08020a84   0x00000058   Code   RO        13701    i.EventGetTS        eventrecorder.o
    0x08020adc   0x08020adc   0x00000116   Code   RO        13704    i.EventRecordData   eventrecorder.o
    0x08020bf2   0x08020bf2   0x00000002   PAD
    0x08020bf4   0x08020bf4   0x000000d8   Code   RO        13705    i.EventRecordItem   eventrecorder.o
    0x08020ccc   0x08020ccc   0x0000005c   Code   RO        13708    i.EventRecorderEnable  eventrecorder.o
    0x08020d28   0x08020d28   0x00000130   Code   RO        13709    i.EventRecorderInitialize  eventrecorder.o
    0x08020e58   0x08020e58   0x00000030   Code   RO        13710    i.EventRecorderStart  eventrecorder.o
    0x08020e88   0x08020e88   0x0000000c   Code   RO        13712    i.EventRecorderTimerGetCount  eventrecorder.o
    0x08020e94   0x08020e94   0x0000000c   Code   RO        13713    i.EventRecorderTimerGetFreq  eventrecorder.o
    0x08020ea0   0x08020ea0   0x00000024   Code   RO        13714    i.EventRecorderTimerSetup  eventrecorder.o
    0x08020ec4   0x08020ec4   0x00000010   Code   RO        13715    i.GetContext        eventrecorder.o
    0x08020ed4   0x08020ed4   0x000004dc   Code   RO         2068    i.HAL_DMA_Abort     stm32h7xx_hal_dma.o
    0x080213b0   0x080213b0   0x00000398   Code   RO         2069    i.HAL_DMA_Abort_IT  stm32h7xx_hal_dma.o
    0x08021748   0x08021748   0x00000002   Code   RO         4840    i.HAL_ETH_DMAErrorCallback  stm32h7xx_hal_eth.o
    0x0802174a   0x0802174a   0x00000002   Code   RO         4843    i.HAL_ETH_EEECallback  stm32h7xx_hal_eth.o
    0x0802174c   0x0802174c   0x0000019c   Code   RO         4857    i.HAL_ETH_IRQHandler  stm32h7xx_hal_eth.o
    0x080218e8   0x080218e8   0x00000002   Code   RO         4860    i.HAL_ETH_MACErrorCallback  stm32h7xx_hal_eth.o
    0x080218ea   0x080218ea   0x00000002   Code   RO         4863    i.HAL_ETH_PMTCallback  stm32h7xx_hal_eth.o
    0x080218ec   0x080218ec   0x00000078   Code   RO         4864    i.HAL_ETH_ReadPHYRegister  stm32h7xx_hal_eth.o
    0x08021964   0x08021964   0x00000038   Code   RO        11749    i.HAL_ETH_RxCpltCallback  ethernetif.o
    0x0802199c   0x0802199c   0x00000078   Code   RO         4870    i.HAL_ETH_SetMDIOClockRange  stm32h7xx_hal_eth.o
    0x08021a14   0x08021a14   0x00000002   Code   RO         4880    i.HAL_ETH_TxCpltCallback  stm32h7xx_hal_eth.o
    0x08021a16   0x08021a16   0x00000002   Code   RO         4881    i.HAL_ETH_WakeUpCallback  stm32h7xx_hal_eth.o
    0x08021a18   0x08021a18   0x00000080   Code   RO         4882    i.HAL_ETH_WritePHYRegister  stm32h7xx_hal_eth.o
    0x08021a98   0x08021a98   0x00000014   Code   RO         1619    i.HAL_EnableCompensationCell  stm32h7xx_hal.o
    0x08021aac   0x08021aac   0x0000000c   Code   RO         1623    i.HAL_GetREVID      stm32h7xx_hal.o
    0x08021ab8   0x08021ab8   0x0000000c   Code   RO         1624    i.HAL_GetTick       stm32h7xx_hal.o
    0x08021ac4   0x08021ac4   0x00000018   Code   RO         1630    i.HAL_IncTick       stm32h7xx_hal.o
    0x08021adc   0x08021adc   0x00000060   Code   RO         1631    i.HAL_Init          stm32h7xx_hal.o
    0x08021b3c   0x08021b3c   0x00000058   Code   RO         1632    i.HAL_InitTick      stm32h7xx_hal.o
    0x08021b94   0x08021b94   0x0000005c   Code   RO         1918    i.HAL_MPU_ConfigRegion  stm32h7xx_hal_cortex.o
    0x08021bf0   0x08021bf0   0x0000002c   Code   RO         1919    i.HAL_MPU_Disable   stm32h7xx_hal_cortex.o
    0x08021c1c   0x08021c1c   0x00000040   Code   RO         1920    i.HAL_MPU_Enable    stm32h7xx_hal_cortex.o
    0x08021c5c   0x08021c5c   0x00000002   Code   RO         1634    i.HAL_MspInit       stm32h7xx_hal.o
    0x08021c5e   0x08021c5e   0x0000007a   Code   RO         1929    i.HAL_NVIC_SetPriority  stm32h7xx_hal_cortex.o
    0x08021cd8   0x08021cd8   0x00000028   Code   RO         1930    i.HAL_NVIC_SetPriorityGrouping  stm32h7xx_hal_cortex.o
    0x08021d00   0x08021d00   0x00000014   Code   RO         2458    i.HAL_PWREx_EnableUSBVoltageDetector  stm32h7xx_hal_pwr_ex.o
    0x08021d14   0x08021d14   0x00000320   Code   RO         2695    i.HAL_RCC_ClockConfig  stm32h7xx_hal_rcc.o
    0x08022034   0x08022034   0x0000004c   Code   RO         2700    i.HAL_RCC_GetHCLKFreq  stm32h7xx_hal_rcc.o
    0x08022080   0x08022080   0x0000022c   Code   RO         2704    i.HAL_RCC_GetSysClockFreq  stm32h7xx_hal_rcc.o
    0x080222ac   0x080222ac   0x00000808   Code   RO         2707    i.HAL_RCC_OscConfig  stm32h7xx_hal_rcc.o
    0x08022ab4   0x08022ab4   0x00000002   Code   RO         6253    i.HAL_RTCEx_AlarmBEventCallback  stm32h7xx_hal_rtc_ex.o
    0x08022ab6   0x08022ab6   0x00000002   PAD
    0x08022ab8   0x08022ab8   0x00000024   Code   RO         1247    i.HAL_RTC_AlarmAEventCallback  bsp_rtc.o
    0x08022adc   0x08022adc   0x0000006c   Code   RO         6110    i.HAL_RTC_AlarmIRQHandler  stm32h7xx_hal_rtc.o
    0x08022b48   0x08022b48   0x00000028   Code   RO         1932    i.HAL_SYSTICK_CLKSourceConfig  stm32h7xx_hal_cortex.o
    0x08022b70   0x08022b70   0x00000034   Code   RO         1934    i.HAL_SYSTICK_Config  stm32h7xx_hal_cortex.o
    0x08022ba4   0x08022ba4   0x00000002   Code   RO         2989    i.HAL_UARTEx_RxEventCallback  stm32h7xx_hal_uart.o
    0x08022ba6   0x08022ba6   0x00000002   Code   RO         3412    i.HAL_UARTEx_RxFifoFullCallback  stm32h7xx_hal_uart_ex.o
    0x08022ba8   0x08022ba8   0x00000002   Code   RO         3416    i.HAL_UARTEx_TxFifoEmptyCallback  stm32h7xx_hal_uart_ex.o
    0x08022baa   0x08022baa   0x00000002   Code   RO         3417    i.HAL_UARTEx_WakeupCallback  stm32h7xx_hal_uart_ex.o
    0x08022bac   0x08022bac   0x00000002   Code   RO         3005    i.HAL_UART_ErrorCallback  stm32h7xx_hal_uart.o
    0x08022bae   0x08022bae   0x00000002   PAD
    0x08022bb0   0x08022bb0   0x00000458   Code   RO         3008    i.HAL_UART_IRQHandler  stm32h7xx_hal_uart.o
    0x08023008   0x08023008   0x00000074   Code   RO         3014    i.HAL_UART_Receive_IT  stm32h7xx_hal_uart.o
    0x0802307c   0x0802307c   0x0000009c   Code   RO         1417    i.HAL_UART_RxCpltCallback  bsp_usart1.o
    0x08023118   0x08023118   0x00000002   Code   RO         3021    i.HAL_UART_TxCpltCallback  stm32h7xx_hal_uart.o
    0x0802311a   0x0802311a   0x00000004   Code   RO          601    i.HardFault_Handler  stm32h7xx_it.o
    0x0802311e   0x0802311e   0x00000004   Code   RO          602    i.MemManage_Handler  stm32h7xx_it.o
    0x08023122   0x08023122   0x00000004   Code   RO          603    i.NMI_Handler       stm32h7xx_it.o
    0x08023126   0x08023126   0x00000002   PAD
    0x08023128   0x08023128   0x00000010   Code   RO         1250    i.RTC_Alarm_IRQHandler  bsp_rtc.o
    0x08023138   0x08023138   0x00000074   Code   RO        13434    i.SEGGER_RTT_ConfigDownBuffer  segger_rtt.o
    0x080231ac   0x080231ac   0x00000074   Code   RO        13435    i.SEGGER_RTT_ConfigUpBuffer  segger_rtt.o
    0x08023220   0x08023220   0x000000a0   Code   RO        13454    i.SEGGER_RTT_SetTerminal  segger_rtt.o
    0x080232c0   0x080232c0   0x00000048   Code   RO        13457    i.SEGGER_RTT_Write  segger_rtt.o
    0x08023308   0x08023308   0x00000084   Code   RO        13460    i.SEGGER_RTT_WriteNoLock  segger_rtt.o
    0x0802338c   0x0802338c   0x00000022   Code   RO        13662    i.SEGGER_RTT_printf  segger_rtt_printf.o
    0x080233ae   0x080233ae   0x0000024a   Code   RO        13663    i.SEGGER_RTT_vprintf  segger_rtt_printf.o
    0x080235f8   0x080235f8   0x00000014   Code   RO         1476    i.SysTick_Handler   delay.o
    0x0802360c   0x0802360c   0x000000fc   Code   RO          883    i.SystemInit        system_stm32h7xx.o
    0x08023708   0x08023708   0x00000018   Code   RO         3025    i.UART_DMAAbortOnError  stm32h7xx_hal_uart.o
    0x08023720   0x08023720   0x0000006c   Code   RO         3035    i.UART_EndRxTransfer  stm32h7xx_hal_uart.o
    0x0802378c   0x0802378c   0x00000030   Code   RO         3036    i.UART_EndTransmit_IT  stm32h7xx_hal_uart.o
    0x080237bc   0x080237bc   0x000000d2   Code   RO         3038    i.UART_RxISR_16BIT  stm32h7xx_hal_uart.o
    0x0802388e   0x0802388e   0x00000002   PAD
    0x08023890   0x08023890   0x000001c8   Code   RO         3039    i.UART_RxISR_16BIT_FIFOEN  stm32h7xx_hal_uart.o
    0x08023a58   0x08023a58   0x000000ce   Code   RO         3040    i.UART_RxISR_8BIT   stm32h7xx_hal_uart.o
    0x08023b26   0x08023b26   0x00000002   PAD
    0x08023b28   0x08023b28   0x000001c8   Code   RO         3041    i.UART_RxISR_8BIT_FIFOEN  stm32h7xx_hal_uart.o
    0x08023cf0   0x08023cf0   0x00000170   Code   RO         3044    i.UART_Start_Receive_IT  stm32h7xx_hal_uart.o
    0x08023e60   0x08023e60   0x00000010   Code   RO         1418    i.USART1_IRQHandler  bsp_usart1.o
    0x08023e70   0x08023e70   0x0000010c   Code   RO         1368    i.USART2_IRQHandler  bsp_usart2.o
    0x08023f7c   0x08023f7c   0x00000004   Code   RO          604    i.UsageFault_Handler  stm32h7xx_it.o
    0x08023f80   0x08023f80   0x00000070   Code   RO        13464    i._DoInit           segger_rtt.o
    0x08023ff0   0x08023ff0   0x0000001c   Code   RO        13465    i._GetAvailWriteSpace  segger_rtt.o
    0x0802400c   0x0802400c   0x000000ec   Code   RO        13664    i._PrintInt         segger_rtt_printf.o
    0x080240f8   0x080240f8   0x000000ec   Code   RO        13665    i._PrintUnsigned    segger_rtt_printf.o
    0x080241e4   0x080241e4   0x00000044   Code   RO        13666    i._StoreChar        segger_rtt_printf.o
    0x08024228   0x08024228   0x00000076   Code   RO        13467    i._WriteBlocking    segger_rtt.o
    0x0802429e   0x0802429e   0x00000058   Code   RO        13468    i._WriteNoCheck     segger_rtt.o
    0x080242f6   0x080242f6   0x00000002   PAD
    0x080242f8   0x080242f8   0x00000020   Code   RO        14194    i.__0printf         mc_w.l(printfa.o)
    0x08024318   0x08024318   0x00000010   Code   RO         1936    i.__NVIC_GetPriorityGrouping  stm32h7xx_hal_cortex.o
    0x08024328   0x08024328   0x00000028   Code   RO         1937    i.__NVIC_SetPriority  stm32h7xx_hal_cortex.o
    0x08024350   0x08024350   0x0000000e   Code   RO        14339    i.__scatterload_copy  mc_w.l(handlers.o)
    0x0802435e   0x0802435e   0x00000002   Code   RO        14340    i.__scatterload_null  mc_w.l(handlers.o)
    0x08024360   0x08024360   0x0000000e   Code   RO        14341    i.__scatterload_zeroinit  mc_w.l(handlers.o)
    0x0802436e   0x0802436e   0x00000002   PAD
    0x08024370   0x08024370   0x00000184   Code   RO        14201    i._fp_digits        mc_w.l(printfa.o)
    0x080244f4   0x080244f4   0x000006b4   Code   RO        14202    i._printf_core      mc_w.l(printfa.o)
    0x08024ba8   0x08024ba8   0x00000024   Code   RO        14203    i._printf_post_padding  mc_w.l(printfa.o)
    0x08024bcc   0x08024bcc   0x0000002e   Code   RO        14204    i._printf_pre_padding  mc_w.l(printfa.o)
    0x08024bfa   0x08024bfa   0x00000042   Code   RO        13716    i.crc16_ccitt       eventrecorder.o
    0x08024c3c   0x08024c3c   0x00000038   Code   RO         1477    i.delay_init        delay.o
    0x08024c74   0x08024c74   0x00000018   Code   RO         1478    i.delay_ms          delay.o
    0x08024c8c   0x08024c8c   0x00000048   Code   RO         1479    i.delay_us          delay.o
    0x08024cd4   0x08024cd4   0x00000020   Code   RO        13833    i.fputc             retarget_io.o
    0x08024cf4   0x08024cf4   0x0000004c   Code   RO           13    i.main              main.o
    0x08024d40   0x08024d40   0x0000005c   Code   RO         7232    i.mpu_memory_protection  mpu.o
    0x08024d9c   0x08024d9c   0x0000005e   Code   RO         7233    i.mpu_set_protection  mpu.o
    0x08024dfa   0x08024dfa   0x0000007e   Code   RO        12254    i.prvCopyDataToQueue  queue.o
    0x08024e78   0x08024e78   0x000000c4   Code   RO        12260    i.prvNotifyQueueSetContainer  queue.o
    0x08024f3c   0x08024f3c   0x00000030   Code   RO        12688    i.prvResetNextTaskUnblockTime  tasks.o
    0x08024f6c   0x08024f6c   0x00000050   Code   RO        13834    i.stdout_putchar    retarget_io.o
    0x08024fbc   0x08024fbc   0x00000140   Code   RO         1523    i.sys_cache_enable  sys.o
    0x080250fc   0x080250fc   0x00000010   Code   RO         1527    i.sys_nvic_set_vector_table  sys.o
    0x0802510c   0x0802510c   0x00000120   Code   RO         1528    i.sys_stm32_clock_init  sys.o
    0x0802522c   0x0802522c   0x00000074   Code   RO           14    i.system_setup      main.o
    0x080252a0   0x080252a0   0x00000028   Code   RO        12204    i.uxListRemove      list.o
    0x080252c8   0x080252c8   0x000000b4   Code   RO        13353    i.vPortValidateInterruptPriority  port.o
    0x0802537c   0x0802537c   0x000000b8   Code   RO        12723    i.vTaskSwitchContext  tasks.o
    0x08025434   0x08025434   0x00000038   Code   RO        13355    i.xPortSysTickHandler  port.o
    0x0802546c   0x0802546c   0x00000128   Code   RO        12280    i.xQueueGiveFromISR  queue.o
    0x08025594   0x08025594   0x00000020   Code   RO        12736    i.xTaskGetSchedulerState  tasks.o
    0x080255b4   0x080255b4   0x000001e8   Code   RO        12739    i.xTaskIncrementTick  tasks.o
    0x0802579c   0x0802579c   0x00000110   Code   RO        12740    i.xTaskPriorityDisinherit  tasks.o
    0x080258ac   0x080258ac   0x0000014c   Code   RO        12742    i.xTaskRemoveFromEventList  tasks.o
    0x080259f8   0x080259f8   0x00000010   Data   RO          884    .constdata          system_stm32h7xx.o
    0x08025a08   0x08025a08   0x00000010   Data   RO        13667    .constdata          segger_rtt_printf.o
    0x08025a18   0x08025a18   0x00000018   Data   RO        13718    .constdata          eventrecorder.o
    0x08025a30   0x08025a30   0x00000020   Data   RO        14337    Region$$Table       anon$$obj.o


    Execution Region RW_IRAM1 (Exec base: 0x20000000, Load base: 0x08025a50, Size: 0x0001fe00, Max: 0x00020000, ABSOLUTE)

    Exec Addr    Load Addr    Size         Type   Attr      Idx    E Section Name        Object

    0x20000000        -       0x0001e000   Zero   RW         8685    .ARM.__AT_0x20000000  malloc.o
    0x2001e000        -       0x00001e00   Zero   RW         8686    .ARM.__AT_0x2001E000  malloc.o


    Execution Region RW_IRAM2 (Exec base: 0x24000000, Load base: 0x08025a50, Size: 0x000020a8, Max: 0x00080000, ABSOLUTE)

    Exec Addr    Load Addr    Size         Type   Attr      Idx    E Section Name        Object

    0x24000000   0x08025a50   0x00000008   Data   RW          885    .data               system_stm32h7xx.o
    0x24000008   0x08025a58   0x00000003   Data   RW         1423    .data               bsp_usart1.o
    0x2400000b   0x08025a5b   0x00000001   PAD
    0x2400000c   0x08025a5c   0x00000004   Data   RW         1480    .data               delay.o
    0x24000010   0x08025a60   0x00000009   Data   RW         1653    .data               stm32h7xx_hal.o
    0x24000019   0x08025a69   0x00000003   PAD
    0x2400001c   0x08025a6c   0x0000001c   Data   RW        11759    .data               ethernetif.o
    0x24000038   0x08025a88   0x00000040   Data   RW        12746    .data               tasks.o
    0x24000078   0x08025ac8   0x0000000c   Data   RW        13356    .data               port.o
    0x24000084   0x08025ad4   0x00000011   Data   RW        13470    .data               segger_rtt.o
    0x24000095   0x08025ae5   0x00000001   Data   RW        13719    .data               eventrecorder.o
    0x24000096   0x08025ae6   0x00000002   PAD
    0x24000098   0x08025ae8   0x0000000c   Data   RW        13835    .data               retarget_io.o
    0x240000a4   0x08025af4   0x00000004   Data   RW        13891    .data               mc_w.l(stdout.o)
    0x240000a8        -       0x00000024   Zero   RW         1263    .bss                bsp_rtc.o
    0x240000cc   0x08025af8   0x00000014   PAD
    0x240000e0        -       0x000001a0   Zero   RW         1372    .bss                bsp_usart2.o
    0x24000280        -       0x00000158   Zero   RW         1422    .bss                bsp_usart1.o
    0x240003d8        -       0x00000088   Zero   RW         7274    .bss                ethernet.o
    0x24000460        -       0x000002e4   Zero   RW        12745    .bss                tasks.o
    0x24000744        -       0x000004b8   Zero   RW        13469    .bss                segger_rtt.o
    0x24000bfc   0x08025af8   0x00000004   PAD
    0x24000c00        -       0x000004a4   Zero   RW        13717    .bss.noinit         eventrecorder.o
    0x240010a4   0x08025af8   0x00000004   PAD
    0x240010a8        -       0x00001000   Zero   RW            1    STACK               startup_stm32h743xx.o


    Execution Region RW_IRAM3 (Exec base: 0x30000000, Load base: 0x08025af8, Size: 0x0003fc00, Max: 0x00040000, ABSOLUTE)

    Exec Addr    Load Addr    Size         Type   Attr      Idx    E Section Name        Object

    0x30000000        -       0x0003c000   Zero   RW         8687    .ARM.__AT_0x30000000  malloc.o
    0x3003c000        -       0x00003c00   Zero   RW         8688    .ARM.__AT_0x3003C000  malloc.o


    Execution Region RW_IRAM4 (Exec base: 0x38000000, Load base: 0x08025af8, Size: 0x0000ff00, Max: 0x00010000, ABSOLUTE)

    Exec Addr    Load Addr    Size         Type   Attr      Idx    E Section Name        Object

    0x38000000        -       0x0000f000   Zero   RW         8689    .ARM.__AT_0x38000000  malloc.o
    0x3800f000        -       0x00000f00   Zero   RW         8690    .ARM.__AT_0x3800F000  malloc.o



  Load Region LR$$.ARM.__AT_0x00000000 (Base: 0x00000000, Size: 0x00000000, Max: 0x0000f000, ABSOLUTE)

    Execution Region ER$$.ARM.__AT_0x00000000 (Exec base: 0x00000000, Load base: 0x00000000, Size: 0x0000f000, Max: 0x0000f000, ABSOLUTE, UNINIT)

    Exec Addr    Load Addr    Size         Type   Attr      Idx    E Section Name        Object

    0x00000000        -       0x0000f000   Zero   RW         8683    .ARM.__AT_0x00000000  malloc.o



  Load Region LR$$.ARM.__AT_0x0000F000 (Base: 0x0000f000, Size: 0x00000000, Max: 0x00000f00, ABSOLUTE)

    Execution Region ER$$.ARM.__AT_0x0000F000 (Exec base: 0x0000f000, Load base: 0x0000f000, Size: 0x00000f00, Max: 0x00000f00, ABSOLUTE, UNINIT)

    Exec Addr    Load Addr    Size         Type   Attr      Idx    E Section Name        Object

    0x0000f000        -       0x00000f00   Zero   RW         8684    .ARM.__AT_0x0000F000  malloc.o



  Load Region LR$$.ARM.__AT_0x30040000 (Base: 0x30040000, Size: 0x00000000, Max: 0x00000060, ABSOLUTE)

    Execution Region ER$$.ARM.__AT_0x30040000 (Exec base: 0x30040000, Load base: 0x30040000, Size: 0x00000060, Max: 0x00000060, ABSOLUTE, UNINIT)

    Exec Addr    Load Addr    Size         Type   Attr      Idx    E Section Name        Object

    0x30040000        -       0x00000060   Zero   RW         7272    .ARM.__AT_0x30040000  ethernet.o



  Load Region LR$$.ARM.__AT_0x30040060 (Base: 0x30040060, Size: 0x00000000, Max: 0x00000060, ABSOLUTE)

    Execution Region ER$$.ARM.__AT_0x30040060 (Exec base: 0x30040060, Load base: 0x30040060, Size: 0x00000060, Max: 0x00000060, ABSOLUTE, UNINIT)

    Exec Addr    Load Addr    Size         Type   Attr      Idx    E Section Name        Object

    0x30040060        -       0x00000060   Zero   RW         7273    .ARM.__AT_0x30040060  ethernet.o



  Load Region LR$$.ARM.__AT_0x30040200 (Base: 0x30040200, Size: 0x00000000, Max: 0x000017e0, ABSOLUTE)

    Execution Region ER$$.ARM.__AT_0x30040200 (Exec base: 0x30040200, Load base: 0x30040200, Size: 0x000017e0, Max: 0x000017e0, ABSOLUTE, UNINIT)

    Exec Addr    Load Addr    Size         Type   Attr      Idx    E Section Name        Object

    0x30040200        -       0x000017e0   Zero   RW        11756    .ARM.__AT_0x30040200  ethernetif.o



  Load Region LR$$.ARM.__AT_0xC01F4000 (Base: 0xc01f4000, Size: 0x00000000, Max: 0x01c3c000, ABSOLUTE)

    Execution Region ER$$.ARM.__AT_0xC01F4000 (Exec base: 0xc01f4000, Load base: 0xc01f4000, Size: 0x01c3c000, Max: 0x01c3c000, ABSOLUTE, UNINIT)

    Exec Addr    Load Addr    Size         Type   Attr      Idx    E Section Name        Object

    0xc01f4000        -       0x01c3c000   Zero   RW         8691    .ARM.__AT_0xC01F4000  malloc.o



  Load Region LR$$.ARM.__AT_0xC1E30000 (Base: 0xc1e30000, Size: 0x00000000, Max: 0x001c3c00, ABSOLUTE)

    Execution Region ER$$.ARM.__AT_0xC1E30000 (Exec base: 0xc1e30000, Load base: 0xc1e30000, Size: 0x001c3c00, Max: 0x001c3c00, ABSOLUTE, UNINIT)

    Exec Addr    Load Addr    Size         Type   Attr      Idx    E Section Name        Object

    0xc1e30000        -       0x001c3c00   Zero   RW         8692    .ARM.__AT_0xC1E30000  malloc.o


==============================================================================

Image component sizes


      Code (inc. data)   RO Data    RW Data    ZI Data      Debug   Object Name

         0          0          0          0          0        928   bsp_key.o
        52         18          0          0         36       2290   bsp_rtc.o
       172         28          0          3        344       1885   bsp_usart1.o
       268         24          0          0        416      37486   bsp_usart2.o
         0          0          0          0          0       1240   cjson.o
       172          8          0          4          0       2565   delay.o
        16          6          0          0        328       4434   ethernet.o
       156         20          0         28       6112       7486   ethernetif.o
         0          0          0          0          0      12144   event_groups.o
      1340         96         24          1       1188      19486   eventrecorder.o
         0          0          0          0          0      10444   freertos_demo.o
        40          0          0          0          0       1087   list.o
       192         56          0          0          0      15574   main.o
         0          0          0          0   31978496       2327   malloc.o
       186          0          0          0          0       1453   mpu.o
       430        116          0         12          0       5051   port.o
       618        106          0          0          0       6876   queue.o
       112         18          0         12          0       1352   retarget_io.o
       942         70          0         17       1208      12589   segger_rtt.o
      1160          6         16          0          0       5841   segger_rtt_printf.o
        52         12        664          0       4096        964   startup_stm32h743xx.o
       254         54          0          9          0      23767   stm32h7xx_hal.o
       510         38          0          0          0      42198   stm32h7xx_hal_cortex.o
      2164         34          0          0          0       4227   stm32h7xx_hal_dma.o
       792         34          0          0          0       8758   stm32h7xx_hal_eth.o
        20          6          0          0          0        577   stm32h7xx_hal_pwr_ex.o
      3488         88          0          0          0       5750   stm32h7xx_hal_rcc.o
       108          4          0          0          0       1078   stm32h7xx_hal_rtc.o
         2          0          0          0          0       1060   stm32h7xx_hal_rtc_ex.o
      3110         64          0          0          0      31784   stm32h7xx_hal_uart.o
         6          0          0          0          0       2241   stm32h7xx_hal_uart_ex.o
        22          0          0          0          0    1224462   stm32h7xx_it.o
       624         28          0          0          0      38629   sys.o
       252         40         16          8          0       1522   system_stm32h7xx.o
      1356        332          0         64        740      20673   tasks.o

    ----------------------------------------------------------------------
     18632       1306        752        164   31992992    1560228   Object Totals
         0          0         32          0          0          0   (incl. Generated)
        16          0          0          6         28          0   (incl. Padding)

    ----------------------------------------------------------------------

      Code (inc. data)   RO Data    RW Data    ZI Data      Debug   Library Member Name

         0          0          0          0          0          0   entry.o
         0          0          0          0          0          0   entry10a.o
         0          0          0          0          0          0   entry11a.o
         4          0          0          0          0          0   entry12b.o
         8          4          0          0          0          0   entry2.o
         4          0          0          0          0          0   entry5.o
         0          0          0          0          0          0   entry7b.o
         0          0          0          0          0          0   entry8b.o
         8          4          0          0          0          0   entry9a.o
        30          0          0          0          0          0   handlers.o
        36          8          0          0          0         68   init.o
         0          0          0          0          0          0   iusefp.o
        30          0          0          0          0         68   llshl.o
        36          0          0          0          0         68   llsshr.o
        32          0          0          0          0         68   llushr.o
        64          0          0          0          0         76   memmovea.o
        36          0          0          0          0        108   memseta.o
      2218         90          0          0          0        464   printfa.o
         0          0          0          4          0          0   stdout.o
        18          0          0          0          0         68   strcpy.o
        44          0          0          0          0         80   uidiv.o
        98          0          0          0          0         92   uldiv.o
        48          0          0          0          0         68   cdrcmple.o
       334          0          0          0          0        148   dadd.o
       222          0          0          0          0        100   ddiv.o
       186          0          0          0          0        176   depilogue.o
        48          0          0          0          0         68   dfixul.o
       228          0          0          0          0         96   dmul.o

    ----------------------------------------------------------------------
      3736        106          0          4          0       1816   Library Totals
         4          0          0          0          0          0   (incl. Padding)

    ----------------------------------------------------------------------

      Code (inc. data)   RO Data    RW Data    ZI Data      Debug   Library Name

      2666        106          0          4          0       1160   mc_w.l
      1066          0          0          0          0        656   mf_w.l

    ----------------------------------------------------------------------
      3736        106          0          4          0       1816   Library Totals

    ----------------------------------------------------------------------

==============================================================================


      Code (inc. data)   RO Data    RW Data    ZI Data      Debug   

     22368       1412        752        168   31992992    1549712   Grand Totals
     22368       1412        752        168   31992992    1549712   ELF Image Totals
     22368       1412        752        168          0          0   ROM Totals

==============================================================================

    Total RO  Size (Code + RO Data)                23120 (  22.58kB)
    Total RW  Size (RW Data + ZI Data)          31993160 (31243.32kB)
    Total ROM Size (Code + RO Data + RW Data)      23288 (  22.74kB)

==============================================================================

