Component: ARM Compiler 5.06 update 7 (build 960) Tool: armlink [4d3601]

==============================================================================

Section Cross References

    startup_stm32h743xx.o(STACK) refers (Special) to heapauxi.o(.text) for __use_two_region_memory
    startup_stm32h743xx.o(HEAP) refers (Special) to heapauxi.o(.text) for __use_two_region_memory
    startup_stm32h743xx.o(RESET) refers (Special) to heapauxi.o(.text) for __use_two_region_memory
    startup_stm32h743xx.o(RESET) refers to startup_stm32h743xx.o(STACK) for __initial_sp
    startup_stm32h743xx.o(RESET) refers to startup_stm32h743xx.o(.text) for Reset_Handler
    startup_stm32h743xx.o(RESET) refers to stm32h7xx_it.o(i.NMI_Handler) for NMI_Handler
    startup_stm32h743xx.o(RESET) refers to stm32h7xx_it.o(i.HardFault_Handler) for HardFault_Handler
    startup_stm32h743xx.o(RESET) refers to stm32h7xx_it.o(i.MemManage_Handler) for MemManage_Handler
    startup_stm32h743xx.o(RESET) refers to stm32h7xx_it.o(i.BusFault_Handler) for BusFault_Handler
    startup_stm32h743xx.o(RESET) refers to stm32h7xx_it.o(i.UsageFault_Handler) for UsageFault_Handler
    startup_stm32h743xx.o(RESET) refers to stm32h7xx_it.o(i.SVC_Handler) for SVC_Handler
    startup_stm32h743xx.o(RESET) refers to stm32h7xx_it.o(i.DebugMon_Handler) for DebugMon_Handler
    startup_stm32h743xx.o(RESET) refers to stm32h7xx_it.o(i.PendSV_Handler) for PendSV_Handler
    startup_stm32h743xx.o(RESET) refers to stm32h7xx_it.o(i.SysTick_Handler) for SysTick_Handler
    startup_stm32h743xx.o(RESET) refers to stm32h7xx_it.o(i.DMA1_Stream0_IRQHandler) for DMA1_Stream0_IRQHandler
    startup_stm32h743xx.o(RESET) refers to stm32h7xx_it.o(i.DMA1_Stream1_IRQHandler) for DMA1_Stream1_IRQHandler
    startup_stm32h743xx.o(RESET) refers to stm32h7xx_it.o(i.DMA1_Stream2_IRQHandler) for DMA1_Stream2_IRQHandler
    startup_stm32h743xx.o(RESET) refers to stm32h7xx_it.o(i.DMA1_Stream3_IRQHandler) for DMA1_Stream3_IRQHandler
    startup_stm32h743xx.o(RESET) refers to stm32h7xx_it.o(i.DMA1_Stream4_IRQHandler) for DMA1_Stream4_IRQHandler
    startup_stm32h743xx.o(RESET) refers to stm32h7xx_it.o(i.DMA1_Stream5_IRQHandler) for DMA1_Stream5_IRQHandler
    startup_stm32h743xx.o(RESET) refers to stm32h7xx_it.o(i.DMA1_Stream6_IRQHandler) for DMA1_Stream6_IRQHandler
    startup_stm32h743xx.o(RESET) refers to stm32h7xx_it.o(i.USART2_IRQHandler) for USART2_IRQHandler
    startup_stm32h743xx.o(RESET) refers to stm32h7xx_it.o(i.DMA2_Stream0_IRQHandler) for DMA2_Stream0_IRQHandler
    startup_stm32h743xx.o(RESET) refers to stm32h7xx_it.o(i.DMA2_Stream1_IRQHandler) for DMA2_Stream1_IRQHandler
    startup_stm32h743xx.o(RESET) refers to stm32h7xx_it.o(i.UART8_IRQHandler) for UART8_IRQHandler
    startup_stm32h743xx.o(.text) refers (Special) to heapauxi.o(.text) for __use_two_region_memory
    startup_stm32h743xx.o(.text) refers to system_stm32h7xx.o(i.ExitRun0Mode) for ExitRun0Mode
    startup_stm32h743xx.o(.text) refers to system_stm32h7xx.o(i.SystemInit) for SystemInit
    startup_stm32h743xx.o(.text) refers to __main.o(!!!main) for __main
    startup_stm32h743xx.o(.text) refers to startup_stm32h743xx.o(HEAP) for Heap_Mem
    startup_stm32h743xx.o(.text) refers to startup_stm32h743xx.o(STACK) for Stack_Mem
    main.o(i.PeriphCommonClock_Config) refers to rt_memclr_w.o(.text) for __aeabi_memclr4
    main.o(i.PeriphCommonClock_Config) refers to stm32h7xx_hal_rcc_ex.o(i.HAL_RCCEx_PeriphCLKConfig) for HAL_RCCEx_PeriphCLKConfig
    main.o(i.SystemClock_Config) refers to rt_memclr_w.o(.text) for __aeabi_memclr4
    main.o(i.SystemClock_Config) refers to stm32h7xx_hal_pwr_ex.o(i.HAL_PWREx_ConfigSupply) for HAL_PWREx_ConfigSupply
    main.o(i.SystemClock_Config) refers to stm32h7xx_hal_pwr.o(i.HAL_PWR_EnableBkUpAccess) for HAL_PWR_EnableBkUpAccess
    main.o(i.SystemClock_Config) refers to stm32h7xx_hal.o(i.HAL_GetREVID) for HAL_GetREVID
    main.o(i.SystemClock_Config) refers to stm32h7xx_hal_rcc.o(i.HAL_RCC_OscConfig) for HAL_RCC_OscConfig
    main.o(i.SystemClock_Config) refers to stm32h7xx_hal_rcc.o(i.HAL_RCC_ClockConfig) for HAL_RCC_ClockConfig
    main.o(i.main) refers to stm32h7xx_hal_cortex.o(i.HAL_MPU_Disable) for HAL_MPU_Disable
    main.o(i.main) refers to stm32h7xx_hal_cortex.o(i.HAL_MPU_ConfigRegion) for HAL_MPU_ConfigRegion
    main.o(i.main) refers to stm32h7xx_hal_cortex.o(i.HAL_MPU_Enable) for HAL_MPU_Enable
    main.o(i.main) refers to stm32h7xx_hal.o(i.HAL_Init) for HAL_Init
    main.o(i.main) refers to main.o(i.SystemClock_Config) for SystemClock_Config
    main.o(i.main) refers to main.o(i.PeriphCommonClock_Config) for PeriphCommonClock_Config
    main.o(i.main) refers to gpio.o(i.MX_GPIO_Init) for MX_GPIO_Init
    main.o(i.main) refers to dma.o(i.MX_DMA_Init) for MX_DMA_Init
    main.o(i.main) refers to usart.o(i.MX_USART2_UART_Init) for MX_USART2_UART_Init
    main.o(i.main) refers to eth.o(i.MX_ETH_Init) for MX_ETH_Init
[...]
    $v0                                      0x08000338   Number         0  startup_stm32h743xx.o(.text)
    .text                                    0x08000380   Section      238  lludivv7m.o(.text)
    .text                                    0x0800046e   Section       78  rt_memclr_w.o(.text)
    .text                                    0x080004bc   Section        0  heapauxi.o(.text)
    .text                                    0x080004c2   Section       74  sys_stackheap_outer.o(.text)
    .text                                    0x0800050c   Section        0  exit.o(.text)
    .text                                    0x08000520   Section        8  libspace.o(.text)
    .text                                    0x08000528   Section        0  sys_exit.o(.text)
    .text                                    0x08000534   Section        2  use_no_semi.o(.text)
    .text                                    0x08000536   Section        0  indicate_semi.o(.text)
    i.BusFault_Handler                       0x08000536   Section        0  stm32h7xx_it.o(i.BusFault_Handler)
    i.DMA1_Stream0_IRQHandler                0x08000538   Section        0  stm32h7xx_it.o(i.DMA1_Stream0_IRQHandler)
    i.DMA1_Stream1_IRQHandler                0x08000544   Section        0  stm32h7xx_it.o(i.DMA1_Stream1_IRQHandler)
    i.DMA1_Stream2_IRQHandler                0x08000550   Section        0  stm32h7xx_it.o(i.DMA1_Stream2_IRQHandler)
    i.DMA1_Stream3_IRQHandler                0x0800055c   Section        0  stm32h7xx_it.o(i.DMA1_Stream3_IRQHandler)
    i.DMA1_Stream4_IRQHandler                0x08000568   Section        0  stm32h7xx_it.o(i.DMA1_Stream4_IRQHandler)
    i.DMA1_Stream5_IRQHandler                0x08000574   Section        0  stm32h7xx_it.o(i.DMA1_Stream5_IRQHandler)
    i.DMA1_Stream6_IRQHandler                0x08000580   Section        0  stm32h7xx_it.o(i.DMA1_Stream6_IRQHandler)
    i.DMA2_Stream0_IRQHandler                0x0800058c   Section        0  stm32h7xx_it.o(i.DMA2_Stream0_IRQHandler)
    i.DMA2_Stream1_IRQHandler                0x08000598   Section        0  stm32h7xx_it.o(i.DMA2_Stream1_IRQHandler)
    i.DMA_CalcBaseAndBitshift                0x080005a4   Section        0  stm32h7xx_hal_dma.o(i.DMA_CalcBaseAndBitshift)
    DMA_CalcBaseAndBitshift                  0x080005a5   Thumb Code   168  stm32h7xx_hal_dma.o(i.DMA_CalcBaseAndBitshift)
    i.DMA_CalcDMAMUXChannelBaseAndMask       0x08000658   Section        0  stm32h7xx_hal_dma.o(i.DMA_CalcDMAMUXChannelBaseAndMask)
    DMA_CalcDMAMUXChannelBaseAndMask         0x08000659   Thumb Code   138  stm32h7xx_hal_dma.o(i.DMA_CalcDMAMUXChannelBaseAndMask)
    i.DMA_CalcDMAMUXRequestGenBaseAndMask    0x080006f4   Section        0  stm32h7xx_hal_dma.o(i.DMA_CalcDMAMUXRequestGenBaseAndMask)
    DMA_CalcDMAMUXRequestGenBaseAndMask      0x080006f5   Thumb Code   104  stm32h7xx_hal_dma.o(i.DMA_CalcDMAMUXRequestGenBaseAndMask)
    i.DMA_CheckFifoParam                     0x08000768   Section        0  stm32h7xx_hal_dma.o(i.DMA_CheckFifoParam)
    DMA_CheckFifoParam                       0x08000769   Thumb Code    84  stm32h7xx_hal_dma.o(i.DMA_CheckFifoParam)
    i.DebugMon_Handler                       0x080007bc   Section        0  stm32h7xx_it.o(i.DebugMon_Handler)
    i.ETH_MACDMAConfig                       0x080007be   Section        0  stm32h7xx_hal_eth.o(i.ETH_MACDMAConfig)
    ETH_MACDMAConfig                         0x080007bf   Thumb Code   216  stm32h7xx_hal_eth.o(i.ETH_MACDMAConfig)
    i.ETH_SetDMAConfig                       0x08000898   Section        0  stm32h7xx_hal_eth.o(i.ETH_SetDMAConfig)
    ETH_SetDMAConfig                         0x08000899   Thumb Code   168  stm32h7xx_hal_eth.o(i.ETH_SetDMAConfig)
    i.ETH_SetMACConfig                       0x0800094c   Section        0  stm32h7xx_hal_eth.o(i.ETH_SetMACConfig)
    ETH_SetMACConfig                         0x0800094d   Thumb Code   416  stm32h7xx_hal_eth.o(i.ETH_SetMACConfig)
    i.Error_Handler                          0x08000af4   Section        0  main.o(i.Error_Handler)
    i.ExitRun0Mode                           0x08000af8   Section        0  system_stm32h7xx.o(i.ExitRun0Mode)
    i.HAL_CRCEx_Polynomial_Set               0x08000b14   Section        0  stm32h7xx_hal_crc_ex.o(i.HAL_CRCEx_Polynomial_Set)
    i.HAL_CRC_Init                           0x08000b64   Section        0  stm32h7xx_hal_crc.o(i.HAL_CRC_Init)
    i.HAL_CRC_MspInit                        0x08000bdc   Section        0  crc.o(i.HAL_CRC_MspInit)
    i.HAL_DMA_Abort                          0x08000c04   Section        0  stm32h7xx_hal_dma.o(i.HAL_DMA_Abort)
    i.HAL_DMA_Abort_IT                       0x08000f64   Section        0  stm32h7xx_hal_dma.o(i.HAL_DMA_Abort_IT)
    i.HAL_DMA_IRQHandler                     0x080011e8   Section        0  stm32h7xx_hal_dma.o(i.HAL_DMA_IRQHandler)
    i.HAL_DMA_Init                           0x080018d0   Section        0  stm32h7xx_hal_dma.o(i.HAL_DMA_Init)
    i.HAL_ETH_Init                           0x08001c94   Section        0  stm32h7xx_hal_eth.o(i.HAL_ETH_Init)
    i.HAL_ETH_MspInit                        0x08001e48   Section        0  eth.o(i.HAL_ETH_MspInit)
    i.HAL_ETH_SetMDIOClockRange              0x08001f1c   Section        0  stm32h7xx_hal_eth.o(i.HAL_ETH_SetMDIOClockRange)
    i.HAL_GPIO_Init                          0x08001f94   Section        0  stm32h7xx_hal_gpio.o(i.HAL_GPIO_Init)
    i.HAL_GPIO_WritePin                      0x080021c0   Section        0  stm32h7xx_hal_gpio.o(i.HAL_GPIO_WritePin)
    i.HAL_GetREVID                           0x080021cc   Section        0  stm32h7xx_hal.o(i.HAL_GetREVID)
    i.HAL_GetTick                            0x080021d8   Section        0  stm32h7xx_hal.o(i.HAL_GetTick)
    i.HAL_IncTick                            0x080021e4   Section        0  stm32h7xx_hal.o(i.HAL_IncTick)
    i.HAL_Init                               0x080021f4   Section        0  stm32h7xx_hal.o(i.HAL_Init)
    i.HAL_InitTick                           0x08002250   Section        0  stm32h7xx_hal.o(i.HAL_InitTick)
    i.HAL_MPU_ConfigRegion                   0x08002290   Section        0  stm32h7xx_hal_cortex.o(i.HAL_MPU_ConfigRegion)
    i.HAL_MPU_Disable                        0x080022ec   Section        0  stm32h7xx_hal_cortex.o(i.HAL_MPU_Disable)
    i.HAL_MPU_Enable                         0x08002308   Section        0  stm32h7xx_hal_cortex.o(i.HAL_MPU_Enable)
    i.HAL_MspInit                            0x0800232c   Section        0  stm32h7xx_hal_msp.o(i.HAL_MspInit)
    i.HAL_NVIC_EnableIRQ                     0x0800234c   Section        0  stm32h7xx_hal_cortex.o(i.HAL_NVIC_EnableIRQ)
    i.HAL_NVIC_SetPriority                   0x08002368   Section        0  stm32h7xx_hal_cortex.o(i.HAL_NVIC_SetPriority)
    i.HAL_NVIC_SetPriorityGrouping           0x080023a8   Section        0  stm32h7xx_hal_cortex.o(i.HAL_NVIC_SetPriorityGrouping)
    i.HAL_PWREx_ConfigSupply                 0x080023cc   Section        0  stm32h7xx_hal_pwr_ex.o(i.HAL_PWREx_ConfigSupply)
    i.HAL_PWR_EnableBkUpAccess               0x08002420   Section        0  stm32h7xx_hal_pwr.o(i.HAL_PWR_EnableBkUpAccess)
    i.HAL_RCCEx_GetD3PCLK1Freq               0x08002430   Section        0  stm32h7xx_hal_rcc_ex.o(i.HAL_RCCEx_GetD3PCLK1Freq)
    i.HAL_RCCEx_GetPLL2ClockFreq             0x08002454   Section        0  stm32h7xx_hal_rcc_ex.o(i.HAL_RCCEx_GetPLL2ClockFreq)
    i.HAL_RCCEx_GetPLL3ClockFreq             0x08002598   Section        0  stm32h7xx_hal_rcc_ex.o(i.HAL_RCCEx_GetPLL3ClockFreq)
    i.HAL_RCCEx_PeriphCLKConfig              0x080026dc   Section        0  stm32h7xx_hal_rcc_ex.o(i.HAL_RCCEx_PeriphCLKConfig)
    i.HAL_RCC_ClockConfig                    0x08002fb0   Section        0  stm32h7xx_hal_rcc.o(i.HAL_RCC_ClockConfig)
    i.HAL_RCC_GetHCLKFreq                    0x0800320c   Section        0  stm32h7xx_hal_rcc.o(i.HAL_RCC_GetHCLKFreq)
    i.HAL_RCC_GetPCLK1Freq                   0x08003250   Section        0  stm32h7xx_hal_rcc.o(i.HAL_RCC_GetPCLK1Freq)
    i.HAL_RCC_GetPCLK2Freq                   0x08003274   Section        0  stm32h7xx_hal_rcc.o(i.HAL_RCC_GetPCLK2Freq)
    i.HAL_RCC_GetSysClockFreq                0x08003298   Section        0  stm32h7xx_hal_rcc.o(i.HAL_RCC_GetSysClockFreq)
    i.HAL_RCC_OscConfig                      0x080033d0   Section        0  stm32h7xx_hal_rcc.o(i.HAL_RCC_OscConfig)
    i.HAL_RTC_Init                           0x08003900   Section        0  stm32h7xx_hal_rtc.o(i.HAL_RTC_Init)
    i.HAL_RTC_MspInit                        0x08003994   Section        0  rtc.o(i.HAL_RTC_MspInit)
    i.HAL_RTC_SetAlarm                       0x080039d4   Section        0  stm32h7xx_hal_rtc.o(i.HAL_RTC_SetAlarm)
    i.HAL_RTC_SetDate                        0x08003b5c   Section        0  stm32h7xx_hal_rtc.o(i.HAL_RTC_SetDate)
    i.HAL_RTC_SetTime                        0x08003bfc   Section        0  stm32h7xx_hal_rtc.o(i.HAL_RTC_SetTime)
    i.HAL_RTC_WaitForSynchro                 0x08003ccc   Section        0  stm32h7xx_hal_rtc.o(i.HAL_RTC_WaitForSynchro)
    i.HAL_SPI_Init                           0x08003d04   Section        0  stm32h7xx_hal_spi.o(i.HAL_SPI_Init)
    i.HAL_SPI_MspInit                        0x08003e5c   Section        0  spi.o(i.HAL_SPI_MspInit)
    i.HAL_SYSCFG_ETHInterfaceSelect          0x08003f6c   Section        0  stm32h7xx_hal.o(i.HAL_SYSCFG_ETHInterfaceSelect)
    i.HAL_SYSTICK_Config                     0x08003f80   Section        0  stm32h7xx_hal_cortex.o(i.HAL_SYSTICK_Config)
    i.HAL_TIMEx_MasterConfigSynchronization  0x08003fa8   Section        0  stm32h7xx_hal_tim_ex.o(i.HAL_TIMEx_MasterConfigSynchronization)
    i.HAL_TIM_Base_Init                      0x0800404c   Section        0  stm32h7xx_hal_tim.o(i.HAL_TIM_Base_Init)
    i.HAL_TIM_Base_MspInit                   0x080040b0   Section        0  tim.o(i.HAL_TIM_Base_MspInit)
    i.HAL_TIM_ConfigClockSource              0x08004108   Section        0  stm32h7xx_hal_tim.o(i.HAL_TIM_ConfigClockSource)
    i.HAL_UARTEx_DisableFifoMode             0x08004204   Section        0  stm32h7xx_hal_uart_ex.o(i.HAL_UARTEx_DisableFifoMode)
    i.HAL_UARTEx_RxEventCallback             0x08004244   Section        0  stm32h7xx_hal_uart.o(i.HAL_UARTEx_RxEventCallback)
    i.HAL_UARTEx_RxFifoFullCallback          0x08004246   Section        0  stm32h7xx_hal_uart_ex.o(i.HAL_UARTEx_RxFifoFullCallback)
    i.HAL_UARTEx_SetRxFifoThreshold          0x08004248   Section        0  stm32h7xx_hal_uart_ex.o(i.HAL_UARTEx_SetRxFifoThreshold)
    i.HAL_UARTEx_SetTxFifoThreshold          0x08004294   Section        0  stm32h7xx_hal_uart_ex.o(i.HAL_UARTEx_SetTxFifoThreshold)
    i.HAL_UARTEx_TxFifoEmptyCallback         0x080042e0   Section        0  stm32h7xx_hal_uart_ex.o(i.HAL_UARTEx_TxFifoEmptyCallback)
    i.HAL_UARTEx_WakeupCallback              0x080042e2   Section        0  stm32h7xx_hal_uart_ex.o(i.HAL_UARTEx_WakeupCallback)
    i.HAL_UART_ErrorCallback                 0x080042e4   Section        0  stm32h7xx_hal_uart.o(i.HAL_UART_ErrorCallback)
    i.HAL_UART_IRQHandler                    0x080042e8   Section        0  stm32h7xx_hal_uart.o(i.HAL_UART_IRQHandler)
    i.HAL_UART_Init                          0x08004648   Section        0  stm32h7xx_hal_uart.o(i.HAL_UART_Init)
    i.HAL_UART_MspInit                       0x080046b4   Section        0  usart.o(i.HAL_UART_MspInit)
    i.HAL_UART_TxCpltCallback                0x08004bec   Section        0  stm32h7xx_hal_uart.o(i.HAL_UART_TxCpltCallback)
    i.HardFault_Handler                      0x08004bee   Section        0  stm32h7xx_it.o(i.HardFault_Handler)
    i.MX_CRC_Init                            0x08004bf0   Section        0  crc.o(i.MX_CRC_Init)
    i.MX_DMA_Init                            0x08004c28   Section        0  dma.o(i.MX_DMA_Init)
    i.MX_ETH_Init                            0x08004ce4   Section        0  eth.o(i.MX_ETH_Init)
    i.MX_GPIO_Init                           0x08004d50   Section        0  gpio.o(i.MX_GPIO_Init)
    i.MX_LPUART1_UART_Init                   0x08004e94   Section        0  usart.o(i.MX_LPUART1_UART_Init)
    i.MX_RTC_Init                            0x08004efc   Section        0  rtc.o(i.MX_RTC_Init)
    i.MX_SPI1_Init                           0x08004fe4   Section        0  spi.o(i.MX_SPI1_Init)
    i.MX_SPI2_Init                           0x0800503c   Section        0  spi.o(i.MX_SPI2_Init)
    i.MX_SPI4_Init                           0x0800509c   Section        0  spi.o(i.MX_SPI4_Init)
    i.MX_TIM2_Init                           0x08005100   Section        0  tim.o(i.MX_TIM2_Init)
    i.MX_TIM6_Init                           0x08005164   Section        0  tim.o(i.MX_TIM6_Init)
    i.MX_TIM7_Init                           0x080051a8   Section        0  tim.o(i.MX_TIM7_Init)
    i.MX_UART4_Init                          0x080051ec   Section        0  usart.o(i.MX_UART4_Init)
    i.MX_UART5_Init                          0x08005254   Section        0  usart.o(i.MX_UART5_Init)
    i.MX_UART7_Init                          0x080052bc   Section        0  usart.o(i.MX_UART7_Init)
    i.MX_UART8_Init                          0x08005324   Section        0  usart.o(i.MX_UART8_Init)
    i.MX_USART1_UART_Init                    0x0800538c   Section        0  usart.o(i.MX_USART1_UART_Init)
    i.MX_USART2_UART_Init                    0x080053f4   Section        0  usart.o(i.MX_USART2_UART_Init)
    i.MX_USART3_UART_Init                    0x0800545c   Section        0  usart.o(i.MX_USART3_UART_Init)
    i.MX_USART6_UART_Init                    0x080054c4   Section        0  usart.o(i.MX_USART6_UART_Init)
    i.MemManage_Handler                      0x0800552c   Section        0  stm32h7xx_it.o(i.MemManage_Handler)
    i.NMI_Handler                            0x0800552e   Section        0  stm32h7xx_it.o(i.NMI_Handler)
    i.PendSV_Handler                         0x08005530   Section        0  stm32h7xx_it.o(i.PendSV_Handler)
    i.PeriphCommonClock_Config               0x08005532   Section        0  main.o(i.PeriphCommonClock_Config)
    i.RCCEx_PLL2_Config                      0x08005574   Section        0  stm32h7xx_hal_rcc_ex.o(i.RCCEx_PLL2_Config)
    RCCEx_PLL2_Config                        0x08005575   Thumb Code   284  stm32h7xx_hal_rcc_ex.o(i.RCCEx_PLL2_Config)
    i.RCCEx_PLL3_Config                      0x08005694   Section        0  stm32h7xx_hal_rcc_ex.o(i.RCCEx_PLL3_Config)
    RCCEx_PLL3_Config                        0x08005695   Thumb Code   284  stm32h7xx_hal_rcc_ex.o(i.RCCEx_PLL3_Config)
    i.RTC_ByteToBcd2                         0x080057b4   Section        0  stm32h7xx_hal_rtc.o(i.RTC_ByteToBcd2)
    i.RTC_EnterInitMode                      0x080057cc   Section        0  stm32h7xx_hal_rtc.o(i.RTC_EnterInitMode)
    i.RTC_ExitInitMode                       0x08005814   Section        0  stm32h7xx_hal_rtc.o(i.RTC_ExitInitMode)
    i.SVC_Handler                            0x08005868   Section        0  stm32h7xx_it.o(i.SVC_Handler)
    i.SysTick_Handler                        0x0800586a   Section        0  stm32h7xx_it.o(i.SysTick_Handler)
    i.SystemClock_Config                     0x08005870   Section        0  main.o(i.SystemClock_Config)
    i.SystemInit                             0x0800592c   Section        0  system_stm32h7xx.o(i.SystemInit)
    i.TIM_Base_SetConfig                     0x08005a24   Section        0  stm32h7xx_hal_tim.o(i.TIM_Base_SetConfig)
    i.TIM_ETR_SetConfig                      0x08005ae8   Section        0  stm32h7xx_hal_tim.o(i.TIM_ETR_SetConfig)
    i.TIM_ITRx_SetConfig                     0x08005afc   Section        0  stm32h7xx_hal_tim.o(i.TIM_ITRx_SetConfig)
    TIM_ITRx_SetConfig                       0x08005afd   Thumb Code    16  stm32h7xx_hal_tim.o(i.TIM_ITRx_SetConfig)
    i.TIM_TI1_ConfigInputStage               0x08005b10   Section        0  stm32h7xx_hal_tim.o(i.TIM_TI1_ConfigInputStage)
    TIM_TI1_ConfigInputStage                 0x08005b11   Thumb Code    34  stm32h7xx_hal_tim.o(i.TIM_TI1_ConfigInputStage)
    i.TIM_TI2_ConfigInputStage               0x08005b32   Section        0  stm32h7xx_hal_tim.o(i.TIM_TI2_ConfigInputStage)
    TIM_TI2_ConfigInputStage                 0x08005b33   Thumb Code    36  stm32h7xx_hal_tim.o(i.TIM_TI2_ConfigInputStage)
    i.UART8_IRQHandler                       0x08005b58   Section        0  stm32h7xx_it.o(i.UART8_IRQHandler)
    i.UARTEx_SetNbDataToProcess              0x08005b64   Section        0  stm32h7xx_hal_uart_ex.o(i.UARTEx_SetNbDataToProcess)
    UARTEx_SetNbDataToProcess                0x08005b65   Thumb Code    62  stm32h7xx_hal_uart_ex.o(i.UARTEx_SetNbDataToProcess)
    i.UART_AdvFeatureConfig                  0x08005ba8   Section        0  stm32h7xx_hal_uart.o(i.UART_AdvFeatureConfig)
    i.UART_CheckIdleState                    0x08005c70   Section        0  stm32h7xx_hal_uart.o(i.UART_CheckIdleState)
    i.UART_DMAAbortOnError                   0x08005cd0   Section        0  stm32h7xx_hal_uart.o(i.UART_DMAAbortOnError)
    UART_DMAAbortOnError                     0x08005cd1   Thumb Code    20  stm32h7xx_hal_uart.o(i.UART_DMAAbortOnError)
    i.UART_EndRxTransfer                     0x08005ce4   Section        0  stm32h7xx_hal_uart.o(i.UART_EndRxTransfer)
    UART_EndRxTransfer                       0x08005ce5   Thumb Code    78  stm32h7xx_hal_uart.o(i.UART_EndRxTransfer)
    i.UART_SetConfig                         0x08005d38   Section        0  stm32h7xx_hal_uart.o(i.UART_SetConfig)
    i.UART_WaitOnFlagUntilTimeout            0x080060e4   Section        0  stm32h7xx_hal_uart.o(i.UART_WaitOnFlagUntilTimeout)
    i.USART2_IRQHandler                      0x080061b0   Section        0  stm32h7xx_it.o(i.USART2_IRQHandler)
    i.UsageFault_Handler                     0x080061bc   Section        0  stm32h7xx_it.o(i.UsageFault_Handler)
    i.__NVIC_SetPriority                     0x080061be   Section        0  stm32h7xx_hal_cortex.o(i.__NVIC_SetPriority)
    __NVIC_SetPriority                       0x080061bf   Thumb Code    34  stm32h7xx_hal_cortex.o(i.__NVIC_SetPriority)
    i.main                                   0x080061e0   Section        0  main.o(i.main)
    x$fpl$fpinit                             0x0800628a   Section       10  fpinit.o(x$fpl$fpinit)
    $v0                                      0x0800628a   Number         0  fpinit.o(x$fpl$fpinit)
    .constdata                               0x08006294   Section        8  stm32h7xx_hal_dma.o(.constdata)
    flagBitshiftOffset                       0x08006294   Data           8  stm32h7xx_hal_dma.o(.constdata)
    .constdata                               0x0800629c   Section       24  stm32h7xx_hal_uart.o(.constdata)
    .constdata                               0x080062b4   Section       16  stm32h7xx_hal_uart_ex.o(.constdata)
    numerator                                0x080062b4   Data           8  stm32h7xx_hal_uart_ex.o(.constdata)
    denominator                              0x080062bc   Data           8  stm32h7xx_hal_uart_ex.o(.constdata)
    .constdata                               0x080062c4   Section       16  system_stm32h7xx.o(.constdata)
    .data                                    0x24000000   Section        6  eth.o(.data)
    MACAddr                                  0x24000000   Data           6  eth.o(.data)
    .data                                    0x24000008   Section       12  stm32h7xx_hal.o(.data)
    .data                                    0x24000014   Section        8  system_stm32h7xx.o(.data)
    .bss                                     0x2400001c   Section       36  crc.o(.bss)
    .bss                                     0x24000040   Section      232  eth.o(.bss)
    .bss                                     0x24000128   Section     2376  usart.o(.bss)
    .bss                                     0x24000a70   Section       36  rtc.o(.bss)
    .bss                                     0x24000a94   Section      408  spi.o(.bss)
    .bss                                     0x24000c2c   Section      228  tim.o(.bss)
    .bss                                     0x24000d10   Section       96  libspace.o(.bss)
    HEAP                                     0x24000d70   Section      512  startup_stm32h743xx.o(HEAP)
    Heap_Mem                                 0x24000d70   Data         512  startup_stm32h743xx.o(HEAP)
    STACK                                    0x24000f70   Section     1024  startup_stm32h743xx.o(STACK)
    Stack_Mem                                0x24000f70   Data        1024  startup_stm32h743xx.o(STACK)
    __initial_sp                             0x24001370   Data           0  startup_stm32h743xx.o(STACK)
    .ARM.__AT_0x30000000                     0x30000000   Section       96  eth.o(.ARM.__AT_0x30000000)
    .ARM.__AT_0x30000080                     0x30000080   Section       96  eth.o(.ARM.__AT_0x30000080)

    Global Symbols

    Symbol Name                              Value     Ov Type        Size  Object(Section)

    BuildAttributes$$THM_ISAv4$E$P$D$K$B$S$7EM$VFPv5_D16$PE$PLD8$A:L22UL41UL21$X:L11$S22US41US21$IEEE1$IW$USESV6$~STKCKD$USESV7$~SHL$OSPACE$ROPI$EBA8$UX$STANDARDLIB$REQ8$PRES8$EABIv2 0x00000000   Number         0  anon$$obj.o ABSOLUTE
    __ARM_use_no_argv                        0x00000000   Number         0  main.o ABSOLUTE
    __ARM_exceptions_init                     - Undefined Weak Reference
    __alloca_initialize                       - Undefined Weak Reference
    __arm_fini_                               - Undefined Weak Reference
    __arm_preinit_                            - Undefined Weak Reference
    __cpp_initialize__aeabi_                  - Undefined Weak Reference
    __cxa_finalize                            - Undefined Weak Reference
    __rt_locale                               - Undefined Weak Reference
    __sigvec_lookup                           - Undefined Weak Reference
    _atexit_init                              - Undefined Weak Reference
    _call_atexit_fns                          - Undefined Weak Reference
    _clock_init                               - Undefined Weak Reference
    _fp_trap_init                             - Undefined Weak Reference
    _fp_trap_shutdown                         - Undefined Weak Reference
    _get_lc_collate                           - Undefined Weak Reference
    _get_lc_ctype                             - Undefined Weak Reference
    _get_lc_monetary                          - Undefined Weak Reference
    _get_lc_numeric                           - Undefined Weak Reference
    _get_lc_time                              - Undefined Weak Reference
    _getenv_init                              - Undefined Weak Reference
    _handle_redirection                       - Undefined Weak Reference
    _init_alloc                               - Undefined Weak Reference
    _init_user_alloc                          - Undefined Weak Reference
    _initio                                   - Undefined Weak Reference
    _rand_init                                - Undefined Weak Reference
    _signal_finish                            - Undefined Weak Reference
    _signal_init                              - Undefined Weak Reference
    _terminate_alloc                          - Undefined Weak Reference
    _terminate_user_alloc                     - Undefined Weak Reference
    _terminateio                              - Undefined Weak Reference
    __Vectors_Size                           0x00000298   Number         0  startup_stm32h743xx.o ABSOLUTE
    __Vectors                                0x08000000   Data           4  startup_stm32h743xx.o(RESET)
    __Vectors_End                            0x08000298   Data           0  startup_stm32h743xx.o(RESET)
    __main                                   0x08000299   Thumb Code     8  __main.o(!!!main)
    __scatterload                            0x080002a1   Thumb Code     0  __scatter.o(!!!scatter)
    __scatterload_rt2                        0x080002a1   Thumb Code    44  __scatter.o(!!!scatter)
    __scatterload_rt2_thumb_only             0x080002a1   Thumb Code     0  __scatter.o(!!!scatter)
    __scatterload_null                       0x080002af   Thumb Code     0  __scatter.o(!!!scatter)
    __scatterload_copy                       0x080002d5   Thumb Code    26  __scatter_copy.o(!!handler_copy)
    __scatterload_zeroinit                   0x080002f1   Thumb Code    28  __scatter_zi.o(!!handler_zi)
    __rt_lib_init                            0x0800030d   Thumb Code     0  libinit.o(.ARM.Collect$$libinit$$00000000)
    __rt_lib_init_fp_1                       0x0800030f   Thumb Code     0  libinit2.o(.ARM.Collect$$libinit$$00000001)
    __rt_lib_init_alloca_1                   0x08000313   Thumb Code     0  libinit2.o(.ARM.Collect$$libinit$$0000002E)
    __rt_lib_init_argv_1                     0x08000313   Thumb Code     0  libinit2.o(.ARM.Collect$$libinit$$0000002C)
    __rt_lib_init_atexit_1                   0x08000313   Thumb Code     0  libinit2.o(.ARM.Collect$$libinit$$0000001B)
    __rt_lib_init_clock_1                    0x08000313   Thumb Code     0  libinit2.o(.ARM.Collect$$libinit$$00000021)
    __rt_lib_init_cpp_1                      0x08000313   Thumb Code     0  libinit2.o(.ARM.Collect$$libinit$$00000032)
    __rt_lib_init_exceptions_1               0x08000313   Thumb Code     0  libinit2.o(.ARM.Collect$$libinit$$00000030)
    __rt_lib_init_fp_trap_1                  0x08000313   Thumb Code     0  libinit2.o(.ARM.Collect$$libinit$$0000001F)
    __rt_lib_init_getenv_1                   0x08000313   Thumb Code     0  libinit2.o(.ARM.Collect$$libinit$$00000023)
    __rt_lib_init_heap_1                     0x08000313   Thumb Code     0  libinit2.o(.ARM.Collect$$libinit$$0000000A)
    __rt_lib_init_lc_collate_1               0x08000313   Thumb Code     0  libinit2.o(.ARM.Collect$$libinit$$00000011)
    __rt_lib_init_lc_ctype_1                 0x08000313   Thumb Code     0  libinit2.o(.ARM.Collect$$libinit$$00000013)
    __rt_lib_init_lc_monetary_1              0x08000313   Thumb Code     0  libinit2.o(.ARM.Collect$$libinit$$00000015)
    __rt_lib_init_lc_numeric_1               0x08000313   Thumb Code     0  libinit2.o(.ARM.Collect$$libinit$$00000017)
    __rt_lib_init_lc_time_1                  0x08000313   Thumb Code     0  libinit2.o(.ARM.Collect$$libinit$$00000019)
    __rt_lib_init_preinit_1                  0x08000313   Thumb Code     0  libinit2.o(.ARM.Collect$$libinit$$00000004)
    __rt_lib_init_rand_1                     0x08000313   Thumb Code     0  libinit2.o(.ARM.Collect$$libinit$$0000000E)
    __rt_lib_init_return                     0x08000313   Thumb Code     0  libinit2.o(.ARM.Collect$$libinit$$00000033)
    __rt_lib_init_signal_1                   0x08000313   Thumb Code     0  libinit2.o(.ARM.Collect$$libinit$$0000001D)
    __rt_lib_init_stdio_1                    0x08000313   Thumb Code     0  libinit2.o(.ARM.Collect$$libinit$$00000025)
    __rt_lib_init_user_alloc_1               0x08000313   Thumb Code     0  libinit2.o(.ARM.Collect$$libinit$$0000000C)
    __rt_lib_shutdown                        0x08000315   Thumb Code     0  libshutdown.o(.ARM.Collect$$libshutdown$$00000000)
    __rt_lib_shutdown_cpp_1                  0x08000317   Thumb Code     0  libshutdown2.o(.ARM.Collect$$libshutdown$$00000004)
    __rt_lib_shutdown_fini_1                 0x08000317   Thumb Code     0  libshutdown2.o(.ARM.Collect$$libshutdown$$00000002)
    __rt_lib_shutdown_fp_trap_1              0x08000317   Thumb Code     0  libshutdown2.o(.ARM.Collect$$libshutdown$$00000009)
    __rt_lib_shutdown_heap_1                 0x08000317   Thumb Code     0  libshutdown2.o(.ARM.Collect$$libshutdown$$00000011)
    __rt_lib_shutdown_return                 0x08000317   Thumb Code     0  libshutdown2.o(.ARM.Collect$$libshutdown$$00000012)
    __rt_lib_shutdown_signal_1               0x08000317   Thumb Code     0  libshutdown2.o(.ARM.Collect$$libshutdown$$0000000C)
    __rt_lib_shutdown_stdio_1                0x08000317   Thumb Code     0  libshutdown2.o(.ARM.Collect$$libshutdown$$00000006)
    __rt_lib_shutdown_user_alloc_1           0x08000317   Thumb Code     0  libshutdown2.o(.ARM.Collect$$libshutdown$$0000000E)
    __rt_entry                               0x08000319   Thumb Code     0  __rtentry.o(.ARM.Collect$$rtentry$$00000000)
    __rt_entry_presh_1                       0x08000319   Thumb Code     0  __rtentry2.o(.ARM.Collect$$rtentry$$00000002)
    __rt_entry_sh                            0x08000319   Thumb Code     0  __rtentry4.o(.ARM.Collect$$rtentry$$00000004)
    __rt_entry_li                            0x0800031f   Thumb Code     0  __rtentry2.o(.ARM.Collect$$rtentry$$0000000A)
    __rt_entry_postsh_1                      0x0800031f   Thumb Code     0  __rtentry2.o(.ARM.Collect$$rtentry$$00000009)
    __rt_entry_main                          0x08000323   Thumb Code     0  __rtentry2.o(.ARM.Collect$$rtentry$$0000000D)
    __rt_entry_postli_1                      0x08000323   Thumb Code     0  __rtentry2.o(.ARM.Collect$$rtentry$$0000000C)
    __rt_exit                                0x0800032b   Thumb Code     0  rtexit.o(.ARM.Collect$$rtexit$$00000000)
    __rt_exit_ls                             0x0800032d   Thumb Code     0  rtexit2.o(.ARM.Collect$$rtexit$$00000003)
    __rt_exit_prels_1                        0x0800032d   Thumb Code     0  rtexit2.o(.ARM.Collect$$rtexit$$00000002)
    __rt_exit_exit                           0x08000331   Thumb Code     0  rtexit2.o(.ARM.Collect$$rtexit$$00000004)
    Reset_Handler                            0x08000339   Thumb Code    12  startup_stm32h743xx.o(.text)
    ADC3_IRQHandler                          0x08000357   Thumb Code     0  startup_stm32h743xx.o(.text)
    ADC_IRQHandler                           0x08000357   Thumb Code     0  startup_stm32h743xx.o(.text)
    BDMA_Channel0_IRQHandler                 0x08000357   Thumb Code     0  startup_stm32h743xx.o(.text)
    BDMA_Channel1_IRQHandler                 0x08000357   Thumb Code     0  startup_stm32h743xx.o(.text)
    BDMA_Channel2_IRQHandler                 0x08000357   Thumb Code     0  startup_stm32h743xx.o(.text)
    BDMA_Channel3_IRQHandler                 0x08000357   Thumb Code     0  startup_stm32h743xx.o(.text)
    BDMA_Channel4_IRQHandler                 0x08000357   Thumb Code     0  startup_stm32h743xx.o(.text)
    BDMA_Channel5_IRQHandler                 0x08000357   Thumb Code     0  startup_stm32h743xx.o(.text)
    BDMA_Channel6_IRQHandler                 0x08000357   Thumb Code     0  startup_stm32h743xx.o(.text)
    BDMA_Channel7_IRQHandler                 0x08000357   Thumb Code     0  startup_stm32h743xx.o(.text)
    CEC_IRQHandler                           0x08000357   Thumb Code     0  startup_stm32h743xx.o(.text)
    COMP1_IRQHandler                         0x08000357   Thumb Code     0  startup_stm32h743xx.o(.text)
    CRS_IRQHandler                           0x08000357   Thumb Code     0  startup_stm32h743xx.o(.text)
    DCMI_IRQHandler                          0x08000357   Thumb Code     0  startup_stm32h743xx.o(.text)
    DFSDM1_FLT0_IRQHandler                   0x08000357   Thumb Code     0  startup_stm32h743xx.o(.text)
    DFSDM1_FLT1_IRQHandler                   0x08000357   Thumb Code     0  startup_stm32h743xx.o(.text)
    DFSDM1_FLT2_IRQHandler                   0x08000357   Thumb Code     0  startup_stm32h743xx.o(.text)
    DFSDM1_FLT3_IRQHandler                   0x08000357   Thumb Code     0  startup_stm32h743xx.o(.text)
    DMA1_Stream7_IRQHandler                  0x08000357   Thumb Code     0  startup_stm32h743xx.o(.text)
    DMA2D_IRQHandler                         0x08000357   Thumb Code     0  startup_stm32h743xx.o(.text)
    DMA2_Stream2_IRQHandler                  0x08000357   Thumb Code     0  startup_stm32h743xx.o(.text)
    DMA2_Stream3_IRQHandler                  0x08000357   Thumb Code     0  startup_stm32h743xx.o(.text)
    DMA2_Stream4_IRQHandler                  0x08000357   Thumb Code     0  startup_stm32h743xx.o(.text)
    DMA2_Stream5_IRQHandler                  0x08000357   Thumb Code     0  startup_stm32h743xx.o(.text)
    DMA2_Stream6_IRQHandler                  0x08000357   Thumb Code     0  startup_stm32h743xx.o(.text)
    DMA2_Stream7_IRQHandler                  0x08000357   Thumb Code     0  startup_stm32h743xx.o(.text)
    DMAMUX1_OVR_IRQHandler                   0x08000357   Thumb Code     0  startup_stm32h743xx.o(.text)
    DMAMUX2_OVR_IRQHandler                   0x08000357   Thumb Code     0  startup_stm32h743xx.o(.text)
    ECC_IRQHandler                           0x08000357   Thumb Code     0  startup_stm32h743xx.o(.text)
    ETH_IRQHandler                           0x08000357   Thumb Code     0  startup_stm32h743xx.o(.text)
    ETH_WKUP_IRQHandler                      0x08000357   Thumb Code     0  startup_stm32h743xx.o(.text)
    EXTI0_IRQHandler                         0x08000357   Thumb Code     0  startup_stm32h743xx.o(.text)
    EXTI15_10_IRQHandler                     0x08000357   Thumb Code     0  startup_stm32h743xx.o(.text)
    EXTI1_IRQHandler                         0x08000357   Thumb Code     0  startup_stm32h743xx.o(.text)
    EXTI2_IRQHandler                         0x08000357   Thumb Code     0  startup_stm32h743xx.o(.text)
    EXTI3_IRQHandler                         0x08000357   Thumb Code     0  startup_stm32h743xx.o(.text)
    EXTI4_IRQHandler                         0x08000357   Thumb Code     0  startup_stm32h743xx.o(.text)
    EXTI9_5_IRQHandler                       0x08000357   Thumb Code     0  startup_stm32h743xx.o(.text)
    FDCAN1_IT0_IRQHandler                    0x08000357   Thumb Code     0  startup_stm32h743xx.o(.text)
    FDCAN1_IT1_IRQHandler                    0x08000357   Thumb Code     0  startup_stm32h743xx.o(.text)
    FDCAN2_IT0_IRQHandler                    0x08000357   Thumb Code     0  startup_stm32h743xx.o(.text)
    FDCAN2_IT1_IRQHandler                    0x08000357   Thumb Code     0  startup_stm32h743xx.o(.text)
    FDCAN_CAL_IRQHandler                     0x08000357   Thumb Code     0  startup_stm32h743xx.o(.text)
    FLASH_IRQHandler                         0x08000357   Thumb Code     0  startup_stm32h743xx.o(.text)
    FMC_IRQHandler                           0x08000357   Thumb Code     0  startup_stm32h743xx.o(.text)
    FPU_IRQHandler                           0x08000357   Thumb Code     0  startup_stm32h743xx.o(.text)
    HRTIM1_FLT_IRQHandler                    0x08000357   Thumb Code     0  startup_stm32h743xx.o(.text)
    HRTIM1_Master_IRQHandler                 0x08000357   Thumb Code     0  startup_stm32h743xx.o(.text)
    HRTIM1_TIMA_IRQHandler                   0x08000357   Thumb Code     0  startup_stm32h743xx.o(.text)
    HRTIM1_TIMB_IRQHandler                   0x08000357   Thumb Code     0  startup_stm32h743xx.o(.text)
    HRTIM1_TIMC_IRQHandler                   0x08000357   Thumb Code     0  startup_stm32h743xx.o(.text)
    HRTIM1_TIMD_IRQHandler                   0x08000357   Thumb Code     0  startup_stm32h743xx.o(.text)
    HRTIM1_TIME_IRQHandler                   0x08000357   Thumb Code     0  startup_stm32h743xx.o(.text)
    HSEM1_IRQHandler                         0x08000357   Thumb Code     0  startup_stm32h743xx.o(.text)
    I2C1_ER_IRQHandler                       0x08000357   Thumb Code     0  startup_stm32h743xx.o(.text)
    I2C1_EV_IRQHandler                       0x08000357   Thumb Code     0  startup_stm32h743xx.o(.text)
    I2C2_ER_IRQHandler                       0x08000357   Thumb Code     0  startup_stm32h743xx.o(.text)
    I2C2_EV_IRQHandler                       0x08000357   Thumb Code     0  startup_stm32h743xx.o(.text)
    I2C3_ER_IRQHandler                       0x08000357   Thumb Code     0  startup_stm32h743xx.o(.text)
    I2C3_EV_IRQHandler                       0x08000357   Thumb Code     0  startup_stm32h743xx.o(.text)
    I2C4_ER_IRQHandler                       0x08000357   Thumb Code     0  startup_stm32h743xx.o(.text)
    I2C4_EV_IRQHandler                       0x08000357   Thumb Code     0  startup_stm32h743xx.o(.text)
    JPEG_IRQHandler                          0x08000357   Thumb Code     0  startup_stm32h743xx.o(.text)
    LPTIM1_IRQHandler                        0x08000357   Thumb Code     0  startup_stm32h743xx.o(.text)
    LPTIM2_IRQHandler                        0x08000357   Thumb Code     0  startup_stm32h743xx.o(.text)
    LPTIM3_IRQHandler                        0x08000357   Thumb Code     0  startup_stm32h743xx.o(.text)
    LPTIM4_IRQHandler                        0x08000357   Thumb Code     0  startup_stm32h743xx.o(.text)
    LPTIM5_IRQHandler                        0x08000357   Thumb Code     0  startup_stm32h743xx.o(.text)
    LPUART1_IRQHandler                       0x08000357   Thumb Code     0  startup_stm32h743xx.o(.text)
    LTDC_ER_IRQHandler                       0x08000357   Thumb Code     0  startup_stm32h743xx.o(.text)
    LTDC_IRQHandler                          0x08000357   Thumb Code     0  startup_stm32h743xx.o(.text)
    MDIOS_IRQHandler                         0x08000357   Thumb Code     0  startup_stm32h743xx.o(.text)
    MDIOS_WKUP_IRQHandler                    0x08000357   Thumb Code     0  startup_stm32h743xx.o(.text)
    MDMA_IRQHandler                          0x08000357   Thumb Code     0  startup_stm32h743xx.o(.text)
    OTG_FS_EP1_IN_IRQHandler                 0x08000357   Thumb Code     0  startup_stm32h743xx.o(.text)
    OTG_FS_EP1_OUT_IRQHandler                0x08000357   Thumb Code     0  startup_stm32h743xx.o(.text)
    OTG_FS_IRQHandler                        0x08000357   Thumb Code     0  startup_stm32h743xx.o(.text)
    OTG_FS_WKUP_IRQHandler                   0x08000357   Thumb Code     0  startup_stm32h743xx.o(.text)
    OTG_HS_EP1_IN_IRQHandler                 0x08000357   Thumb Code     0  startup_stm32h743xx.o(.text)
    OTG_HS_EP1_OUT_IRQHandler                0x08000357   Thumb Code     0  startup_stm32h743xx.o(.text)
    OTG_HS_IRQHandler                        0x08000357   Thumb Code     0  startup_stm32h743xx.o(.text)
    OTG_HS_WKUP_IRQHandler                   0x08000357   Thumb Code     0  startup_stm32h743xx.o(.text)
    PVD_AVD_IRQHandler                       0x08000357   Thumb Code     0  startup_stm32h743xx.o(.text)
    QUADSPI_IRQHandler                       0x08000357   Thumb Code     0  startup_stm32h743xx.o(.text)
    RCC_IRQHandler                           0x08000357   Thumb Code     0  startup_stm32h743xx.o(.text)
    RNG_IRQHandler                           0x08000357   Thumb Code     0  startup_stm32h743xx.o(.text)
    RTC_Alarm_IRQHandler                     0x08000357   Thumb Code     0  startup_stm32h743xx.o(.text)
    RTC_WKUP_IRQHandler                      0x08000357   Thumb Code     0  startup_stm32h743xx.o(.text)
    SAI1_IRQHandler                          0x08000357   Thumb Code     0  startup_stm32h743xx.o(.text)
    SAI2_IRQHandler                          0x08000357   Thumb Code     0  startup_stm32h743xx.o(.text)
    SAI3_IRQHandler                          0x08000357   Thumb Code     0  startup_stm32h743xx.o(.text)
    SAI4_IRQHandler                          0x08000357   Thumb Code     0  startup_stm32h743xx.o(.text)
    SDMMC1_IRQHandler                        0x08000357   Thumb Code     0  startup_stm32h743xx.o(.text)
    SDMMC2_IRQHandler                        0x08000357   Thumb Code     0  startup_stm32h743xx.o(.text)
    SPDIF_RX_IRQHandler                      0x08000357   Thumb Code     0  startup_stm32h743xx.o(.text)
    SPI1_IRQHandler                          0x08000357   Thumb Code     0  startup_stm32h743xx.o(.text)
    SPI2_IRQHandler                          0x08000357   Thumb Code     0  startup_stm32h743xx.o(.text)
    SPI3_IRQHandler                          0x08000357   Thumb Code     0  startup_stm32h743xx.o(.text)
    SPI4_IRQHandler                          0x08000357   Thumb Code     0  startup_stm32h743xx.o(.text)
    SPI5_IRQHandler                          0x08000357   Thumb Code     0  startup_stm32h743xx.o(.text)
    SPI6_IRQHandler                          0x08000357   Thumb Code     0  startup_stm32h743xx.o(.text)
    SWPMI1_IRQHandler                        0x08000357   Thumb Code     0  startup_stm32h743xx.o(.text)
    TAMP_STAMP_IRQHandler                    0x08000357   Thumb Code     0  startup_stm32h743xx.o(.text)
    TIM15_IRQHandler                         0x08000357   Thumb Code     0  startup_stm32h743xx.o(.text)
    TIM16_IRQHandler                         0x08000357   Thumb Code     0  startup_stm32h743xx.o(.text)
    TIM17_IRQHandler                         0x08000357   Thumb Code     0  startup_stm32h743xx.o(.text)
    TIM1_BRK_IRQHandler                      0x08000357   Thumb Code     0  startup_stm32h743xx.o(.text)
    TIM1_CC_IRQHandler                       0x08000357   Thumb Code     0  startup_stm32h743xx.o(.text)
    TIM1_TRG_COM_IRQHandler                  0x08000357   Thumb Code     0  startup_stm32h743xx.o(.text)
    TIM1_UP_IRQHandler                       0x08000357   Thumb Code     0  startup_stm32h743xx.o(.text)
    TIM2_IRQHandler                          0x08000357   Thumb Code     0  startup_stm32h743xx.o(.text)
    TIM3_IRQHandler                          0x08000357   Thumb Code     0  startup_stm32h743xx.o(.text)
    TIM4_IRQHandler                          0x08000357   Thumb Code     0  startup_stm32h743xx.o(.text)
    TIM5_IRQHandler                          0x08000357   Thumb Code     0  startup_stm32h743xx.o(.text)
    TIM6_DAC_IRQHandler                      0x08000357   Thumb Code     0  startup_stm32h743xx.o(.text)
    TIM7_IRQHandler                          0x08000357   Thumb Code     0  startup_stm32h743xx.o(.text)
    TIM8_BRK_TIM12_IRQHandler                0x08000357   Thumb Code     0  startup_stm32h743xx.o(.text)
    TIM8_CC_IRQHandler                       0x08000357   Thumb Code     0  startup_stm32h743xx.o(.text)
    TIM8_TRG_COM_TIM14_IRQHandler            0x08000357   Thumb Code     0  startup_stm32h743xx.o(.text)
    TIM8_UP_TIM13_IRQHandler                 0x08000357   Thumb Code     0  startup_stm32h743xx.o(.text)
    UART4_IRQHandler                         0x08000357   Thumb Code     0  startup_stm32h743xx.o(.text)
    UART5_IRQHandler                         0x08000357   Thumb Code     0  startup_stm32h743xx.o(.text)
    UART7_IRQHandler                         0x08000357   Thumb Code     0  startup_stm32h743xx.o(.text)
    USART1_IRQHandler                        0x08000357   Thumb Code     0  startup_stm32h743xx.o(.text)
    USART3_IRQHandler                        0x08000357   Thumb Code     0  startup_stm32h743xx.o(.text)
    USART6_IRQHandler                        0x08000357   Thumb Code     0  startup_stm32h743xx.o(.text)
    WAKEUP_PIN_IRQHandler                    0x08000357   Thumb Code     0  startup_stm32h743xx.o(.text)
    WWDG_IRQHandler                          0x08000357   Thumb Code     0  startup_stm32h743xx.o(.text)
    __user_initial_stackheap                 0x08000359   Thumb Code     0  startup_stm32h743xx.o(.text)
    __aeabi_uldivmod                         0x08000381   Thumb Code     0  lludivv7m.o(.text)
    _ll_udiv                                 0x08000381   Thumb Code   238  lludivv7m.o(.text)
    __aeabi_memclr4                          0x0800046f   Thumb Code     0  rt_memclr_w.o(.text)
    __aeabi_memclr8                          0x0800046f   Thumb Code     0  rt_memclr_w.o(.text)
    __rt_memclr_w                            0x0800046f   Thumb Code    78  rt_memclr_w.o(.text)
    _memset_w                                0x08000473   Thumb Code     0  rt_memclr_w.o(.text)
    __use_two_region_memory                  0x080004bd   Thumb Code     2  heapauxi.o(.text)
    __rt_heap_escrow$2region                 0x080004bf   Thumb Code     2  heapauxi.o(.text)
    __rt_heap_expand$2region                 0x080004c1   Thumb Code     2  heapauxi.o(.text)
    __user_setup_stackheap                   0x080004c3   Thumb Code    74  sys_stackheap_outer.o(.text)
    exit                                     0x0800050d   Thumb Code    18  exit.o(.text)
    __user_libspace                          0x08000521   Thumb Code     8  libspace.o(.text)
    __user_perproc_libspace                  0x08000521   Thumb Code     0  libspace.o(.text)
    __user_perthread_libspace                0x08000521   Thumb Code     0  libspace.o(.text)
    _sys_exit                                0x08000529   Thumb Code     8  sys_exit.o(.text)
    __I$use$semihosting                      0x08000535   Thumb Code     0  use_no_semi.o(.text)
    __use_no_semihosting_swi                 0x08000535   Thumb Code     2  use_no_semi.o(.text)
    BusFault_Handler                         0x08000537   Thumb Code     2  stm32h7xx_it.o(i.BusFault_Handler)
    __semihosting_library_function           0x08000537   Thumb Code     0  indicate_semi.o(.text)
    DMA1_Stream0_IRQHandler                  0x08000539   Thumb Code     6  stm32h7xx_it.o(i.DMA1_Stream0_IRQHandler)
    DMA1_Stream1_IRQHandler                  0x08000545   Thumb Code     6  stm32h7xx_it.o(i.DMA1_Stream1_IRQHandler)
    DMA1_Stream2_IRQHandler                  0x08000551   Thumb Code     6  stm32h7xx_it.o(i.DMA1_Stream2_IRQHandler)
    DMA1_Stream3_IRQHandler                  0x0800055d   Thumb Code     6  stm32h7xx_it.o(i.DMA1_Stream3_IRQHandler)
    DMA1_Stream4_IRQHandler                  0x08000569   Thumb Code     6  stm32h7xx_it.o(i.DMA1_Stream4_IRQHandler)
    DMA1_Stream5_IRQHandler                  0x08000575   Thumb Code     6  stm32h7xx_it.o(i.DMA1_Stream5_IRQHandler)
    DMA1_Stream6_IRQHandler                  0x08000581   Thumb Code     6  stm32h7xx_it.o(i.DMA1_Stream6_IRQHandler)
    DMA2_Stream0_IRQHandler                  0x0800058d   Thumb Code     6  stm32h7xx_it.o(i.DMA2_Stream0_IRQHandler)
    DMA2_Stream1_IRQHandler                  0x08000599   Thumb Code     6  stm32h7xx_it.o(i.DMA2_Stream1_IRQHandler)
    DebugMon_Handler                         0x080007bd   Thumb Code     2  stm32h7xx_it.o(i.DebugMon_Handler)
    Error_Handler                            0x08000af5   Thumb Code     4  main.o(i.Error_Handler)
    ExitRun0Mode                             0x08000af9   Thumb Code    22  system_stm32h7xx.o(i.ExitRun0Mode)
    HAL_CRCEx_Polynomial_Set                 0x08000b15   Thumb Code    78  stm32h7xx_hal_crc_ex.o(i.HAL_CRCEx_Polynomial_Set)
    HAL_CRC_Init                             0x08000b65   Thumb Code   114  stm32h7xx_hal_crc.o(i.HAL_CRC_Init)
    HAL_CRC_MspInit                          0x08000bdd   Thumb Code    30  crc.o(i.HAL_CRC_MspInit)
    HAL_DMA_Abort                            0x08000c05   Thumb Code   836  stm32h7xx_hal_dma.o(i.HAL_DMA_Abort)
    HAL_DMA_Abort_IT                         0x08000f65   Thumb Code   602  stm32h7xx_hal_dma.o(i.HAL_DMA_Abort_IT)
    HAL_DMA_IRQHandler                       0x080011e9   Thumb Code  1756  stm32h7xx_hal_dma.o(i.HAL_DMA_IRQHandler)
    HAL_DMA_Init                             0x080018d1   Thumb Code   926  stm32h7xx_hal_dma.o(i.HAL_DMA_Init)
    HAL_ETH_Init                             0x08001c95   Thumb Code   422  stm32h7xx_hal_eth.o(i.HAL_ETH_Init)
    HAL_ETH_MspInit                          0x08001e49   Thumb Code   190  eth.o(i.HAL_ETH_MspInit)
    HAL_ETH_SetMDIOClockRange                0x08001f1d   Thumb Code    88  stm32h7xx_hal_eth.o(i.HAL_ETH_SetMDIOClockRange)
    HAL_GPIO_Init                            0x08001f95   Thumb Code   506  stm32h7xx_hal_gpio.o(i.HAL_GPIO_Init)
    HAL_GPIO_WritePin                        0x080021c1   Thumb Code    10  stm32h7xx_hal_gpio.o(i.HAL_GPIO_WritePin)
    HAL_GetREVID                             0x080021cd   Thumb Code     8  stm32h7xx_hal.o(i.HAL_GetREVID)
    HAL_GetTick                              0x080021d9   Thumb Code     6  stm32h7xx_hal.o(i.HAL_GetTick)
    HAL_IncTick                              0x080021e5   Thumb Code    12  stm32h7xx_hal.o(i.HAL_IncTick)
    HAL_Init                                 0x080021f5   Thumb Code    74  stm32h7xx_hal.o(i.HAL_Init)
    HAL_InitTick                             0x08002251   Thumb Code    56  stm32h7xx_hal.o(i.HAL_InitTick)
    HAL_MPU_ConfigRegion                     0x08002291   Thumb Code    86  stm32h7xx_hal_cortex.o(i.HAL_MPU_ConfigRegion)
    HAL_MPU_Disable                          0x080022ed   Thumb Code    24  stm32h7xx_hal_cortex.o(i.HAL_MPU_Disable)
    HAL_MPU_Enable                           0x08002309   Thumb Code    30  stm32h7xx_hal_cortex.o(i.HAL_MPU_Enable)
    HAL_MspInit                              0x0800232d   Thumb Code    28  stm32h7xx_hal_msp.o(i.HAL_MspInit)
    HAL_NVIC_EnableIRQ                       0x0800234d   Thumb Code    26  stm32h7xx_hal_cortex.o(i.HAL_NVIC_EnableIRQ)
    HAL_NVIC_SetPriority                     0x08002369   Thumb Code    60  stm32h7xx_hal_cortex.o(i.HAL_NVIC_SetPriority)
    HAL_NVIC_SetPriorityGrouping             0x080023a9   Thumb Code    28  stm32h7xx_hal_cortex.o(i.HAL_NVIC_SetPriorityGrouping)
    HAL_PWREx_ConfigSupply                   0x080023cd   Thumb Code    78  stm32h7xx_hal_pwr_ex.o(i.HAL_PWREx_ConfigSupply)
    HAL_PWR_EnableBkUpAccess                 0x08002421   Thumb Code    12  stm32h7xx_hal_pwr.o(i.HAL_PWR_EnableBkUpAccess)
    HAL_RCCEx_GetD3PCLK1Freq                 0x08002431   Thumb Code    26  stm32h7xx_hal_rcc_ex.o(i.HAL_RCCEx_GetD3PCLK1Freq)
    HAL_RCCEx_GetPLL2ClockFreq               0x08002455   Thumb Code   296  stm32h7xx_hal_rcc_ex.o(i.HAL_RCCEx_GetPLL2ClockFreq)
    HAL_RCCEx_GetPLL3ClockFreq               0x08002599   Thumb Code   296  stm32h7xx_hal_rcc_ex.o(i.HAL_RCCEx_GetPLL3ClockFreq)
    HAL_RCCEx_PeriphCLKConfig                0x080026dd   Thumb Code  2258  stm32h7xx_hal_rcc_ex.o(i.HAL_RCCEx_PeriphCLKConfig)
    HAL_RCC_ClockConfig                      0x08002fb1   Thumb Code   580  stm32h7xx_hal_rcc.o(i.HAL_RCC_ClockConfig)
    HAL_RCC_GetHCLKFreq                      0x0800320d   Thumb Code    52  stm32h7xx_hal_rcc.o(i.HAL_RCC_GetHCLKFreq)
    HAL_RCC_GetPCLK1Freq                     0x08003251   Thumb Code    26  stm32h7xx_hal_rcc.o(i.HAL_RCC_GetPCLK1Freq)
    HAL_RCC_GetPCLK2Freq                     0x08003275   Thumb Code    26  stm32h7xx_hal_rcc.o(i.HAL_RCC_GetPCLK2Freq)
    HAL_RCC_GetSysClockFreq                  0x08003299   Thumb Code   278  stm32h7xx_hal_rcc.o(i.HAL_RCC_GetSysClockFreq)
    HAL_RCC_OscConfig                        0x080033d1   Thumb Code  1322  stm32h7xx_hal_rcc.o(i.HAL_RCC_OscConfig)
    HAL_RTC_Init                             0x08003901   Thumb Code   144  stm32h7xx_hal_rtc.o(i.HAL_RTC_Init)
    HAL_RTC_MspInit                          0x08003995   Thumb Code    56  rtc.o(i.HAL_RTC_MspInit)
    HAL_RTC_SetAlarm                         0x080039d5   Thumb Code   392  stm32h7xx_hal_rtc.o(i.HAL_RTC_SetAlarm)
    HAL_RTC_SetDate                          0x08003b5d   Thumb Code   154  stm32h7xx_hal_rtc.o(i.HAL_RTC_SetDate)
    HAL_RTC_SetTime                          0x08003bfd   Thumb Code   202  stm32h7xx_hal_rtc.o(i.HAL_RTC_SetTime)
    HAL_RTC_WaitForSynchro                   0x08003ccd   Thumb Code    54  stm32h7xx_hal_rtc.o(i.HAL_RTC_WaitForSynchro)
    HAL_SPI_Init                             0x08003d05   Thumb Code   330  stm32h7xx_hal_spi.o(i.HAL_SPI_Init)
    HAL_SPI_MspInit                          0x08003e5d   Thumb Code   246  spi.o(i.HAL_SPI_MspInit)
    HAL_SYSCFG_ETHInterfaceSelect            0x08003f6d   Thumb Code    14  stm32h7xx_hal.o(i.HAL_SYSCFG_ETHInterfaceSelect)
    HAL_SYSTICK_Config                       0x08003f81   Thumb Code    38  stm32h7xx_hal_cortex.o(i.HAL_SYSTICK_Config)
    HAL_TIMEx_MasterConfigSynchronization    0x08003fa9   Thumb Code   134  stm32h7xx_hal_tim_ex.o(i.HAL_TIMEx_MasterConfigSynchronization)
    HAL_TIM_Base_Init                        0x0800404d   Thumb Code    98  stm32h7xx_hal_tim.o(i.HAL_TIM_Base_Init)
    HAL_TIM_Base_MspInit                     0x080040b1   Thumb Code    74  tim.o(i.HAL_TIM_Base_MspInit)
    HAL_TIM_ConfigClockSource                0x08004109   Thumb Code   248  stm32h7xx_hal_tim.o(i.HAL_TIM_ConfigClockSource)
    HAL_UARTEx_DisableFifoMode               0x08004205   Thumb Code    64  stm32h7xx_hal_uart_ex.o(i.HAL_UARTEx_DisableFifoMode)
    HAL_UARTEx_RxEventCallback               0x08004245   Thumb Code     2  stm32h7xx_hal_uart.o(i.HAL_UARTEx_RxEventCallback)
    HAL_UARTEx_RxFifoFullCallback            0x08004247   Thumb Code     2  stm32h7xx_hal_uart_ex.o(i.HAL_UARTEx_RxFifoFullCallback)
    HAL_UARTEx_SetRxFifoThreshold            0x08004249   Thumb Code    76  stm32h7xx_hal_uart_ex.o(i.HAL_UARTEx_SetRxFifoThreshold)
    HAL_UARTEx_SetTxFifoThreshold            0x08004295   Thumb Code    76  stm32h7xx_hal_uart_ex.o(i.HAL_UARTEx_SetTxFifoThreshold)
    HAL_UARTEx_TxFifoEmptyCallback           0x080042e1   Thumb Code     2  stm32h7xx_hal_uart_ex.o(i.HAL_UARTEx_TxFifoEmptyCallback)
    HAL_UARTEx_WakeupCallback                0x080042e3   Thumb Code     2  stm32h7xx_hal_uart_ex.o(i.HAL_UARTEx_WakeupCallback)
    HAL_UART_ErrorCallback                   0x080042e5   Thumb Code     2  stm32h7xx_hal_uart.o(i.HAL_UART_ErrorCallback)
    HAL_UART_IRQHandler                      0x080042e9   Thumb Code   838  stm32h7xx_hal_uart.o(i.HAL_UART_IRQHandler)
    HAL_UART_Init                            0x08004649   Thumb Code   106  stm32h7xx_hal_uart.o(i.HAL_UART_Init)
    HAL_UART_MspInit                         0x080046b5   Thumb Code  1314  usart.o(i.HAL_UART_MspInit)
    HAL_UART_TxCpltCallback                  0x08004bed   Thumb Code     2  stm32h7xx_hal_uart.o(i.HAL_UART_TxCpltCallback)
    HardFault_Handler                        0x08004bef   Thumb Code     2  stm32h7xx_it.o(i.HardFault_Handler)
    MX_CRC_Init                              0x08004bf1   Thumb Code    48  crc.o(i.MX_CRC_Init)
    MX_DMA_Init                              0x08004c29   Thumb Code   184  dma.o(i.MX_DMA_Init)
    MX_ETH_Init                              0x08004ce5   Thumb Code    88  eth.o(i.MX_ETH_Init)
    MX_GPIO_Init                             0x08004d51   Thumb Code   304  gpio.o(i.MX_GPIO_Init)
    MX_LPUART1_UART_Init                     0x08004e95   Thumb Code    92  usart.o(i.MX_LPUART1_UART_Init)
    MX_RTC_Init                              0x08004efd   Thumb Code   222  rtc.o(i.MX_RTC_Init)
    MX_SPI1_Init                             0x08004fe5   Thumb Code    80  spi.o(i.MX_SPI1_Init)
    MX_SPI2_Init                             0x0800503d   Thumb Code    88  spi.o(i.MX_SPI2_Init)
    MX_SPI4_Init                             0x0800509d   Thumb Code    90  spi.o(i.MX_SPI4_Init)
    MX_TIM2_Init                             0x08005101   Thumb Code    94  tim.o(i.MX_TIM2_Init)
    MX_TIM6_Init                             0x08005165   Thumb Code    60  tim.o(i.MX_TIM6_Init)
    MX_TIM7_Init                             0x080051a9   Thumb Code    60  tim.o(i.MX_TIM7_Init)
    MX_UART4_Init                            0x080051ed   Thumb Code    94  usart.o(i.MX_UART4_Init)
    MX_UART5_Init                            0x08005255   Thumb Code    94  usart.o(i.MX_UART5_Init)
    MX_UART7_Init                            0x080052bd   Thumb Code    94  usart.o(i.MX_UART7_Init)
    MX_UART8_Init                            0x08005325   Thumb Code    94  usart.o(i.MX_UART8_Init)
    MX_USART1_UART_Init                      0x0800538d   Thumb Code    94  usart.o(i.MX_USART1_UART_Init)
    MX_USART2_UART_Init                      0x080053f5   Thumb Code    94  usart.o(i.MX_USART2_UART_Init)
    MX_USART3_UART_Init                      0x0800545d   Thumb Code    94  usart.o(i.MX_USART3_UART_Init)
    MX_USART6_UART_Init                      0x080054c5   Thumb Code    94  usart.o(i.MX_USART6_UART_Init)
    MemManage_Handler                        0x0800552d   Thumb Code     2  stm32h7xx_it.o(i.MemManage_Handler)
    NMI_Handler                              0x0800552f   Thumb Code     2  stm32h7xx_it.o(i.NMI_Handler)
    PendSV_Handler                           0x08005531   Thumb Code     2  stm32h7xx_it.o(i.PendSV_Handler)
    PeriphCommonClock_Config                 0x08005533   Thumb Code    64  main.o(i.PeriphCommonClock_Config)
    RTC_ByteToBcd2                           0x080057b5   Thumb Code    24  stm32h7xx_hal_rtc.o(i.RTC_ByteToBcd2)
    RTC_EnterInitMode                        0x080057cd   Thumb Code    70  stm32h7xx_hal_rtc.o(i.RTC_EnterInitMode)
    RTC_ExitInitMode                         0x08005815   Thumb Code    78  stm32h7xx_hal_rtc.o(i.RTC_ExitInitMode)
    SVC_Handler                              0x08005869   Thumb Code     2  stm32h7xx_it.o(i.SVC_Handler)
    SysTick_Handler                          0x0800586b   Thumb Code     4  stm32h7xx_it.o(i.SysTick_Handler)
    SystemClock_Config                       0x08005871   Thumb Code   174  main.o(i.SystemClock_Config)
    SystemInit                               0x0800592d   Thumb Code   206  system_stm32h7xx.o(i.SystemInit)
    TIM_Base_SetConfig                       0x08005a25   Thumb Code   162  stm32h7xx_hal_tim.o(i.TIM_Base_SetConfig)
    TIM_ETR_SetConfig                        0x08005ae9   Thumb Code    18  stm32h7xx_hal_tim.o(i.TIM_ETR_SetConfig)
    UART8_IRQHandler                         0x08005b59   Thumb Code     6  stm32h7xx_it.o(i.UART8_IRQHandler)
    UART_AdvFeatureConfig                    0x08005ba9   Thumb Code   200  stm32h7xx_hal_uart.o(i.UART_AdvFeatureConfig)
    UART_CheckIdleState                      0x08005c71   Thumb Code    96  stm32h7xx_hal_uart.o(i.UART_CheckIdleState)
    UART_SetConfig                           0x08005d39   Thumb Code   876  stm32h7xx_hal_uart.o(i.UART_SetConfig)
    UART_WaitOnFlagUntilTimeout              0x080060e5   Thumb Code   202  stm32h7xx_hal_uart.o(i.UART_WaitOnFlagUntilTimeout)
    USART2_IRQHandler                        0x080061b1   Thumb Code     6  stm32h7xx_it.o(i.USART2_IRQHandler)
    UsageFault_Handler                       0x080061bd   Thumb Code     2  stm32h7xx_it.o(i.UsageFault_Handler)
    main                                     0x080061e1   Thumb Code   170  main.o(i.main)
    _fp_init                                 0x0800628b   Thumb Code    10  fpinit.o(x$fpl$fpinit)
    __fplib_config_fpu_vfp                   0x08006293   Thumb Code     0  fpinit.o(x$fpl$fpinit)
    __fplib_config_pureend_doubles           0x08006293   Thumb Code     0  fpinit.o(x$fpl$fpinit)
    UARTPrescTable                           0x0800629c   Data          24  stm32h7xx_hal_uart.o(.constdata)
    D1CorePrescTable                         0x080062c4   Data          16  system_stm32h7xx.o(.constdata)
    Region$$Table$$Base                      0x080062d4   Number         0  anon$$obj.o(Region$$Table)
    Region$$Table$$Limit                     0x080062f4   Number         0  anon$$obj.o(Region$$Table)
    uwTickFreq                               0x24000008   Data           1  stm32h7xx_hal.o(.data)
    uwTickPrio                               0x2400000c   Data           4  stm32h7xx_hal.o(.data)
    uwTick                                   0x24000010   Data           4  stm32h7xx_hal.o(.data)
    SystemCoreClock                          0x24000014   Data           4  system_stm32h7xx.o(.data)
    SystemD2Clock                            0x24000018   Data           4  system_stm32h7xx.o(.data)
    hcrc                                     0x2400001c   Data          36  crc.o(.bss)
    TxConfig                                 0x24000040   Data          56  eth.o(.bss)
    heth                                     0x24000078   Data         176  eth.o(.bss)
    hlpuart1                                 0x24000128   Data         144  usart.o(.bss)
    huart4                                   0x240001b8   Data         144  usart.o(.bss)
    huart5                                   0x24000248   Data         144  usart.o(.bss)
    huart7                                   0x240002d8   Data         144  usart.o(.bss)
    huart8                                   0x24000368   Data         144  usart.o(.bss)
    huart1                                   0x240003f8   Data         144  usart.o(.bss)
    huart2                                   0x24000488   Data         144  usart.o(.bss)
    huart3                                   0x24000518   Data         144  usart.o(.bss)
    huart6                                   0x240005a8   Data         144  usart.o(.bss)
    hdma_uart4_rx                            0x24000638   Data         120  usart.o(.bss)
    hdma_uart5_rx                            0x240006b0   Data         120  usart.o(.bss)
    hdma_uart7_rx                            0x24000728   Data         120  usart.o(.bss)
    hdma_uart8_rx                            0x240007a0   Data         120  usart.o(.bss)
    hdma_uart8_tx                            0x24000818   Data         120  usart.o(.bss)
    hdma_usart1_rx                           0x24000890   Data         120  usart.o(.bss)
    hdma_usart2_rx                           0x24000908   Data         120  usart.o(.bss)
    hdma_usart3_rx                           0x24000980   Data         120  usart.o(.bss)
    hdma_usart6_rx                           0x240009f8   Data         120  usart.o(.bss)
    hrtc                                     0x24000a70   Data          36  rtc.o(.bss)
    hspi1                                    0x24000a94   Data         136  spi.o(.bss)
    hspi2                                    0x24000b1c   Data         136  spi.o(.bss)
    hspi4                                    0x24000ba4   Data         136  spi.o(.bss)
    htim2                                    0x24000c2c   Data          76  tim.o(.bss)
    htim6                                    0x24000c78   Data          76  tim.o(.bss)
    htim7                                    0x24000cc4   Data          76  tim.o(.bss)
    __libspace_start                         0x24000d10   Data          96  libspace.o(.bss)
    __temporary_stack_top$libspace           0x24000d70   Data           0  libspace.o(.bss)
    DMARxDscrTab                             0x30000000   Data          96  eth.o(.ARM.__AT_0x30000000)
    DMATxDscrTab                             0x30000080   Data          96  eth.o(.ARM.__AT_0x30000080)



==============================================================================

Memory Map of the image

  Image Entry point : 0x08000299

  Load Region LR_IROM1 (Base: 0x08000000, Size: 0x00006310, Max: 0x00200000, ABSOLUTE)

    Execution Region ER_IROM1 (Exec base: 0x08000000, Load base: 0x08000000, Size: 0x000062f4, Max: 0x00200000, ABSOLUTE)

    Exec Addr    Load Addr    Size         Type   Attr      Idx    E Section Name        Object

    0x08000000   0x08000000   0x00000298   Data   RO            3    RESET               startup_stm32h743xx.o
    0x08000298   0x08000298   0x00000008   Code   RO         6075  * !!!main             c_w.l(__main.o)
    0x080002a0   0x080002a0   0x00000034   Code   RO         6244    !!!scatter          c_w.l(__scatter.o)
    0x080002d4   0x080002d4   0x0000001a   Code   RO         6246    !!handler_copy      c_w.l(__scatter_copy.o)
    0x080002ee   0x080002ee   0x00000002   PAD
    0x080002f0   0x080002f0   0x0000001c   Code   RO         6248    !!handler_zi        c_w.l(__scatter_zi.o)
    0x0800030c   0x0800030c   0x00000002   Code   RO         6112    .ARM.Collect$$libinit$$00000000  c_w.l(libinit.o)
    0x0800030e   0x0800030e   0x00000004   Code   RO         6124    .ARM.Collect$$libinit$$00000001  c_w.l(libinit2.o)
    0x08000312   0x08000312   0x00000000   Code   RO         6127    .ARM.Collect$$libinit$$00000004  c_w.l(libinit2.o)
    0x08000312   0x08000312   0x00000000   Code   RO         6130    .ARM.Collect$$libinit$$0000000A  c_w.l(libinit2.o)
    0x08000312   0x08000312   0x00000000   Code   RO         6132    .ARM.Collect$$libinit$$0000000C  c_w.l(libinit2.o)
    0x08000312   0x08000312   0x00000000   Code   RO         6134    .ARM.Collect$$libinit$$0000000E  c_w.l(libinit2.o)
    0x08000312   0x08000312   0x00000000   Code   RO         6137    .ARM.Collect$$libinit$$00000011  c_w.l(libinit2.o)
    0x08000312   0x08000312   0x00000000   Code   RO         6139    .ARM.Collect$$libinit$$00000013  c_w.l(libinit2.o)
    0x08000312   0x08000312   0x00000000   Code   RO         6141    .ARM.Collect$$libinit$$00000015  c_w.l(libinit2.o)
    0x08000312   0x08000312   0x00000000   Code   RO         6143    .ARM.Collect$$libinit$$00000017  c_w.l(libinit2.o)
    0x08000312   0x08000312   0x00000000   Code   RO         6145    .ARM.Collect$$libinit$$00000019  c_w.l(libinit2.o)
    0x08000312   0x08000312   0x00000000   Code   RO         6147    .ARM.Collect$$libinit$$0000001B  c_w.l(libinit2.o)
    0x08000312   0x08000312   0x00000000   Code   RO         6149    .ARM.Collect$$libinit$$0000001D  c_w.l(libinit2.o)
    0x08000312   0x08000312   0x00000000   Code   RO         6151    .ARM.Collect$$libinit$$0000001F  c_w.l(libinit2.o)
    0x08000312   0x08000312   0x00000000   Code   RO         6153    .ARM.Collect$$libinit$$00000021  c_w.l(libinit2.o)
    0x08000312   0x08000312   0x00000000   Code   RO         6155    .ARM.Collect$$libinit$$00000023  c_w.l(libinit2.o)
    0x08000312   0x08000312   0x00000000   Code   RO         6157    .ARM.Collect$$libinit$$00000025  c_w.l(libinit2.o)
    0x08000312   0x08000312   0x00000000   Code   RO         6161    .ARM.Collect$$libinit$$0000002C  c_w.l(libinit2.o)
    0x08000312   0x08000312   0x00000000   Code   RO         6163    .ARM.Collect$$libinit$$0000002E  c_w.l(libinit2.o)
    0x08000312   0x08000312   0x00000000   Code   RO         6165    .ARM.Collect$$libinit$$00000030  c_w.l(libinit2.o)
    0x08000312   0x08000312   0x00000000   Code   RO         6167    .ARM.Collect$$libinit$$00000032  c_w.l(libinit2.o)
    0x08000312   0x08000312   0x00000002   Code   RO         6168    .ARM.Collect$$libinit$$00000033  c_w.l(libinit2.o)
    0x08000314   0x08000314   0x00000002   Code   RO         6199    .ARM.Collect$$libshutdown$$00000000  c_w.l(libshutdown.o)
    0x08000316   0x08000316   0x00000000   Code   RO         6225    .ARM.Collect$$libshutdown$$00000002  c_w.l(libshutdown2.o)
    0x08000316   0x08000316   0x00000000   Code   RO         6227    .ARM.Collect$$libshutdown$$00000004  c_w.l(libshutdown2.o)
    0x08000316   0x08000316   0x00000000   Code   RO         6229    .ARM.Collect$$libshutdown$$00000006  c_w.l(libshutdown2.o)
    0x08000316   0x08000316   0x00000000   Code   RO         6232    .ARM.Collect$$libshutdown$$00000009  c_w.l(libshutdown2.o)
    0x08000316   0x08000316   0x00000000   Code   RO         6235    .ARM.Collect$$libshutdown$$0000000C  c_w.l(libshutdown2.o)
    0x08000316   0x08000316   0x00000000   Code   RO         6237    .ARM.Collect$$libshutdown$$0000000E  c_w.l(libshutdown2.o)
    0x08000316   0x08000316   0x00000000   Code   RO         6240    .ARM.Collect$$libshutdown$$00000011  c_w.l(libshutdown2.o)
    0x08000316   0x08000316   0x00000002   Code   RO         6241    .ARM.Collect$$libshutdown$$00000012  c_w.l(libshutdown2.o)
    0x08000318   0x08000318   0x00000000   Code   RO         6077    .ARM.Collect$$rtentry$$00000000  c_w.l(__rtentry.o)
    0x08000318   0x08000318   0x00000000   Code   RO         6083    .ARM.Collect$$rtentry$$00000002  c_w.l(__rtentry2.o)
    0x08000318   0x08000318   0x00000006   Code   RO         6095    .ARM.Collect$$rtentry$$00000004  c_w.l(__rtentry4.o)
    0x0800031e   0x0800031e   0x00000000   Code   RO         6085    .ARM.Collect$$rtentry$$00000009  c_w.l(__rtentry2.o)
    0x0800031e   0x0800031e   0x00000004   Code   RO         6086    .ARM.Collect$$rtentry$$0000000A  c_w.l(__rtentry2.o)
    0x08000322   0x08000322   0x00000000   Code   RO         6088    .ARM.Collect$$rtentry$$0000000C  c_w.l(__rtentry2.o)
    0x08000322   0x08000322   0x00000008   Code   RO         6089    .ARM.Collect$$rtentry$$0000000D  c_w.l(__rtentry2.o)
    0x0800032a   0x0800032a   0x00000002   Code   RO         6116    .ARM.Collect$$rtexit$$00000000  c_w.l(rtexit.o)
    0x0800032c   0x0800032c   0x00000000   Code   RO         6172    .ARM.Collect$$rtexit$$00000002  c_w.l(rtexit2.o)
    0x0800032c   0x0800032c   0x00000004   Code   RO         6173    .ARM.Collect$$rtexit$$00000003  c_w.l(rtexit2.o)
    0x08000330   0x08000330   0x00000006   Code   RO         6174    .ARM.Collect$$rtexit$$00000004  c_w.l(rtexit2.o)
    0x08000336   0x08000336   0x00000002   PAD
    0x08000338   0x08000338   0x00000048   Code   RO            4    .text               startup_stm32h743xx.o
    0x08000380   0x08000380   0x000000ee   Code   RO         6069    .text               c_w.l(lludivv7m.o)
    0x0800046e   0x0800046e   0x0000004e   Code   RO         6071    .text               c_w.l(rt_memclr_w.o)
    0x080004bc   0x080004bc   0x00000006   Code   RO         6073    .text               c_w.l(heapauxi.o)
    0x080004c2   0x080004c2   0x0000004a   Code   RO         6099    .text               c_w.l(sys_stackheap_outer.o)
    0x0800050c   0x0800050c   0x00000012   Code   RO         6101    .text               c_w.l(exit.o)
    0x0800051e   0x0800051e   0x00000002   PAD
    0x08000520   0x08000520   0x00000008   Code   RO         6113    .text               c_w.l(libspace.o)
    0x08000528   0x08000528   0x0000000c   Code   RO         6169    .text               c_w.l(sys_exit.o)
    0x08000534   0x08000534   0x00000002   Code   RO         6188    .text               c_w.l(use_no_semi.o)
    0x08000536   0x08000536   0x00000000   Code   RO         6190    .text               c_w.l(indicate_semi.o)
    0x08000536   0x08000536   0x00000002   Code   RO          603    i.BusFault_Handler  stm32h7xx_it.o
    0x08000538   0x08000538   0x0000000c   Code   RO          604    i.DMA1_Stream0_IRQHandler  stm32h7xx_it.o
    0x08000544   0x08000544   0x0000000c   Code   RO          605    i.DMA1_Stream1_IRQHandler  stm32h7xx_it.o
    0x08000550   0x08000550   0x0000000c   Code   RO          606    i.DMA1_Stream2_IRQHandler  stm32h7xx_it.o
    0x0800055c   0x0800055c   0x0000000c   Code   RO          607    i.DMA1_Stream3_IRQHandler  stm32h7xx_it.o
    0x08000568   0x08000568   0x0000000c   Code   RO          608    i.DMA1_Stream4_IRQHandler  stm32h7xx_it.o
    0x08000574   0x08000574   0x0000000c   Code   RO          609    i.DMA1_Stream5_IRQHandler  stm32h7xx_it.o
    0x08000580   0x08000580   0x0000000c   Code   RO          610    i.DMA1_Stream6_IRQHandler  stm32h7xx_it.o
    0x0800058c   0x0800058c   0x0000000c   Code   RO          611    i.DMA2_Stream0_IRQHandler  stm32h7xx_it.o
    0x08000598   0x08000598   0x0000000c   Code   RO          612    i.DMA2_Stream1_IRQHandler  stm32h7xx_it.o
    0x080005a4   0x080005a4   0x000000b4   Code   RO         1658    i.DMA_CalcBaseAndBitshift  stm32h7xx_hal_dma.o
    0x08000658   0x08000658   0x0000009c   Code   RO         1659    i.DMA_CalcDMAMUXChannelBaseAndMask  stm32h7xx_hal_dma.o
    0x080006f4   0x080006f4   0x00000074   Code   RO         1660    i.DMA_CalcDMAMUXRequestGenBaseAndMask  stm32h7xx_hal_dma.o
    0x08000768   0x08000768   0x00000054   Code   RO         1661    i.DMA_CheckFifoParam  stm32h7xx_hal_dma.o
    0x080007bc   0x080007bc   0x00000002   Code   RO          613    i.DebugMon_Handler  stm32h7xx_it.o
    0x080007be   0x080007be   0x000000d8   Code   RO         3265    i.ETH_MACDMAConfig  stm32h7xx_hal_eth.o
    0x08000896   0x08000896   0x00000002   PAD
    0x08000898   0x08000898   0x000000b4   Code   RO         3267    i.ETH_SetDMAConfig  stm32h7xx_hal_eth.o
    0x0800094c   0x0800094c   0x000001a8   Code   RO         3268    i.ETH_SetMACConfig  stm32h7xx_hal_eth.o
    0x08000af4   0x08000af4   0x00000004   Code   RO           13    i.Error_Handler     main.o
    0x08000af8   0x08000af8   0x0000001c   Code   RO         6027    i.ExitRun0Mode      system_stm32h7xx.o
    0x08000b14   0x08000b14   0x0000004e   Code   RO          982    i.HAL_CRCEx_Polynomial_Set  stm32h7xx_hal_crc_ex.o
    0x08000b62   0x08000b62   0x00000002   PAD
    0x08000b64   0x08000b64   0x00000078   Code   RO          916    i.HAL_CRC_Init      stm32h7xx_hal_crc.o
    0x08000bdc   0x08000bdc   0x00000028   Code   RO          252    i.HAL_CRC_MspInit   crc.o
    0x08000c04   0x08000c04   0x00000360   Code   RO         1663    i.HAL_DMA_Abort     stm32h7xx_hal_dma.o
    0x08000f64   0x08000f64   0x00000284   Code   RO         1664    i.HAL_DMA_Abort_IT  stm32h7xx_hal_dma.o
    0x080011e8   0x080011e8   0x000006e8   Code   RO         1668    i.HAL_DMA_IRQHandler  stm32h7xx_hal_dma.o
    0x080018d0   0x080018d0   0x000003c4   Code   RO         1669    i.HAL_DMA_Init      stm32h7xx_hal_dma.o
    0x08001c94   0x08001c94   0x000001b4   Code   RO         3285    i.HAL_ETH_Init      stm32h7xx_hal_eth.o
    0x08001e48   0x08001e48   0x000000d4   Code   RO          318    i.HAL_ETH_MspInit   eth.o
    0x08001f1c   0x08001f1c   0x00000078   Code   RO         3302    i.HAL_ETH_SetMDIOClockRange  stm32h7xx_hal_eth.o
    0x08001f94   0x08001f94   0x0000022c   Code   RO         1511    i.HAL_GPIO_Init     stm32h7xx_hal_gpio.o
    0x080021c0   0x080021c0   0x0000000a   Code   RO         1515    i.HAL_GPIO_WritePin  stm32h7xx_hal_gpio.o
    0x080021ca   0x080021ca   0x00000002   PAD
    0x080021cc   0x080021cc   0x0000000c   Code   RO         2383    i.HAL_GetREVID      stm32h7xx_hal.o
    0x080021d8   0x080021d8   0x0000000c   Code   RO         2384    i.HAL_GetTick       stm32h7xx_hal.o
    0x080021e4   0x080021e4   0x00000010   Code   RO         2390    i.HAL_IncTick       stm32h7xx_hal.o
    0x080021f4   0x080021f4   0x0000005c   Code   RO         2391    i.HAL_Init          stm32h7xx_hal.o
    0x08002250   0x08002250   0x00000040   Code   RO         2392    i.HAL_InitTick      stm32h7xx_hal.o
    0x08002290   0x08002290   0x0000005c   Code   RO          770    i.HAL_MPU_ConfigRegion  stm32h7xx_hal_cortex.o
    0x080022ec   0x080022ec   0x0000001c   Code   RO          771    i.HAL_MPU_Disable   stm32h7xx_hal_cortex.o
    0x08002308   0x08002308   0x00000024   Code   RO          772    i.HAL_MPU_Enable    stm32h7xx_hal_cortex.o
    0x0800232c   0x0800232c   0x00000020   Code   RO          745    i.HAL_MspInit       stm32h7xx_hal_msp.o
    0x0800234c   0x0800234c   0x0000001a   Code   RO          775    i.HAL_NVIC_EnableIRQ  stm32h7xx_hal_cortex.o
    0x08002366   0x08002366   0x00000002   PAD
    0x08002368   0x08002368   0x00000040   Code   RO          781    i.HAL_NVIC_SetPriority  stm32h7xx_hal_cortex.o
    0x080023a8   0x080023a8   0x00000024   Code   RO          782    i.HAL_NVIC_SetPriorityGrouping  stm32h7xx_hal_cortex.o
    0x080023cc   0x080023cc   0x00000054   Code   RO         2112    i.HAL_PWREx_ConfigSupply  stm32h7xx_hal_pwr_ex.o
    0x08002420   0x08002420   0x00000010   Code   RO         1994    i.HAL_PWR_EnableBkUpAccess  stm32h7xx_hal_pwr.o
    0x08002430   0x08002430   0x00000024   Code   RO         1132    i.HAL_RCCEx_GetD3PCLK1Freq  stm32h7xx_hal_rcc_ex.o
    0x08002454   0x08002454   0x00000144   Code   RO         1134    i.HAL_RCCEx_GetPLL2ClockFreq  stm32h7xx_hal_rcc_ex.o
    0x08002598   0x08002598   0x00000144   Code   RO         1135    i.HAL_RCCEx_GetPLL3ClockFreq  stm32h7xx_hal_rcc_ex.o
    0x080026dc   0x080026dc   0x000008d2   Code   RO         1141    i.HAL_RCCEx_PeriphCLKConfig  stm32h7xx_hal_rcc_ex.o
    0x08002fae   0x08002fae   0x00000002   PAD
    0x08002fb0   0x08002fb0   0x0000025c   Code   RO         1017    i.HAL_RCC_ClockConfig  stm32h7xx_hal_rcc.o
    0x0800320c   0x0800320c   0x00000044   Code   RO         1022    i.HAL_RCC_GetHCLKFreq  stm32h7xx_hal_rcc.o
    0x08003250   0x08003250   0x00000024   Code   RO         1024    i.HAL_RCC_GetPCLK1Freq  stm32h7xx_hal_rcc.o
    0x08003274   0x08003274   0x00000024   Code   RO         1025    i.HAL_RCC_GetPCLK2Freq  stm32h7xx_hal_rcc.o
    0x08003298   0x08003298   0x00000138   Code   RO         1026    i.HAL_RCC_GetSysClockFreq  stm32h7xx_hal_rcc.o
    0x080033d0   0x080033d0   0x00000530   Code   RO         1029    i.HAL_RCC_OscConfig  stm32h7xx_hal_rcc.o
    0x08003900   0x08003900   0x00000094   Code   RO         4280    i.HAL_RTC_Init      stm32h7xx_hal_rtc.o
    0x08003994   0x08003994   0x00000040   Code   RO          454    i.HAL_RTC_MspInit   rtc.o
    0x080039d4   0x080039d4   0x00000188   Code   RO         4284    i.HAL_RTC_SetAlarm  stm32h7xx_hal_rtc.o
    0x08003b5c   0x08003b5c   0x000000a0   Code   RO         4286    i.HAL_RTC_SetDate   stm32h7xx_hal_rtc.o
    0x08003bfc   0x08003bfc   0x000000d0   Code   RO         4287    i.HAL_RTC_SetTime   stm32h7xx_hal_rtc.o
    0x08003ccc   0x08003ccc   0x00000036   Code   RO         4288    i.HAL_RTC_WaitForSynchro  stm32h7xx_hal_rtc.o
    0x08003d02   0x08003d02   0x00000002   PAD
    0x08003d04   0x08003d04   0x00000158   Code   RO         4708    i.HAL_SPI_Init      stm32h7xx_hal_spi.o
    0x08003e5c   0x08003e5c   0x00000110   Code   RO          496    i.HAL_SPI_MspInit   spi.o
    0x08003f6c   0x08003f6c   0x00000014   Code   RO         2403    i.HAL_SYSCFG_ETHInterfaceSelect  stm32h7xx_hal.o
    0x08003f80   0x08003f80   0x00000026   Code   RO          786    i.HAL_SYSTICK_Config  stm32h7xx_hal_cortex.o
    0x08003fa6   0x08003fa6   0x00000002   PAD
    0x08003fa8   0x08003fa8   0x000000a4   Code   RO         5758    i.HAL_TIMEx_MasterConfigSynchronization  stm32h7xx_hal_tim_ex.o
    0x0800404c   0x0800404c   0x00000062   Code   RO         5022    i.HAL_TIM_Base_Init  stm32h7xx_hal_tim.o
    0x080040ae   0x080040ae   0x00000002   PAD
    0x080040b0   0x080040b0   0x00000058   Code   RO          550    i.HAL_TIM_Base_MspInit  tim.o
    0x08004108   0x08004108   0x000000fc   Code   RO         5031    i.HAL_TIM_ConfigClockSource  stm32h7xx_hal_tim.o
    0x08004204   0x08004204   0x00000040   Code   RO         4160    i.HAL_UARTEx_DisableFifoMode  stm32h7xx_hal_uart_ex.o
    0x08004244   0x08004244   0x00000002   Code   RO         3749    i.HAL_UARTEx_RxEventCallback  stm32h7xx_hal_uart.o
    0x08004246   0x08004246   0x00000002   Code   RO         4167    i.HAL_UARTEx_RxFifoFullCallback  stm32h7xx_hal_uart_ex.o
    0x08004248   0x08004248   0x0000004c   Code   RO         4168    i.HAL_UARTEx_SetRxFifoThreshold  stm32h7xx_hal_uart_ex.o
    0x08004294   0x08004294   0x0000004c   Code   RO         4169    i.HAL_UARTEx_SetTxFifoThreshold  stm32h7xx_hal_uart_ex.o
    0x080042e0   0x080042e0   0x00000002   Code   RO         4171    i.HAL_UARTEx_TxFifoEmptyCallback  stm32h7xx_hal_uart_ex.o
    0x080042e2   0x080042e2   0x00000002   Code   RO         4172    i.HAL_UARTEx_WakeupCallback  stm32h7xx_hal_uart_ex.o
    0x080042e4   0x080042e4   0x00000002   Code   RO         3765    i.HAL_UART_ErrorCallback  stm32h7xx_hal_uart.o
    0x080042e6   0x080042e6   0x00000002   PAD
    0x080042e8   0x080042e8   0x00000360   Code   RO         3768    i.HAL_UART_IRQHandler  stm32h7xx_hal_uart.o
    0x08004648   0x08004648   0x0000006a   Code   RO         3769    i.HAL_UART_Init     stm32h7xx_hal_uart.o
    0x080046b2   0x080046b2   0x00000002   PAD
    0x080046b4   0x080046b4   0x00000538   Code   RO          364    i.HAL_UART_MspInit  usart.o
    0x08004bec   0x08004bec   0x00000002   Code   RO         3781    i.HAL_UART_TxCpltCallback  stm32h7xx_hal_uart.o
    0x08004bee   0x08004bee   0x00000002   Code   RO          614    i.HardFault_Handler  stm32h7xx_it.o
    0x08004bf0   0x08004bf0   0x00000038   Code   RO          253    i.MX_CRC_Init       crc.o
    0x08004c28   0x08004c28   0x000000bc   Code   RO          293    i.MX_DMA_Init       dma.o
    0x08004ce4   0x08004ce4   0x0000006c   Code   RO          319    i.MX_ETH_Init       eth.o
    0x08004d50   0x08004d50   0x00000144   Code   RO          227    i.MX_GPIO_Init      gpio.o
    0x08004e94   0x08004e94   0x00000068   Code   RO          365    i.MX_LPUART1_UART_Init  usart.o
    0x08004efc   0x08004efc   0x000000e8   Code   RO          455    i.MX_RTC_Init       rtc.o
    0x08004fe4   0x08004fe4   0x00000058   Code   RO          497    i.MX_SPI1_Init      spi.o
    0x0800503c   0x0800503c   0x00000060   Code   RO          498    i.MX_SPI2_Init      spi.o
    0x0800509c   0x0800509c   0x00000064   Code   RO          499    i.MX_SPI4_Init      spi.o
    0x08005100   0x08005100   0x00000064   Code   RO          551    i.MX_TIM2_Init      tim.o
    0x08005164   0x08005164   0x00000044   Code   RO          552    i.MX_TIM6_Init      tim.o
    0x080051a8   0x080051a8   0x00000044   Code   RO          553    i.MX_TIM7_Init      tim.o
    0x080051ec   0x080051ec   0x00000068   Code   RO          366    i.MX_UART4_Init     usart.o
    0x08005254   0x08005254   0x00000068   Code   RO          367    i.MX_UART5_Init     usart.o
    0x080052bc   0x080052bc   0x00000068   Code   RO          368    i.MX_UART7_Init     usart.o
    0x08005324   0x08005324   0x00000068   Code   RO          369    i.MX_UART8_Init     usart.o
    0x0800538c   0x0800538c   0x00000068   Code   RO          370    i.MX_USART1_UART_Init  usart.o
    0x080053f4   0x080053f4   0x00000068   Code   RO          371    i.MX_USART2_UART_Init  usart.o
    0x0800545c   0x0800545c   0x00000068   Code   RO          372    i.MX_USART3_UART_Init  usart.o
    0x080054c4   0x080054c4   0x00000068   Code   RO          373    i.MX_USART6_UART_Init  usart.o
    0x0800552c   0x0800552c   0x00000002   Code   RO          615    i.MemManage_Handler  stm32h7xx_it.o
    0x0800552e   0x0800552e   0x00000002   Code   RO          616    i.NMI_Handler       stm32h7xx_it.o
    0x08005530   0x08005530   0x00000002   Code   RO          617    i.PendSV_Handler    stm32h7xx_it.o
    0x08005532   0x08005532   0x00000040   Code   RO           14    i.PeriphCommonClock_Config  main.o
    0x08005572   0x08005572   0x00000002   PAD
    0x08005574   0x08005574   0x00000120   Code   RO         1144    i.RCCEx_PLL2_Config  stm32h7xx_hal_rcc_ex.o
    0x08005694   0x08005694   0x00000120   Code   RO         1145    i.RCCEx_PLL3_Config  stm32h7xx_hal_rcc_ex.o
    0x080057b4   0x080057b4   0x00000018   Code   RO         4290    i.RTC_ByteToBcd2    stm32h7xx_hal_rtc.o
    0x080057cc   0x080057cc   0x00000046   Code   RO         4291    i.RTC_EnterInitMode  stm32h7xx_hal_rtc.o
    0x08005812   0x08005812   0x00000002   PAD
    0x08005814   0x08005814   0x00000054   Code   RO         4292    i.RTC_ExitInitMode  stm32h7xx_hal_rtc.o
    0x08005868   0x08005868   0x00000002   Code   RO          618    i.SVC_Handler       stm32h7xx_it.o
    0x0800586a   0x0800586a   0x00000004   Code   RO          619    i.SysTick_Handler   stm32h7xx_it.o
    0x0800586e   0x0800586e   0x00000002   PAD
    0x08005870   0x08005870   0x000000bc   Code   RO           15    i.SystemClock_Config  main.o
    0x0800592c   0x0800592c   0x000000f8   Code   RO         6029    i.SystemInit        system_stm32h7xx.o
    0x08005a24   0x08005a24   0x000000c4   Code   RO         5115    i.TIM_Base_SetConfig  stm32h7xx_hal_tim.o
    0x08005ae8   0x08005ae8   0x00000012   Code   RO         5126    i.TIM_ETR_SetConfig  stm32h7xx_hal_tim.o
    0x08005afa   0x08005afa   0x00000002   PAD
    0x08005afc   0x08005afc   0x00000014   Code   RO         5127    i.TIM_ITRx_SetConfig  stm32h7xx_hal_tim.o
    0x08005b10   0x08005b10   0x00000022   Code   RO         5135    i.TIM_TI1_ConfigInputStage  stm32h7xx_hal_tim.o
    0x08005b32   0x08005b32   0x00000024   Code   RO         5137    i.TIM_TI2_ConfigInputStage  stm32h7xx_hal_tim.o
    0x08005b56   0x08005b56   0x00000002   PAD
    0x08005b58   0x08005b58   0x0000000c   Code   RO          620    i.UART8_IRQHandler  stm32h7xx_it.o
    0x08005b64   0x08005b64   0x00000044   Code   RO         4173    i.UARTEx_SetNbDataToProcess  stm32h7xx_hal_uart_ex.o
    0x08005ba8   0x08005ba8   0x000000c8   Code   RO         3783    i.UART_AdvFeatureConfig  stm32h7xx_hal_uart.o
    0x08005c70   0x08005c70   0x00000060   Code   RO         3784    i.UART_CheckIdleState  stm32h7xx_hal_uart.o
    0x08005cd0   0x08005cd0   0x00000014   Code   RO         3785    i.UART_DMAAbortOnError  stm32h7xx_hal_uart.o
    0x08005ce4   0x08005ce4   0x00000054   Code   RO         3795    i.UART_EndRxTransfer  stm32h7xx_hal_uart.o
    0x08005d38   0x08005d38   0x000003ac   Code   RO         3801    i.UART_SetConfig    stm32h7xx_hal_uart.o
    0x080060e4   0x080060e4   0x000000ca   Code   RO         3808    i.UART_WaitOnFlagUntilTimeout  stm32h7xx_hal_uart.o
    0x080061ae   0x080061ae   0x00000002   PAD
    0x080061b0   0x080061b0   0x0000000c   Code   RO          621    i.USART2_IRQHandler  stm32h7xx_it.o
    0x080061bc   0x080061bc   0x00000002   Code   RO          622    i.UsageFault_Handler  stm32h7xx_it.o
    0x080061be   0x080061be   0x00000022   Code   RO          788    i.__NVIC_SetPriority  stm32h7xx_hal_cortex.o
    0x080061e0   0x080061e0   0x000000aa   Code   RO           16    i.main              main.o
    0x0800628a   0x0800628a   0x0000000a   Code   RO         6184    x$fpl$fpinit        fz_wv.l(fpinit.o)
    0x08006294   0x08006294   0x00000008   Data   RO         1675    .constdata          stm32h7xx_hal_dma.o
    0x0800629c   0x0800629c   0x00000018   Data   RO         3809    .constdata          stm32h7xx_hal_uart.o
    0x080062b4   0x080062b4   0x00000010   Data   RO         4174    .constdata          stm32h7xx_hal_uart_ex.o
    0x080062c4   0x080062c4   0x00000010   Data   RO         6030    .constdata          system_stm32h7xx.o
    0x080062d4   0x080062d4   0x00000020   Data   RO         6242    Region$$Table       anon$$obj.o


    Execution Region RW_IRAM1 (Exec base: 0x20000000, Load base: 0x080062f4, Size: 0x00000000, Max: 0x00020000, ABSOLUTE)

    **** No section assigned to this execution region ****


    Execution Region RW_IRAM2 (Exec base: 0x24000000, Load base: 0x080062f4, Size: 0x00001370, Max: 0x00080000, ABSOLUTE)

    Exec Addr    Load Addr    Size         Type   Attr      Idx    E Section Name        Object

    0x24000000   0x080062f4   0x00000006   Data   RW          324    .data               eth.o
    0x24000006   0x080062fa   0x00000002   PAD
    0x24000008   0x080062fc   0x0000000c   Data   RW         2413    .data               stm32h7xx_hal.o
    0x24000014   0x08006308   0x00000008   Data   RW         6031    .data               system_stm32h7xx.o
    0x2400001c        -       0x00000024   Zero   RW          254    .bss                crc.o
    0x24000040        -       0x000000e8   Zero   RW          323    .bss                eth.o
    0x24000128        -       0x00000948   Zero   RW          374    .bss                usart.o
    0x24000a70        -       0x00000024   Zero   RW          456    .bss                rtc.o
    0x24000a94        -       0x00000198   Zero   RW          500    .bss                spi.o
    0x24000c2c        -       0x000000e4   Zero   RW          554    .bss                tim.o
    0x24000d10        -       0x00000060   Zero   RW         6114    .bss                c_w.l(libspace.o)
    0x24000d70        -       0x00000200   Zero   RW            2    HEAP                startup_stm32h743xx.o
    0x24000f70        -       0x00000400   Zero   RW            1    STACK               startup_stm32h743xx.o



  Load Region LR$$.ARM.__AT_0x30000000 (Base: 0x30000000, Size: 0x00000000, Max: 0x00000060, ABSOLUTE)

    Execution Region ER$$.ARM.__AT_0x30000000 (Exec base: 0x30000000, Load base: 0x30000000, Size: 0x00000060, Max: 0x00000060, ABSOLUTE, UNINIT)

    Exec Addr    Load Addr    Size         Type   Attr      Idx    E Section Name        Object

    0x30000000        -       0x00000060   Zero   RW          320    .ARM.__AT_0x30000000  eth.o



  Load Region LR$$.ARM.__AT_0x30000080 (Base: 0x30000080, Size: 0x00000000, Max: 0x00000060, ABSOLUTE)

    Execution Region ER$$.ARM.__AT_0x30000080 (Exec base: 0x30000080, Load base: 0x30000080, Size: 0x00000060, Max: 0x00000060, ABSOLUTE, UNINIT)

    Exec Addr    Load Addr    Size         Type   Attr      Idx    E Section Name        Object

    0x30000080        -       0x00000060   Zero   RW          321    .ARM.__AT_0x30000080  eth.o


==============================================================================

Image component sizes


      Code (inc. data)   RO Data    RW Data    ZI Data      Debug   Object Name

        96         18          0          0         36       1659   crc.o
       188          4          0          0          0        986   dma.o
       320         42          0          6        424       2171   eth.o
       324         20          0          0          0       1191   gpio.o
       426         14          0          0          0    1345359   main.o
       296         18          0          0         36       1919   rtc.o
       556         52          0          0        408       3331   spi.o
        72         30        664          0       1536        840   startup_stm32h743xx.o
       216         46          0         12          0      23356   stm32h7xx_hal.o
       354         28          0          0          0      41845   stm32h7xx_hal_cortex.o
       120          6          0          0          0       1271   stm32h7xx_hal_crc.o
        78          0          0          0          0       1387   stm32h7xx_hal_crc_ex.o
      4776        180          8          0          0       9771   stm32h7xx_hal_dma.o
      1376         66          0          0          0       6407   stm32h7xx_hal_eth.o
       566         50          0          0          0       2304   stm32h7xx_hal_gpio.o
        32          4          0          0          0        934   stm32h7xx_hal_msp.o
        16          4          0          0          0        543   stm32h7xx_hal_pwr.o
        84          6          0          0          0        785   stm32h7xx_hal_pwr_ex.o
      2384        108          0          0          0       7116   stm32h7xx_hal_rcc.o
      3518        112          0          0          0       7865   stm32h7xx_hal_rcc_ex.o
      1140         22          0          0          0       7514   stm32h7xx_hal_rtc.o
       344         14          0          0          0       1687   stm32h7xx_hal_spi.o
       654         50          0          0          0       6383   stm32h7xx_hal_tim.o
       164         30          0          0          0       1528   stm32h7xx_hal_tim_ex.o
      2518        138         24          0          0      29724   stm32h7xx_hal_uart.o
       290          6         16          0          0       5478   stm32h7xx_hal_uart_ex.o
       152         66          0          0          0       9307   stm32h7xx_it.o
       276         48         16          8          0       1989   system_stm32h7xx.o
       324         36          0          0        228       3020   tim.o
      2272        194          0          0       2376       8631   usart.o

    ----------------------------------------------------------------------
     23964       1412        760         28       5044    1536301   Object Totals
         0          0         32          0          0          0   (incl. Generated)
        32          0          0          2          0          0   (incl. Padding)

    ----------------------------------------------------------------------

      Code (inc. data)   RO Data    RW Data    ZI Data      Debug   Library Member Name

         8          0          0          0          0         68   __main.o
         0          0          0          0          0          0   __rtentry.o
        12          0          0          0          0          0   __rtentry2.o
         6          0          0          0          0          0   __rtentry4.o
        52          8          0          0          0          0   __scatter.o
        26          0          0          0          0          0   __scatter_copy.o
        28          0          0          0          0          0   __scatter_zi.o
        18          0          0          0          0         80   exit.o
         6          0          0          0          0        152   heapauxi.o
         0          0          0          0          0          0   indicate_semi.o
         2          0          0          0          0          0   libinit.o
         6          0          0          0          0          0   libinit2.o
         2          0          0          0          0          0   libshutdown.o
         2          0          0          0          0          0   libshutdown2.o
         8          4          0          0         96         68   libspace.o
       238          0          0          0          0        100   lludivv7m.o
        78          0          0          0          0         80   rt_memclr_w.o
         2          0          0          0          0          0   rtexit.o
        10          0          0          0          0          0   rtexit2.o
        12          4          0          0          0         68   sys_exit.o
        74          0          0          0          0         80   sys_stackheap_outer.o
         2          0          0          0          0         68   use_no_semi.o
        10          0          0          0          0        116   fpinit.o

    ----------------------------------------------------------------------
       608         16          0          0         96        880   Library Totals
         6          0          0          0          0          0   (incl. Padding)

    ----------------------------------------------------------------------

      Code (inc. data)   RO Data    RW Data    ZI Data      Debug   Library Name

       592         16          0          0         96        764   c_w.l
        10          0          0          0          0        116   fz_wv.l

    ----------------------------------------------------------------------
       608         16          0          0         96        880   Library Totals

    ----------------------------------------------------------------------

==============================================================================


      Code (inc. data)   RO Data    RW Data    ZI Data      Debug   

     24572       1428        760         28       5140    1524621   Grand Totals
     24572       1428        760         28       5140    1524621   ELF Image Totals
     24572       1428        760         28          0          0   ROM Totals

==============================================================================

    Total RO  Size (Code + RO Data)                25332 (  24.74kB)
    Total RW  Size (RW Data + ZI Data)              5168 (   5.05kB)
    Total ROM Size (Code + RO Data + RW Data)      25360 (  24.77kB)

==============================================================================

